Archive member included to satisfy reference by file (symbol)

../lab3_interrupt_software_bsp/\libhal_bsp.a(alt_iic.o)
                              obj/default/l3_proceedure.o (alt_ic_isr_register)
../lab3_interrupt_software_bsp/\libhal_bsp.a(alt_iic_isr_register.o)
                              ../lab3_interrupt_software_bsp/\libhal_bsp.a(alt_iic.o) (alt_iic_isr_register)
../lab3_interrupt_software_bsp/\libhal_bsp.a(alt_irq_entry.o)
                              ../lab3_interrupt_software_bsp/\libhal_bsp.a(alt_iic_isr_register.o) (alt_irq_entry)
../lab3_interrupt_software_bsp/\libhal_bsp.a(alt_irq_handler.o)
                              ../lab3_interrupt_software_bsp/\libhal_bsp.a(alt_iic_isr_register.o) (alt_irq)
../lab3_interrupt_software_bsp/\libhal_bsp.a(alt_irq_vars.o)
                              ../lab3_interrupt_software_bsp/\libhal_bsp.a(alt_iic.o) (alt_irq_active)
../lab3_interrupt_software_bsp/\libhal_bsp.a(alt_load.o)
                              ../lab3_interrupt_software_bsp//obj/HAL/src/crt0.o (alt_load)
../lab3_interrupt_software_bsp/\libhal_bsp.a(alt_main.o)
                              ../lab3_interrupt_software_bsp//obj/HAL/src/crt0.o (alt_main)
../lab3_interrupt_software_bsp/\libhal_bsp.a(alt_sys_init.o)
                              ../lab3_interrupt_software_bsp/\libhal_bsp.a(alt_main.o) (alt_irq_init)
../lab3_interrupt_software_bsp/\libhal_bsp.a(altera_avalon_jtag_uart_fd.o)
                              ../lab3_interrupt_software_bsp/\libhal_bsp.a(alt_sys_init.o) (altera_avalon_jtag_uart_read_fd)
../lab3_interrupt_software_bsp/\libhal_bsp.a(altera_avalon_jtag_uart_init.o)
                              ../lab3_interrupt_software_bsp/\libhal_bsp.a(alt_sys_init.o) (altera_avalon_jtag_uart_init)
../lab3_interrupt_software_bsp/\libhal_bsp.a(altera_avalon_jtag_uart_ioctl.o)
                              ../lab3_interrupt_software_bsp/\libhal_bsp.a(altera_avalon_jtag_uart_fd.o) (altera_avalon_jtag_uart_ioctl)
../lab3_interrupt_software_bsp/\libhal_bsp.a(altera_avalon_jtag_uart_read.o)
                              ../lab3_interrupt_software_bsp/\libhal_bsp.a(altera_avalon_jtag_uart_fd.o) (altera_avalon_jtag_uart_read)
../lab3_interrupt_software_bsp/\libhal_bsp.a(altera_avalon_jtag_uart_write.o)
                              ../lab3_interrupt_software_bsp/\libhal_bsp.a(altera_avalon_jtag_uart_fd.o) (altera_avalon_jtag_uart_write)
../lab3_interrupt_software_bsp/\libhal_bsp.a(altera_avalon_timer_sc.o)
                              ../lab3_interrupt_software_bsp/\libhal_bsp.a(alt_sys_init.o) (alt_avalon_timer_sc_init)
../lab3_interrupt_software_bsp/\libhal_bsp.a(alt_alarm_start.o)
                              ../lab3_interrupt_software_bsp/\libhal_bsp.a(altera_avalon_jtag_uart_init.o) (alt_alarm_start)
../lab3_interrupt_software_bsp/\libhal_bsp.a(alt_close.o)
                              ../lab3_interrupt_software_bsp/\libhal_bsp.a(alt_main.o) (close)
../lab3_interrupt_software_bsp/\libhal_bsp.a(alt_dcache_flush_all.o)
                              ../lab3_interrupt_software_bsp/\libhal_bsp.a(alt_load.o) (alt_dcache_flush_all)
../lab3_interrupt_software_bsp/\libhal_bsp.a(alt_dev.o)
                              ../lab3_interrupt_software_bsp/\libhal_bsp.a(alt_sys_init.o) (alt_dev_list)
../lab3_interrupt_software_bsp/\libhal_bsp.a(alt_dev_llist_insert.o)
                              ../lab3_interrupt_software_bsp/\libhal_bsp.a(alt_sys_init.o) (alt_dev_llist_insert)
../lab3_interrupt_software_bsp/\libhal_bsp.a(alt_do_ctors.o)
                              ../lab3_interrupt_software_bsp/\libhal_bsp.a(alt_main.o) (_do_ctors)
../lab3_interrupt_software_bsp/\libhal_bsp.a(alt_do_dtors.o)
                              ../lab3_interrupt_software_bsp/\libhal_bsp.a(alt_main.o) (_do_dtors)
../lab3_interrupt_software_bsp/\libhal_bsp.a(alt_errno.o)
                              ../lab3_interrupt_software_bsp/\libhal_bsp.a(alt_close.o) (alt_errno)
../lab3_interrupt_software_bsp/\libhal_bsp.a(alt_exception_entry.o)
                              ../lab3_interrupt_software_bsp/\libhal_bsp.a(alt_irq_entry.o) (alt_exception)
../lab3_interrupt_software_bsp/\libhal_bsp.a(alt_icache_flush_all.o)
                              ../lab3_interrupt_software_bsp/\libhal_bsp.a(alt_load.o) (alt_icache_flush_all)
../lab3_interrupt_software_bsp/\libhal_bsp.a(alt_instruction_exception_entry.o)
                              ../lab3_interrupt_software_bsp/\libhal_bsp.a(alt_exception_entry.o) (alt_instruction_exception_entry)
../lab3_interrupt_software_bsp/\libhal_bsp.a(alt_io_redirect.o)
                              ../lab3_interrupt_software_bsp/\libhal_bsp.a(alt_main.o) (alt_io_redirect)
../lab3_interrupt_software_bsp/\libhal_bsp.a(alt_open.o)
                              ../lab3_interrupt_software_bsp/\libhal_bsp.a(alt_io_redirect.o) (open)
../lab3_interrupt_software_bsp/\libhal_bsp.a(alt_release_fd.o)
                              ../lab3_interrupt_software_bsp/\libhal_bsp.a(alt_close.o) (alt_release_fd)
../lab3_interrupt_software_bsp/\libhal_bsp.a(alt_tick.o)
                              ../lab3_interrupt_software_bsp/\libhal_bsp.a(altera_avalon_jtag_uart_init.o) (_alt_tick_rate)
../lab3_interrupt_software_bsp/\libhal_bsp.a(altera_nios2_gen2_irq.o)
                              ../lab3_interrupt_software_bsp/\libhal_bsp.a(alt_sys_init.o) (altera_nios2_gen2_irq_init)
../lab3_interrupt_software_bsp/\libhal_bsp.a(alt_find_dev.o)
                              ../lab3_interrupt_software_bsp/\libhal_bsp.a(alt_open.o) (alt_find_dev)
../lab3_interrupt_software_bsp/\libhal_bsp.a(alt_find_file.o)
                              ../lab3_interrupt_software_bsp/\libhal_bsp.a(alt_open.o) (alt_find_file)
../lab3_interrupt_software_bsp/\libhal_bsp.a(alt_get_fd.o)
                              ../lab3_interrupt_software_bsp/\libhal_bsp.a(alt_open.o) (alt_get_fd)
c:/intelfpga/18.1/nios2eds/bin/gnu/h-x86_64-mingw32/bin/../lib/gcc/nios2-elf/5.3.0/../../../../../H-x86_64-mingw32/nios2-elf/lib/mno-hw-mul\libc.a(lib_a-atexit.o)
                              ../lab3_interrupt_software_bsp/\libhal_bsp.a(alt_main.o) (atexit)
c:/intelfpga/18.1/nios2eds/bin/gnu/h-x86_64-mingw32/bin/../lib/gcc/nios2-elf/5.3.0/../../../../../H-x86_64-mingw32/nios2-elf/lib/mno-hw-mul\libc.a(lib_a-exit.o)
                              ../lab3_interrupt_software_bsp/\libhal_bsp.a(alt_main.o) (exit)
c:/intelfpga/18.1/nios2eds/bin/gnu/h-x86_64-mingw32/bin/../lib/gcc/nios2-elf/5.3.0/../../../../../H-x86_64-mingw32/nios2-elf/lib/mno-hw-mul\libc.a(lib_a-impure.o)
                              c:/intelfpga/18.1/nios2eds/bin/gnu/h-x86_64-mingw32/bin/../lib/gcc/nios2-elf/5.3.0/../../../../../H-x86_64-mingw32/nios2-elf/lib/mno-hw-mul\libc.a(lib_a-exit.o) (_global_impure_ptr)
c:/intelfpga/18.1/nios2eds/bin/gnu/h-x86_64-mingw32/bin/../lib/gcc/nios2-elf/5.3.0/../../../../../H-x86_64-mingw32/nios2-elf/lib/mno-hw-mul\libc.a(lib_a-int_errno.o)
                              ../lab3_interrupt_software_bsp/\libhal_bsp.a(alt_close.o) (errno)
c:/intelfpga/18.1/nios2eds/bin/gnu/h-x86_64-mingw32/bin/../lib/gcc/nios2-elf/5.3.0/../../../../../H-x86_64-mingw32/nios2-elf/lib/mno-hw-mul\libc.a(lib_a-memcmp.o)
                              ../lab3_interrupt_software_bsp/\libhal_bsp.a(alt_find_dev.o) (memcmp)
c:/intelfpga/18.1/nios2eds/bin/gnu/h-x86_64-mingw32/bin/../lib/gcc/nios2-elf/5.3.0/../../../../../H-x86_64-mingw32/nios2-elf/lib/mno-hw-mul\libc.a(lib_a-memcpy.o)
                              ../lab3_interrupt_software_bsp/\libhal_bsp.a(altera_avalon_jtag_uart_read.o) (memcpy)
c:/intelfpga/18.1/nios2eds/bin/gnu/h-x86_64-mingw32/bin/../lib/gcc/nios2-elf/5.3.0/../../../../../H-x86_64-mingw32/nios2-elf/lib/mno-hw-mul\libc.a(lib_a-strlen.o)
                              ../lab3_interrupt_software_bsp/\libhal_bsp.a(alt_find_dev.o) (strlen)
c:/intelfpga/18.1/nios2eds/bin/gnu/h-x86_64-mingw32/bin/../lib/gcc/nios2-elf/5.3.0/../../../../../H-x86_64-mingw32/nios2-elf/lib/mno-hw-mul\libc.a(lib_a-__atexit.o)
                              c:/intelfpga/18.1/nios2eds/bin/gnu/h-x86_64-mingw32/bin/../lib/gcc/nios2-elf/5.3.0/../../../../../H-x86_64-mingw32/nios2-elf/lib/mno-hw-mul\libc.a(lib_a-atexit.o) (__register_exitproc)
c:/intelfpga/18.1/nios2eds/bin/gnu/h-x86_64-mingw32/bin/../lib/gcc/nios2-elf/5.3.0/../../../../../H-x86_64-mingw32/nios2-elf/lib/mno-hw-mul\libc.a(lib_a-__call_atexit.o)
                              c:/intelfpga/18.1/nios2eds/bin/gnu/h-x86_64-mingw32/bin/../lib/gcc/nios2-elf/5.3.0/../../../../../H-x86_64-mingw32/nios2-elf/lib/mno-hw-mul\libc.a(lib_a-exit.o) (__call_exitprocs)
c:/intelfpga/18.1/nios2eds/bin/gnu/h-x86_64-mingw32/bin/../lib/gcc/nios2-elf/5.3.0/mno-hw-mul\libgcc.a(lib2-mul.o)
                              ../lab3_interrupt_software_bsp/\libhal_bsp.a(alt_close.o) (__mulsi3)
../lab3_interrupt_software_bsp/\libhal_bsp.a(alt_exit.o)
                              c:/intelfpga/18.1/nios2eds/bin/gnu/h-x86_64-mingw32/bin/../lib/gcc/nios2-elf/5.3.0/../../../../../H-x86_64-mingw32/nios2-elf/lib/mno-hw-mul\libc.a(lib_a-exit.o) (_exit)

Allocating common symbols
Common symbol       size              file

alt_irq             0x100             ../lab3_interrupt_software_bsp/\libhal_bsp.a(alt_irq_handler.o)
errno               0x4               c:/intelfpga/18.1/nios2eds/bin/gnu/h-x86_64-mingw32/bin/../lib/gcc/nios2-elf/5.3.0/../../../../../H-x86_64-mingw32/nios2-elf/lib/mno-hw-mul\libc.a(lib_a-int_errno.o)

Memory Configuration

Name             Origin             Length             Attributes
reset            0x0000000000008000 0x0000000000000020
onchip_memory2_0 0x0000000000008020 0x0000000000007ce0
*default*        0x0000000000000000 0xffffffffffffffff

Linker script and memory map

LOAD ../lab3_interrupt_software_bsp//obj/HAL/src/crt0.o
LOAD obj/default/l3_proceedure.o
LOAD c:/intelfpga/18.1/nios2eds/bin/gnu/h-x86_64-mingw32/bin/../lib/gcc/nios2-elf/5.3.0/../../../../../H-x86_64-mingw32/nios2-elf/lib/mno-hw-mul\libstdc++.a
LOAD c:/intelfpga/18.1/nios2eds/bin/gnu/h-x86_64-mingw32/bin/../lib/gcc/nios2-elf/5.3.0/../../../../../H-x86_64-mingw32/nios2-elf/lib/mno-hw-mul\libm.a
LOAD c:/intelfpga/18.1/nios2eds/bin/gnu/h-x86_64-mingw32/bin/../lib/gcc/nios2-elf/5.3.0/mno-hw-mul\libgcc.a
START GROUP
LOAD c:/intelfpga/18.1/nios2eds/bin/gnu/h-x86_64-mingw32/bin/../lib/gcc/nios2-elf/5.3.0/../../../../../H-x86_64-mingw32/nios2-elf/lib/mno-hw-mul\libc.a
LOAD c:/intelfpga/18.1/nios2eds/bin/gnu/h-x86_64-mingw32/bin/../lib/gcc/nios2-elf/5.3.0/mno-hw-mul\libgcc.a
LOAD ../lab3_interrupt_software_bsp/\libhal_bsp.a
LOAD c:/intelfpga/18.1/nios2eds/bin/gnu/h-x86_64-mingw32/bin/../lib/gcc/nios2-elf/5.3.0/../../../../../H-x86_64-mingw32/nios2-elf/lib/mno-hw-mul\libm.a
END GROUP
LOAD c:/intelfpga/18.1/nios2eds/bin/gnu/h-x86_64-mingw32/bin/../lib/gcc/nios2-elf/5.3.0/mno-hw-mul\libgcc.a
                0x0000000000008000                __alt_mem_onchip_memory2_0 = 0x8000

.entry          0x0000000000008000       0x20
 *(.entry)
 .entry         0x0000000000008000       0x20 ../lab3_interrupt_software_bsp//obj/HAL/src/crt0.o
                0x0000000000008000                __reset

.exceptions     0x0000000000008020      0x210
                0x0000000000008020                PROVIDE (__ram_exceptions_start, ABSOLUTE (.))
                0x0000000000008020                . = ALIGN (0x20)
 *(.irq)
 *(.exceptions.entry.label)
 .exceptions.entry.label
                0x0000000000008020        0x0 ../lab3_interrupt_software_bsp/\libhal_bsp.a(alt_irq_entry.o)
                0x0000000000008020                alt_irq_entry
 .exceptions.entry.label
                0x0000000000008020        0x0 ../lab3_interrupt_software_bsp/\libhal_bsp.a(alt_exception_entry.o)
                0x0000000000008020                alt_exception
 *(.exceptions.entry.user)
 *(.exceptions.entry.ecc_fatal)
 *(.exceptions.entry)
 .exceptions.entry
                0x0000000000008020       0x54 ../lab3_interrupt_software_bsp/\libhal_bsp.a(alt_exception_entry.o)
 *(.exceptions.irqtest.user)
 *(.exceptions.irqtest)
 .exceptions.irqtest
                0x0000000000008074       0x10 ../lab3_interrupt_software_bsp/\libhal_bsp.a(alt_irq_entry.o)
 *(.exceptions.irqhandler.user)
 *(.exceptions.irqhandler)
 .exceptions.irqhandler
                0x0000000000008084        0x4 ../lab3_interrupt_software_bsp/\libhal_bsp.a(alt_irq_entry.o)
 *(.exceptions.irqreturn.user)
 *(.exceptions.irqreturn)
 .exceptions.irqreturn
                0x0000000000008088        0x4 ../lab3_interrupt_software_bsp/\libhal_bsp.a(alt_irq_entry.o)
 *(.exceptions.notirq.label)
 .exceptions.notirq.label
                0x000000000000808c        0x0 ../lab3_interrupt_software_bsp/\libhal_bsp.a(alt_irq_entry.o)
 *(.exceptions.notirq.user)
 *(.exceptions.notirq)
 .exceptions.notirq
                0x000000000000808c        0x8 ../lab3_interrupt_software_bsp/\libhal_bsp.a(alt_exception_entry.o)
 *(.exceptions.soft.user)
 *(.exceptions.soft)
 *(.exceptions.unknown.user)
 *(.exceptions.unknown)
 .exceptions.unknown
                0x0000000000008094       0x14 ../lab3_interrupt_software_bsp/\libhal_bsp.a(alt_exception_entry.o)
 *(.exceptions.exit.label)
 .exceptions.exit.label
                0x00000000000080a8        0x0 ../lab3_interrupt_software_bsp/\libhal_bsp.a(alt_irq_entry.o)
 .exceptions.exit.label
                0x00000000000080a8        0x0 ../lab3_interrupt_software_bsp/\libhal_bsp.a(alt_exception_entry.o)
 *(.exceptions.exit.user)
 *(.exceptions.exit)
 .exceptions.exit
                0x00000000000080a8       0x54 ../lab3_interrupt_software_bsp/\libhal_bsp.a(alt_exception_entry.o)
 *(.exceptions)
 .exceptions    0x00000000000080fc       0xd4 ../lab3_interrupt_software_bsp/\libhal_bsp.a(alt_irq_handler.o)
                0x00000000000080fc                alt_irq_handler
 .exceptions    0x00000000000081d0       0x60 ../lab3_interrupt_software_bsp/\libhal_bsp.a(alt_instruction_exception_entry.o)
                0x00000000000081d0                alt_instruction_exception_entry
                0x0000000000008230                PROVIDE (__ram_exceptions_end, ABSOLUTE (.))
                0x0000000000008020                PROVIDE (__flash_exceptions_start, LOADADDR (.exceptions))

.text           0x0000000000008230     0x2530
                [!provide]                        PROVIDE (stext, ABSOLUTE (.))
 *(.interp)
 *(.hash)
 *(.dynsym)
 *(.dynstr)
 *(.gnu.version)
 *(.gnu.version_d)
 *(.gnu.version_r)
 *(.rel.init)
 *(.rela.init)
 *(.rel.text .rel.text.* .rel.gnu.linkonce.t.*)
 *(.rela.text .rela.text.* .rela.gnu.linkonce.t.*)
 *(.rel.fini)
 *(.rela.fini)
 *(.rel.rodata .rel.rodata.* .rel.gnu.linkonce.r.*)
 *(.rela.rodata .rela.rodata.* .rela.gnu.linkonce.r.*)
 *(.rel.data .rel.data.* .rel.gnu.linkonce.d.*)
 *(.rela.data .rela.data.* .rela.gnu.linkonce.d.*)
 *(.rel.tdata .rel.tdata.* .rel.gnu.linkonce.td.*)
 *(.rela.tdata .rela.tdata.* .rela.gnu.linkonce.td.*)
 *(.rel.tbss .rel.tbss.* .rel.gnu.linkonce.tb.*)
 *(.rela.tbss .rela.tbss.* .rela.gnu.linkonce.tb.*)
 *(.rel.ctors)
 *(.rela.ctors)
 *(.rel.dtors)
 *(.rela.dtors)
 *(.rel.got)
 *(.rela.got)
 *(.rel.sdata .rel.sdata.* .rel.gnu.linkonce.s.*)
 *(.rela.sdata .rela.sdata.* .rela.gnu.linkonce.s.*)
 *(.rel.sbss .rel.sbss.* .rel.gnu.linkonce.sb.*)
 *(.rela.sbss .rela.sbss.* .rela.gnu.linkonce.sb.*)
 *(.rel.sdata2 .rel.sdata2.* .rel.gnu.linkonce.s2.*)
 *(.rela.sdata2 .rela.sdata2.* .rela.gnu.linkonce.s2.*)
 *(.rel.sbss2 .rel.sbss2.* .rel.gnu.linkonce.sb2.*)
 *(.rela.sbss2 .rela.sbss2.* .rela.gnu.linkonce.sb2.*)
 *(.rel.bss .rel.bss.* .rel.gnu.linkonce.b.*)
 *(.rela.bss .rela.bss.* .rela.gnu.linkonce.b.*)
 *(.rel.plt)
 *(.rela.plt)
 *(.rel.dyn)
 *(.init)
 *(.plt)
 *(.text .stub .text.* .gnu.linkonce.t.*)
 .text          0x0000000000008230       0x3c ../lab3_interrupt_software_bsp//obj/HAL/src/crt0.o
                0x0000000000008230                _start
 .text          0x000000000000826c      0x1b0 obj/default/l3_proceedure.o
                0x000000000000826c                pushbutton_isr
                0x0000000000008350                timer_isr
                0x0000000000008384                main
 .text          0x000000000000841c      0x1b0 ../lab3_interrupt_software_bsp/\libhal_bsp.a(alt_iic.o)
                0x000000000000841c                alt_ic_isr_register
                0x000000000000846c                alt_ic_irq_enable
                0x00000000000084f4                alt_ic_irq_disable
                0x0000000000008580                alt_ic_irq_enabled
 .text          0x00000000000085cc       0xf0 ../lab3_interrupt_software_bsp/\libhal_bsp.a(alt_iic_isr_register.o)
                0x00000000000085cc                alt_iic_isr_register
 .text          0x00000000000086bc        0x0 ../lab3_interrupt_software_bsp/\libhal_bsp.a(alt_irq_entry.o)
 .text          0x00000000000086bc        0x0 ../lab3_interrupt_software_bsp/\libhal_bsp.a(alt_irq_handler.o)
 .text          0x00000000000086bc        0x0 ../lab3_interrupt_software_bsp/\libhal_bsp.a(alt_irq_vars.o)
 .text          0x00000000000086bc       0xec ../lab3_interrupt_software_bsp/\libhal_bsp.a(alt_load.o)
                0x0000000000008724                alt_load
 .text          0x00000000000087a8       0x7c ../lab3_interrupt_software_bsp/\libhal_bsp.a(alt_main.o)
                0x00000000000087a8                alt_main
 .text          0x0000000000008824       0xd0 ../lab3_interrupt_software_bsp/\libhal_bsp.a(alt_sys_init.o)
                0x0000000000008858                alt_irq_init
                0x0000000000008890                alt_sys_init
 .text          0x00000000000088f4      0x164 ../lab3_interrupt_software_bsp/\libhal_bsp.a(altera_avalon_jtag_uart_fd.o)
                0x00000000000088f4                altera_avalon_jtag_uart_read_fd
                0x0000000000008954                altera_avalon_jtag_uart_write_fd
                0x00000000000089b4                altera_avalon_jtag_uart_close_fd
                0x0000000000008a04                altera_avalon_jtag_uart_ioctl_fd
 .text          0x0000000000008a58      0x3d4 ../lab3_interrupt_software_bsp/\libhal_bsp.a(altera_avalon_jtag_uart_init.o)
                0x0000000000008a58                altera_avalon_jtag_uart_init
                0x0000000000008dc4                altera_avalon_jtag_uart_close
 .text          0x0000000000008e2c       0xf0 ../lab3_interrupt_software_bsp/\libhal_bsp.a(altera_avalon_jtag_uart_ioctl.o)
                0x0000000000008e2c                altera_avalon_jtag_uart_ioctl
 .text          0x0000000000008f1c      0x21c ../lab3_interrupt_software_bsp/\libhal_bsp.a(altera_avalon_jtag_uart_read.o)
                0x0000000000008f1c                altera_avalon_jtag_uart_read
 .text          0x0000000000009138      0x224 ../lab3_interrupt_software_bsp/\libhal_bsp.a(altera_avalon_jtag_uart_write.o)
                0x0000000000009138                altera_avalon_jtag_uart_write
 .text          0x000000000000935c       0xf4 ../lab3_interrupt_software_bsp/\libhal_bsp.a(altera_avalon_timer_sc.o)
                0x00000000000093d4                alt_avalon_timer_sc_init
 .text          0x0000000000009450      0x12c ../lab3_interrupt_software_bsp/\libhal_bsp.a(alt_alarm_start.o)
                0x0000000000009450                alt_alarm_start
 .text          0x000000000000957c      0x114 ../lab3_interrupt_software_bsp/\libhal_bsp.a(alt_close.o)
                0x00000000000095b8                close
 .text          0x0000000000009690       0x20 ../lab3_interrupt_software_bsp/\libhal_bsp.a(alt_dcache_flush_all.o)
                0x0000000000009690                alt_dcache_flush_all
 .text          0x00000000000096b0       0x2c ../lab3_interrupt_software_bsp/\libhal_bsp.a(alt_dev.o)
 .text          0x00000000000096dc       0xe0 ../lab3_interrupt_software_bsp/\libhal_bsp.a(alt_dev_llist_insert.o)
                0x0000000000009718                alt_dev_llist_insert
 .text          0x00000000000097bc       0x60 ../lab3_interrupt_software_bsp/\libhal_bsp.a(alt_do_ctors.o)
                0x00000000000097bc                _do_ctors
 .text          0x000000000000981c       0x60 ../lab3_interrupt_software_bsp/\libhal_bsp.a(alt_do_dtors.o)
                0x000000000000981c                _do_dtors
 .text          0x000000000000987c        0x0 ../lab3_interrupt_software_bsp/\libhal_bsp.a(alt_errno.o)
 .text          0x000000000000987c        0x0 ../lab3_interrupt_software_bsp/\libhal_bsp.a(alt_exception_entry.o)
 .text          0x000000000000987c       0x20 ../lab3_interrupt_software_bsp/\libhal_bsp.a(alt_icache_flush_all.o)
                0x000000000000987c                alt_icache_flush_all
 .text          0x000000000000989c       0x9c ../lab3_interrupt_software_bsp/\libhal_bsp.a(alt_instruction_exception_entry.o)
                0x000000000000989c                alt_exception_cause_generated_bad_addr
 .text          0x0000000000009938      0x160 ../lab3_interrupt_software_bsp/\libhal_bsp.a(alt_io_redirect.o)
                0x0000000000009a1c                alt_io_redirect
 .text          0x0000000000009a98      0x284 ../lab3_interrupt_software_bsp/\libhal_bsp.a(alt_open.o)
                0x0000000000009bc0                open
 .text          0x0000000000009d1c       0x84 ../lab3_interrupt_software_bsp/\libhal_bsp.a(alt_release_fd.o)
                0x0000000000009d1c                alt_release_fd
 .text          0x0000000000009da0      0x1a4 ../lab3_interrupt_software_bsp/\libhal_bsp.a(alt_tick.o)
                0x0000000000009da0                alt_alarm_stop
                0x0000000000009e3c                alt_tick
 .text          0x0000000000009f44       0x24 ../lab3_interrupt_software_bsp/\libhal_bsp.a(altera_nios2_gen2_irq.o)
                0x0000000000009f44                altera_nios2_gen2_irq_init
 .text          0x0000000000009f68       0x90 ../lab3_interrupt_software_bsp/\libhal_bsp.a(alt_find_dev.o)
                0x0000000000009f68                alt_find_dev
 .text          0x0000000000009ff8      0x108 ../lab3_interrupt_software_bsp/\libhal_bsp.a(alt_find_file.o)
                0x0000000000009ff8                alt_find_file
 .text          0x000000000000a100       0xc4 ../lab3_interrupt_software_bsp/\libhal_bsp.a(alt_get_fd.o)
                0x000000000000a100                alt_get_fd
 .text          0x000000000000a1c4        0x0 c:/intelfpga/18.1/nios2eds/bin/gnu/h-x86_64-mingw32/bin/../lib/gcc/nios2-elf/5.3.0/../../../../../H-x86_64-mingw32/nios2-elf/lib/mno-hw-mul\libc.a(lib_a-atexit.o)
 .text.atexit   0x000000000000a1c4       0x14 c:/intelfpga/18.1/nios2eds/bin/gnu/h-x86_64-mingw32/bin/../lib/gcc/nios2-elf/5.3.0/../../../../../H-x86_64-mingw32/nios2-elf/lib/mno-hw-mul\libc.a(lib_a-atexit.o)
                0x000000000000a1c4                atexit
 .text          0x000000000000a1d8        0x0 c:/intelfpga/18.1/nios2eds/bin/gnu/h-x86_64-mingw32/bin/../lib/gcc/nios2-elf/5.3.0/../../../../../H-x86_64-mingw32/nios2-elf/lib/mno-hw-mul\libc.a(lib_a-exit.o)
 .text.exit     0x000000000000a1d8       0x38 c:/intelfpga/18.1/nios2eds/bin/gnu/h-x86_64-mingw32/bin/../lib/gcc/nios2-elf/5.3.0/../../../../../H-x86_64-mingw32/nios2-elf/lib/mno-hw-mul\libc.a(lib_a-exit.o)
                0x000000000000a1d8                exit
 .text          0x000000000000a210        0x0 c:/intelfpga/18.1/nios2eds/bin/gnu/h-x86_64-mingw32/bin/../lib/gcc/nios2-elf/5.3.0/../../../../../H-x86_64-mingw32/nios2-elf/lib/mno-hw-mul\libc.a(lib_a-impure.o)
 .text          0x000000000000a210        0x0 c:/intelfpga/18.1/nios2eds/bin/gnu/h-x86_64-mingw32/bin/../lib/gcc/nios2-elf/5.3.0/../../../../../H-x86_64-mingw32/nios2-elf/lib/mno-hw-mul\libc.a(lib_a-int_errno.o)
 .text          0x000000000000a210        0x0 c:/intelfpga/18.1/nios2eds/bin/gnu/h-x86_64-mingw32/bin/../lib/gcc/nios2-elf/5.3.0/../../../../../H-x86_64-mingw32/nios2-elf/lib/mno-hw-mul\libc.a(lib_a-memcmp.o)
 .text.memcmp   0x000000000000a210       0x7c c:/intelfpga/18.1/nios2eds/bin/gnu/h-x86_64-mingw32/bin/../lib/gcc/nios2-elf/5.3.0/../../../../../H-x86_64-mingw32/nios2-elf/lib/mno-hw-mul\libc.a(lib_a-memcmp.o)
                0x000000000000a210                memcmp
 .text          0x000000000000a28c        0x0 c:/intelfpga/18.1/nios2eds/bin/gnu/h-x86_64-mingw32/bin/../lib/gcc/nios2-elf/5.3.0/../../../../../H-x86_64-mingw32/nios2-elf/lib/mno-hw-mul\libc.a(lib_a-memcpy.o)
 .text.memcpy   0x000000000000a28c      0x148 c:/intelfpga/18.1/nios2eds/bin/gnu/h-x86_64-mingw32/bin/../lib/gcc/nios2-elf/5.3.0/../../../../../H-x86_64-mingw32/nios2-elf/lib/mno-hw-mul\libc.a(lib_a-memcpy.o)
                0x000000000000a28c                memcpy
 .text          0x000000000000a3d4        0x0 c:/intelfpga/18.1/nios2eds/bin/gnu/h-x86_64-mingw32/bin/../lib/gcc/nios2-elf/5.3.0/../../../../../H-x86_64-mingw32/nios2-elf/lib/mno-hw-mul\libc.a(lib_a-strlen.o)
 .text.strlen   0x000000000000a3d4       0x98 c:/intelfpga/18.1/nios2eds/bin/gnu/h-x86_64-mingw32/bin/../lib/gcc/nios2-elf/5.3.0/../../../../../H-x86_64-mingw32/nios2-elf/lib/mno-hw-mul\libc.a(lib_a-strlen.o)
                0x000000000000a3d4                strlen
 .text          0x000000000000a46c        0x0 c:/intelfpga/18.1/nios2eds/bin/gnu/h-x86_64-mingw32/bin/../lib/gcc/nios2-elf/5.3.0/../../../../../H-x86_64-mingw32/nios2-elf/lib/mno-hw-mul\libc.a(lib_a-__atexit.o)
 .text.__register_exitproc
                0x000000000000a46c      0x118 c:/intelfpga/18.1/nios2eds/bin/gnu/h-x86_64-mingw32/bin/../lib/gcc/nios2-elf/5.3.0/../../../../../H-x86_64-mingw32/nios2-elf/lib/mno-hw-mul\libc.a(lib_a-__atexit.o)
                0x000000000000a46c                __register_exitproc
 .text          0x000000000000a584        0x0 c:/intelfpga/18.1/nios2eds/bin/gnu/h-x86_64-mingw32/bin/../lib/gcc/nios2-elf/5.3.0/../../../../../H-x86_64-mingw32/nios2-elf/lib/mno-hw-mul\libc.a(lib_a-__call_atexit.o)
 .text.__call_exitprocs
                0x000000000000a584      0x180 c:/intelfpga/18.1/nios2eds/bin/gnu/h-x86_64-mingw32/bin/../lib/gcc/nios2-elf/5.3.0/../../../../../H-x86_64-mingw32/nios2-elf/lib/mno-hw-mul\libc.a(lib_a-__call_atexit.o)
                0x000000000000a584                __call_exitprocs
 .text          0x000000000000a704       0x28 c:/intelfpga/18.1/nios2eds/bin/gnu/h-x86_64-mingw32/bin/../lib/gcc/nios2-elf/5.3.0/mno-hw-mul\libgcc.a(lib2-mul.o)
                0x000000000000a704                __mulsi3
 .text          0x000000000000a72c       0x34 ../lab3_interrupt_software_bsp/\libhal_bsp.a(alt_exit.o)
                0x000000000000a72c                _exit
 *(.gnu.warning.*)
 *(.fini)
                [!provide]                        PROVIDE (__etext, ABSOLUTE (.))
                [!provide]                        PROVIDE (_etext, ABSOLUTE (.))
                [!provide]                        PROVIDE (etext, ABSOLUTE (.))
 *(.eh_frame_hdr)
                0x000000000000a760                . = ALIGN (0x4)
                [!provide]                        PROVIDE (__preinit_array_start, ABSOLUTE (.))
 *(.preinit_array)
                [!provide]                        PROVIDE (__preinit_array_end, ABSOLUTE (.))
                [!provide]                        PROVIDE (__init_array_start, ABSOLUTE (.))
 *(.init_array)
                [!provide]                        PROVIDE (__init_array_end, ABSOLUTE (.))
                [!provide]                        PROVIDE (__fini_array_start, ABSOLUTE (.))
 *(.fini_array)
                [!provide]                        PROVIDE (__fini_array_end, ABSOLUTE (.))
 *(.eh_frame)
 *(.gcc_except_table .gcc_except_table.*)
 *(.dynamic)
                0x000000000000a760                PROVIDE (__CTOR_LIST__, ABSOLUTE (.))
 *(.ctors)
 *(SORT(.ctors.*))
                0x000000000000a760                PROVIDE (__CTOR_END__, ABSOLUTE (.))
                0x000000000000a760                PROVIDE (__DTOR_LIST__, ABSOLUTE (.))
 *(.dtors)
 *(SORT(.dtors.*))
                0x000000000000a760                PROVIDE (__DTOR_END__, ABSOLUTE (.))
 *(.jcr)
                0x000000000000a760                . = ALIGN (0x4)

.rodata         0x000000000000a760       0x44
                0x000000000000a760                PROVIDE (__ram_rodata_start, ABSOLUTE (.))
                0x000000000000a760                . = ALIGN (0x4)
 *(.rodata .rodata.* .gnu.linkonce.r.*)
 .rodata        0x000000000000a760        0xa obj/default/l3_proceedure.o
                0x000000000000a760                ssdValues
 *fill*         0x000000000000a76a        0x2 
 .rodata        0x000000000000a76c       0x11 ../lab3_interrupt_software_bsp/\libhal_bsp.a(alt_main.o)
 *fill*         0x000000000000a77d        0x3 
 .rodata        0x000000000000a780       0x11 ../lab3_interrupt_software_bsp/\libhal_bsp.a(alt_sys_init.o)
 *fill*         0x000000000000a791        0x3 
 .rodata        0x000000000000a794        0xa ../lab3_interrupt_software_bsp/\libhal_bsp.a(alt_dev.o)
 *fill*         0x000000000000a79e        0x2 
 .rodata.str1.4
                0x000000000000a7a0        0x4 c:/intelfpga/18.1/nios2eds/bin/gnu/h-x86_64-mingw32/bin/../lib/gcc/nios2-elf/5.3.0/../../../../../H-x86_64-mingw32/nios2-elf/lib/mno-hw-mul\libc.a(lib_a-impure.o)
                                          0x2 (size before relaxing)
 *(.rodata1)
                0x000000000000a7a4                . = ALIGN (0x4)
                0x000000000000a7a4                PROVIDE (__ram_rodata_end, ABSOLUTE (.))
                0x000000000000a760                PROVIDE (__flash_rodata_start, LOADADDR (.rodata))

.rwdata         0x000000000000a7a4     0x1674 load address 0x000000000000be18
                0x000000000000a7a4                PROVIDE (__ram_rwdata_start, ABSOLUTE (.))
                0x000000000000a7a4                . = ALIGN (0x4)
 *(.got.plt)
 *(.got)
 *(.data1)
 *(.data .data.* .gnu.linkonce.d.*)
 .data          0x000000000000a7a4        0x0 ../lab3_interrupt_software_bsp//obj/HAL/src/crt0.o
 .data          0x000000000000a7a4        0x0 obj/default/l3_proceedure.o
 .data          0x000000000000a7a4        0x0 ../lab3_interrupt_software_bsp/\libhal_bsp.a(alt_iic.o)
 .data          0x000000000000a7a4        0x0 ../lab3_interrupt_software_bsp/\libhal_bsp.a(alt_iic_isr_register.o)
 .data          0x000000000000a7a4        0x0 ../lab3_interrupt_software_bsp/\libhal_bsp.a(alt_irq_entry.o)
 .data          0x000000000000a7a4        0x0 ../lab3_interrupt_software_bsp/\libhal_bsp.a(alt_irq_handler.o)
 .data          0x000000000000a7a4        0x0 ../lab3_interrupt_software_bsp/\libhal_bsp.a(alt_irq_vars.o)
 .data          0x000000000000a7a4        0x0 ../lab3_interrupt_software_bsp/\libhal_bsp.a(alt_load.o)
 .data          0x000000000000a7a4        0x0 ../lab3_interrupt_software_bsp/\libhal_bsp.a(alt_main.o)
 .data          0x000000000000a7a4     0x1060 ../lab3_interrupt_software_bsp/\libhal_bsp.a(alt_sys_init.o)
 .data          0x000000000000b804        0x0 ../lab3_interrupt_software_bsp/\libhal_bsp.a(altera_avalon_jtag_uart_fd.o)
 .data          0x000000000000b804        0x0 ../lab3_interrupt_software_bsp/\libhal_bsp.a(altera_avalon_jtag_uart_init.o)
 .data          0x000000000000b804        0x0 ../lab3_interrupt_software_bsp/\libhal_bsp.a(altera_avalon_jtag_uart_ioctl.o)
 .data          0x000000000000b804        0x0 ../lab3_interrupt_software_bsp/\libhal_bsp.a(altera_avalon_jtag_uart_read.o)
 .data          0x000000000000b804        0x0 ../lab3_interrupt_software_bsp/\libhal_bsp.a(altera_avalon_jtag_uart_write.o)
 .data          0x000000000000b804        0x0 ../lab3_interrupt_software_bsp/\libhal_bsp.a(altera_avalon_timer_sc.o)
 .data          0x000000000000b804        0x0 ../lab3_interrupt_software_bsp/\libhal_bsp.a(alt_alarm_start.o)
 .data          0x000000000000b804        0x0 ../lab3_interrupt_software_bsp/\libhal_bsp.a(alt_close.o)
 .data          0x000000000000b804        0x0 ../lab3_interrupt_software_bsp/\libhal_bsp.a(alt_dcache_flush_all.o)
 .data          0x000000000000b804      0x1a8 ../lab3_interrupt_software_bsp/\libhal_bsp.a(alt_dev.o)
                0x000000000000b804                alt_dev_null
                0x000000000000b82c                alt_fd_list
 .data          0x000000000000b9ac        0x0 ../lab3_interrupt_software_bsp/\libhal_bsp.a(alt_dev_llist_insert.o)
 .data          0x000000000000b9ac        0x0 ../lab3_interrupt_software_bsp/\libhal_bsp.a(alt_do_ctors.o)
 .data          0x000000000000b9ac        0x0 ../lab3_interrupt_software_bsp/\libhal_bsp.a(alt_do_dtors.o)
 .data          0x000000000000b9ac        0x0 ../lab3_interrupt_software_bsp/\libhal_bsp.a(alt_errno.o)
 .data          0x000000000000b9ac        0x0 ../lab3_interrupt_software_bsp/\libhal_bsp.a(alt_exception_entry.o)
 .data          0x000000000000b9ac        0x0 ../lab3_interrupt_software_bsp/\libhal_bsp.a(alt_icache_flush_all.o)
 .data          0x000000000000b9ac        0x0 ../lab3_interrupt_software_bsp/\libhal_bsp.a(alt_instruction_exception_entry.o)
 .data          0x000000000000b9ac        0x0 ../lab3_interrupt_software_bsp/\libhal_bsp.a(alt_io_redirect.o)
 .data          0x000000000000b9ac        0x0 ../lab3_interrupt_software_bsp/\libhal_bsp.a(alt_open.o)
 .data          0x000000000000b9ac        0x0 ../lab3_interrupt_software_bsp/\libhal_bsp.a(alt_release_fd.o)
 .data          0x000000000000b9ac        0x0 ../lab3_interrupt_software_bsp/\libhal_bsp.a(alt_tick.o)
 .data          0x000000000000b9ac        0x0 ../lab3_interrupt_software_bsp/\libhal_bsp.a(altera_nios2_gen2_irq.o)
 .data          0x000000000000b9ac        0x0 ../lab3_interrupt_software_bsp/\libhal_bsp.a(alt_find_dev.o)
 .data          0x000000000000b9ac        0x0 ../lab3_interrupt_software_bsp/\libhal_bsp.a(alt_find_file.o)
 .data          0x000000000000b9ac        0x0 ../lab3_interrupt_software_bsp/\libhal_bsp.a(alt_get_fd.o)
 .data          0x000000000000b9ac        0x0 c:/intelfpga/18.1/nios2eds/bin/gnu/h-x86_64-mingw32/bin/../lib/gcc/nios2-elf/5.3.0/../../../../../H-x86_64-mingw32/nios2-elf/lib/mno-hw-mul\libc.a(lib_a-atexit.o)
 .data          0x000000000000b9ac        0x0 c:/intelfpga/18.1/nios2eds/bin/gnu/h-x86_64-mingw32/bin/../lib/gcc/nios2-elf/5.3.0/../../../../../H-x86_64-mingw32/nios2-elf/lib/mno-hw-mul\libc.a(lib_a-exit.o)
 .data          0x000000000000b9ac        0x0 c:/intelfpga/18.1/nios2eds/bin/gnu/h-x86_64-mingw32/bin/../lib/gcc/nios2-elf/5.3.0/../../../../../H-x86_64-mingw32/nios2-elf/lib/mno-hw-mul\libc.a(lib_a-impure.o)
 .data.impure_data
                0x000000000000b9ac      0x424 c:/intelfpga/18.1/nios2eds/bin/gnu/h-x86_64-mingw32/bin/../lib/gcc/nios2-elf/5.3.0/../../../../../H-x86_64-mingw32/nios2-elf/lib/mno-hw-mul\libc.a(lib_a-impure.o)
 .data          0x000000000000bdd0        0x0 c:/intelfpga/18.1/nios2eds/bin/gnu/h-x86_64-mingw32/bin/../lib/gcc/nios2-elf/5.3.0/../../../../../H-x86_64-mingw32/nios2-elf/lib/mno-hw-mul\libc.a(lib_a-int_errno.o)
 .data          0x000000000000bdd0        0x0 c:/intelfpga/18.1/nios2eds/bin/gnu/h-x86_64-mingw32/bin/../lib/gcc/nios2-elf/5.3.0/../../../../../H-x86_64-mingw32/nios2-elf/lib/mno-hw-mul\libc.a(lib_a-memcmp.o)
 .data          0x000000000000bdd0        0x0 c:/intelfpga/18.1/nios2eds/bin/gnu/h-x86_64-mingw32/bin/../lib/gcc/nios2-elf/5.3.0/../../../../../H-x86_64-mingw32/nios2-elf/lib/mno-hw-mul\libc.a(lib_a-memcpy.o)
 .data          0x000000000000bdd0        0x0 c:/intelfpga/18.1/nios2eds/bin/gnu/h-x86_64-mingw32/bin/../lib/gcc/nios2-elf/5.3.0/../../../../../H-x86_64-mingw32/nios2-elf/lib/mno-hw-mul\libc.a(lib_a-strlen.o)
 .data          0x000000000000bdd0        0x0 c:/intelfpga/18.1/nios2eds/bin/gnu/h-x86_64-mingw32/bin/../lib/gcc/nios2-elf/5.3.0/../../../../../H-x86_64-mingw32/nios2-elf/lib/mno-hw-mul\libc.a(lib_a-__atexit.o)
 .data          0x000000000000bdd0        0x0 c:/intelfpga/18.1/nios2eds/bin/gnu/h-x86_64-mingw32/bin/../lib/gcc/nios2-elf/5.3.0/../../../../../H-x86_64-mingw32/nios2-elf/lib/mno-hw-mul\libc.a(lib_a-__call_atexit.o)
 .data          0x000000000000bdd0        0x0 c:/intelfpga/18.1/nios2eds/bin/gnu/h-x86_64-mingw32/bin/../lib/gcc/nios2-elf/5.3.0/mno-hw-mul\libgcc.a(lib2-mul.o)
 .data          0x000000000000bdd0        0x0 ../lab3_interrupt_software_bsp/\libhal_bsp.a(alt_exit.o)
                0x0000000000013dd0                _gp = ABSOLUTE ((. + 0x8000))
                [!provide]                        PROVIDE (gp, _gp)
 *(.rwdata .rwdata.*)
 *(.sdata .sdata.* .gnu.linkonce.s.*)
 .sdata         0x000000000000bdd0       0x1c obj/default/l3_proceedure.o
                0x000000000000bdd0                interrupt_offset
                0x000000000000bdd4                uintTimerBase_Ptr
                0x000000000000bdd8                uintPushbuttonBase_Ptr
                0x000000000000bddc                switchesBase_ptr
                0x000000000000bde0                ledsBase_ptr
                0x000000000000bde4                pushbuttonsBase_ptr
                0x000000000000bde8                hex0Base_ptr
 .sdata         0x000000000000bdec        0x4 ../lab3_interrupt_software_bsp/\libhal_bsp.a(alt_irq_vars.o)
                0x000000000000bdec                alt_priority_mask
 .sdata         0x000000000000bdf0       0x14 ../lab3_interrupt_software_bsp/\libhal_bsp.a(alt_dev.o)
                0x000000000000bdf0                alt_fs_list
                0x000000000000bdf8                alt_dev_list
                0x000000000000be00                alt_max_fd
 .sdata         0x000000000000be04        0x4 ../lab3_interrupt_software_bsp/\libhal_bsp.a(alt_errno.o)
                0x000000000000be04                alt_errno
 .sdata         0x000000000000be08        0x8 ../lab3_interrupt_software_bsp/\libhal_bsp.a(alt_tick.o)
                0x000000000000be08                alt_alarm_list
 .sdata._global_impure_ptr
                0x000000000000be10        0x4 c:/intelfpga/18.1/nios2eds/bin/gnu/h-x86_64-mingw32/bin/../lib/gcc/nios2-elf/5.3.0/../../../../../H-x86_64-mingw32/nios2-elf/lib/mno-hw-mul\libc.a(lib_a-impure.o)
                0x000000000000be10                _global_impure_ptr
 .sdata._impure_ptr
                0x000000000000be14        0x4 c:/intelfpga/18.1/nios2eds/bin/gnu/h-x86_64-mingw32/bin/../lib/gcc/nios2-elf/5.3.0/../../../../../H-x86_64-mingw32/nios2-elf/lib/mno-hw-mul\libc.a(lib_a-impure.o)
                0x000000000000be14                _impure_ptr
 *(.sdata2 .sdata2.* .gnu.linkonce.s2.*)
                0x000000000000be18                . = ALIGN (0x4)
                0x000000000000be18                _edata = ABSOLUTE (.)
                [!provide]                        PROVIDE (edata, ABSOLUTE (.))
                0x000000000000be18                PROVIDE (__ram_rwdata_end, ABSOLUTE (.))
                0x000000000000be18                PROVIDE (__flash_rwdata_start, LOADADDR (.rwdata))

.bss            0x000000000000d48c      0x124
                0x000000000000d48c                __bss_start = ABSOLUTE (.)
                [!provide]                        PROVIDE (__sbss_start, ABSOLUTE (.))
                [!provide]                        PROVIDE (___sbss_start, ABSOLUTE (.))
 *(.dynsbss)
 *(.sbss .sbss.* .gnu.linkonce.sb.*)
 .sbss          0x000000000000d48c        0x4 obj/default/l3_proceedure.o
 .sbss          0x000000000000d490        0x4 ../lab3_interrupt_software_bsp/\libhal_bsp.a(alt_irq_vars.o)
                0x000000000000d490                alt_irq_active
 .sbss          0x000000000000d494        0xc ../lab3_interrupt_software_bsp/\libhal_bsp.a(alt_main.o)
                0x000000000000d494                alt_argc
                0x000000000000d498                alt_argv
                0x000000000000d49c                alt_envp
 .sbss          0x000000000000d4a0        0x4 ../lab3_interrupt_software_bsp/\libhal_bsp.a(alt_instruction_exception_entry.o)
                0x000000000000d4a0                alt_instruction_exception_handler
 .sbss          0x000000000000d4a4        0x8 ../lab3_interrupt_software_bsp/\libhal_bsp.a(alt_tick.o)
                0x000000000000d4a4                _alt_tick_rate
                0x000000000000d4a8                _alt_nticks
 .sbss          0x000000000000d4ac        0x4 c:/intelfpga/18.1/nios2eds/bin/gnu/h-x86_64-mingw32/bin/../lib/gcc/nios2-elf/5.3.0/../../../../../H-x86_64-mingw32/nios2-elf/lib/mno-hw-mul\libc.a(lib_a-int_errno.o)
                0x000000000000d4ac                errno
 *(.sbss2 .sbss2.* .gnu.linkonce.sb2.*)
 *(.scommon)
                [!provide]                        PROVIDE (__sbss_end, ABSOLUTE (.))
                [!provide]                        PROVIDE (___sbss_end, ABSOLUTE (.))
 *(.dynbss)
 *(.bss .bss.* .gnu.linkonce.b.*)
 .bss           0x000000000000d4b0        0x0 ../lab3_interrupt_software_bsp//obj/HAL/src/crt0.o
 .bss           0x000000000000d4b0        0x0 obj/default/l3_proceedure.o
 .bss           0x000000000000d4b0        0x0 ../lab3_interrupt_software_bsp/\libhal_bsp.a(alt_iic.o)
 .bss           0x000000000000d4b0        0x0 ../lab3_interrupt_software_bsp/\libhal_bsp.a(alt_iic_isr_register.o)
 .bss           0x000000000000d4b0        0x0 ../lab3_interrupt_software_bsp/\libhal_bsp.a(alt_irq_entry.o)
 .bss           0x000000000000d4b0        0x0 ../lab3_interrupt_software_bsp/\libhal_bsp.a(alt_irq_handler.o)
 .bss           0x000000000000d4b0        0x0 ../lab3_interrupt_software_bsp/\libhal_bsp.a(alt_irq_vars.o)
 .bss           0x000000000000d4b0        0x0 ../lab3_interrupt_software_bsp/\libhal_bsp.a(alt_load.o)
 .bss           0x000000000000d4b0        0x0 ../lab3_interrupt_software_bsp/\libhal_bsp.a(alt_main.o)
 .bss           0x000000000000d4b0        0x0 ../lab3_interrupt_software_bsp/\libhal_bsp.a(alt_sys_init.o)
 .bss           0x000000000000d4b0        0x0 ../lab3_interrupt_software_bsp/\libhal_bsp.a(altera_avalon_jtag_uart_fd.o)
 .bss           0x000000000000d4b0        0x0 ../lab3_interrupt_software_bsp/\libhal_bsp.a(altera_avalon_jtag_uart_init.o)
 .bss           0x000000000000d4b0        0x0 ../lab3_interrupt_software_bsp/\libhal_bsp.a(altera_avalon_jtag_uart_ioctl.o)
 .bss           0x000000000000d4b0        0x0 ../lab3_interrupt_software_bsp/\libhal_bsp.a(altera_avalon_jtag_uart_read.o)
 .bss           0x000000000000d4b0        0x0 ../lab3_interrupt_software_bsp/\libhal_bsp.a(altera_avalon_jtag_uart_write.o)
 .bss           0x000000000000d4b0        0x0 ../lab3_interrupt_software_bsp/\libhal_bsp.a(altera_avalon_timer_sc.o)
 .bss           0x000000000000d4b0        0x0 ../lab3_interrupt_software_bsp/\libhal_bsp.a(alt_alarm_start.o)
 .bss           0x000000000000d4b0        0x0 ../lab3_interrupt_software_bsp/\libhal_bsp.a(alt_close.o)
 .bss           0x000000000000d4b0        0x0 ../lab3_interrupt_software_bsp/\libhal_bsp.a(alt_dcache_flush_all.o)
 .bss           0x000000000000d4b0        0x0 ../lab3_interrupt_software_bsp/\libhal_bsp.a(alt_dev.o)
 .bss           0x000000000000d4b0        0x0 ../lab3_interrupt_software_bsp/\libhal_bsp.a(alt_dev_llist_insert.o)
 .bss           0x000000000000d4b0        0x0 ../lab3_interrupt_software_bsp/\libhal_bsp.a(alt_do_ctors.o)
 .bss           0x000000000000d4b0        0x0 ../lab3_interrupt_software_bsp/\libhal_bsp.a(alt_do_dtors.o)
 .bss           0x000000000000d4b0        0x0 ../lab3_interrupt_software_bsp/\libhal_bsp.a(alt_errno.o)
 .bss           0x000000000000d4b0        0x0 ../lab3_interrupt_software_bsp/\libhal_bsp.a(alt_exception_entry.o)
 .bss           0x000000000000d4b0        0x0 ../lab3_interrupt_software_bsp/\libhal_bsp.a(alt_icache_flush_all.o)
 .bss           0x000000000000d4b0        0x0 ../lab3_interrupt_software_bsp/\libhal_bsp.a(alt_instruction_exception_entry.o)
 .bss           0x000000000000d4b0        0x0 ../lab3_interrupt_software_bsp/\libhal_bsp.a(alt_io_redirect.o)
 .bss           0x000000000000d4b0        0x0 ../lab3_interrupt_software_bsp/\libhal_bsp.a(alt_open.o)
 .bss           0x000000000000d4b0        0x0 ../lab3_interrupt_software_bsp/\libhal_bsp.a(alt_release_fd.o)
 .bss           0x000000000000d4b0        0x0 ../lab3_interrupt_software_bsp/\libhal_bsp.a(alt_tick.o)
 .bss           0x000000000000d4b0        0x0 ../lab3_interrupt_software_bsp/\libhal_bsp.a(altera_nios2_gen2_irq.o)
 .bss           0x000000000000d4b0        0x0 ../lab3_interrupt_software_bsp/\libhal_bsp.a(alt_find_dev.o)
 .bss           0x000000000000d4b0        0x0 ../lab3_interrupt_software_bsp/\libhal_bsp.a(alt_find_file.o)
 .bss           0x000000000000d4b0        0x0 ../lab3_interrupt_software_bsp/\libhal_bsp.a(alt_get_fd.o)
 .bss           0x000000000000d4b0        0x0 c:/intelfpga/18.1/nios2eds/bin/gnu/h-x86_64-mingw32/bin/../lib/gcc/nios2-elf/5.3.0/../../../../../H-x86_64-mingw32/nios2-elf/lib/mno-hw-mul\libc.a(lib_a-atexit.o)
 .bss           0x000000000000d4b0        0x0 c:/intelfpga/18.1/nios2eds/bin/gnu/h-x86_64-mingw32/bin/../lib/gcc/nios2-elf/5.3.0/../../../../../H-x86_64-mingw32/nios2-elf/lib/mno-hw-mul\libc.a(lib_a-exit.o)
 .bss           0x000000000000d4b0        0x0 c:/intelfpga/18.1/nios2eds/bin/gnu/h-x86_64-mingw32/bin/../lib/gcc/nios2-elf/5.3.0/../../../../../H-x86_64-mingw32/nios2-elf/lib/mno-hw-mul\libc.a(lib_a-impure.o)
 .bss           0x000000000000d4b0        0x0 c:/intelfpga/18.1/nios2eds/bin/gnu/h-x86_64-mingw32/bin/../lib/gcc/nios2-elf/5.3.0/../../../../../H-x86_64-mingw32/nios2-elf/lib/mno-hw-mul\libc.a(lib_a-int_errno.o)
 .bss           0x000000000000d4b0        0x0 c:/intelfpga/18.1/nios2eds/bin/gnu/h-x86_64-mingw32/bin/../lib/gcc/nios2-elf/5.3.0/../../../../../H-x86_64-mingw32/nios2-elf/lib/mno-hw-mul\libc.a(lib_a-memcmp.o)
 .bss           0x000000000000d4b0        0x0 c:/intelfpga/18.1/nios2eds/bin/gnu/h-x86_64-mingw32/bin/../lib/gcc/nios2-elf/5.3.0/../../../../../H-x86_64-mingw32/nios2-elf/lib/mno-hw-mul\libc.a(lib_a-memcpy.o)
 .bss           0x000000000000d4b0        0x0 c:/intelfpga/18.1/nios2eds/bin/gnu/h-x86_64-mingw32/bin/../lib/gcc/nios2-elf/5.3.0/../../../../../H-x86_64-mingw32/nios2-elf/lib/mno-hw-mul\libc.a(lib_a-strlen.o)
 .bss           0x000000000000d4b0        0x0 c:/intelfpga/18.1/nios2eds/bin/gnu/h-x86_64-mingw32/bin/../lib/gcc/nios2-elf/5.3.0/../../../../../H-x86_64-mingw32/nios2-elf/lib/mno-hw-mul\libc.a(lib_a-__atexit.o)
 .bss           0x000000000000d4b0        0x0 c:/intelfpga/18.1/nios2eds/bin/gnu/h-x86_64-mingw32/bin/../lib/gcc/nios2-elf/5.3.0/../../../../../H-x86_64-mingw32/nios2-elf/lib/mno-hw-mul\libc.a(lib_a-__call_atexit.o)
 .bss           0x000000000000d4b0        0x0 c:/intelfpga/18.1/nios2eds/bin/gnu/h-x86_64-mingw32/bin/../lib/gcc/nios2-elf/5.3.0/mno-hw-mul\libgcc.a(lib2-mul.o)
 .bss           0x000000000000d4b0        0x0 ../lab3_interrupt_software_bsp/\libhal_bsp.a(alt_exit.o)
 *(COMMON)
 COMMON         0x000000000000d4b0      0x100 ../lab3_interrupt_software_bsp/\libhal_bsp.a(alt_irq_handler.o)
                0x000000000000d4b0                alt_irq
                0x000000000000d5b0                . = ALIGN (0x4)
                0x000000000000d5b0                __bss_end = ABSOLUTE (.)

.onchip_memory2_0
                0x000000000000d5b0        0x0
                [!provide]                        PROVIDE (_alt_partition_onchip_memory2_0_start, ABSOLUTE (.))
 *(.onchip_memory2_0 .onchip_memory2_0. onchip_memory2_0.*)
                0x000000000000d5b0                . = ALIGN (0x4)
                [!provide]                        PROVIDE (_alt_partition_onchip_memory2_0_end, ABSOLUTE (.))
                0x000000000000d5b0                _end = ABSOLUTE (.)
                0x000000000000d5b0                end = ABSOLUTE (.)
                0x000000000000d5b0                __alt_stack_base = ABSOLUTE (.)
                [!provide]                        PROVIDE (_alt_partition_onchip_memory2_0_load_addr, LOADADDR (.onchip_memory2_0))

.stab
 *(.stab)

.stabstr
 *(.stabstr)

.stab.excl
 *(.stab.excl)

.stab.exclstr
 *(.stab.exclstr)

.stab.index
 *(.stab.index)

.stab.indexstr
 *(.stab.indexstr)

.comment        0x0000000000000000       0x23
 *(.comment)
 .comment       0x0000000000000000       0x23 obj/default/l3_proceedure.o
                                         0x24 (size before relaxing)
 .comment       0x0000000000000023       0x24 ../lab3_interrupt_software_bsp/\libhal_bsp.a(alt_iic.o)
 .comment       0x0000000000000023       0x24 ../lab3_interrupt_software_bsp/\libhal_bsp.a(alt_iic_isr_register.o)
 .comment       0x0000000000000023       0x24 ../lab3_interrupt_software_bsp/\libhal_bsp.a(alt_irq_handler.o)
 .comment       0x0000000000000023       0x24 ../lab3_interrupt_software_bsp/\libhal_bsp.a(alt_irq_vars.o)
 .comment       0x0000000000000023       0x24 ../lab3_interrupt_software_bsp/\libhal_bsp.a(alt_load.o)
 .comment       0x0000000000000023       0x24 ../lab3_interrupt_software_bsp/\libhal_bsp.a(alt_main.o)
 .comment       0x0000000000000023       0x24 ../lab3_interrupt_software_bsp/\libhal_bsp.a(alt_sys_init.o)
 .comment       0x0000000000000023       0x24 ../lab3_interrupt_software_bsp/\libhal_bsp.a(altera_avalon_jtag_uart_fd.o)
 .comment       0x0000000000000023       0x24 ../lab3_interrupt_software_bsp/\libhal_bsp.a(altera_avalon_jtag_uart_init.o)
 .comment       0x0000000000000023       0x24 ../lab3_interrupt_software_bsp/\libhal_bsp.a(altera_avalon_jtag_uart_ioctl.o)
 .comment       0x0000000000000023       0x24 ../lab3_interrupt_software_bsp/\libhal_bsp.a(altera_avalon_jtag_uart_read.o)
 .comment       0x0000000000000023       0x24 ../lab3_interrupt_software_bsp/\libhal_bsp.a(altera_avalon_jtag_uart_write.o)
 .comment       0x0000000000000023       0x24 ../lab3_interrupt_software_bsp/\libhal_bsp.a(altera_avalon_timer_sc.o)
 .comment       0x0000000000000023       0x24 ../lab3_interrupt_software_bsp/\libhal_bsp.a(alt_alarm_start.o)
 .comment       0x0000000000000023       0x24 ../lab3_interrupt_software_bsp/\libhal_bsp.a(alt_close.o)
 .comment       0x0000000000000023       0x24 ../lab3_interrupt_software_bsp/\libhal_bsp.a(alt_dcache_flush_all.o)
 .comment       0x0000000000000023       0x24 ../lab3_interrupt_software_bsp/\libhal_bsp.a(alt_dev.o)
 .comment       0x0000000000000023       0x24 ../lab3_interrupt_software_bsp/\libhal_bsp.a(alt_dev_llist_insert.o)
 .comment       0x0000000000000023       0x24 ../lab3_interrupt_software_bsp/\libhal_bsp.a(alt_do_ctors.o)
 .comment       0x0000000000000023       0x24 ../lab3_interrupt_software_bsp/\libhal_bsp.a(alt_do_dtors.o)
 .comment       0x0000000000000023       0x24 ../lab3_interrupt_software_bsp/\libhal_bsp.a(alt_errno.o)
 .comment       0x0000000000000023       0x24 ../lab3_interrupt_software_bsp/\libhal_bsp.a(alt_icache_flush_all.o)
 .comment       0x0000000000000023       0x24 ../lab3_interrupt_software_bsp/\libhal_bsp.a(alt_instruction_exception_entry.o)
 .comment       0x0000000000000023       0x24 ../lab3_interrupt_software_bsp/\libhal_bsp.a(alt_io_redirect.o)
 .comment       0x0000000000000023       0x24 ../lab3_interrupt_software_bsp/\libhal_bsp.a(alt_open.o)
 .comment       0x0000000000000023       0x24 ../lab3_interrupt_software_bsp/\libhal_bsp.a(alt_release_fd.o)
 .comment       0x0000000000000023       0x24 ../lab3_interrupt_software_bsp/\libhal_bsp.a(alt_tick.o)
 .comment       0x0000000000000023       0x24 ../lab3_interrupt_software_bsp/\libhal_bsp.a(altera_nios2_gen2_irq.o)
 .comment       0x0000000000000023       0x24 ../lab3_interrupt_software_bsp/\libhal_bsp.a(alt_find_dev.o)
 .comment       0x0000000000000023       0x24 ../lab3_interrupt_software_bsp/\libhal_bsp.a(alt_find_file.o)
 .comment       0x0000000000000023       0x24 ../lab3_interrupt_software_bsp/\libhal_bsp.a(alt_get_fd.o)
 .comment       0x0000000000000023       0x24 c:/intelfpga/18.1/nios2eds/bin/gnu/h-x86_64-mingw32/bin/../lib/gcc/nios2-elf/5.3.0/../../../../../H-x86_64-mingw32/nios2-elf/lib/mno-hw-mul\libc.a(lib_a-atexit.o)
 .comment       0x0000000000000023       0x24 c:/intelfpga/18.1/nios2eds/bin/gnu/h-x86_64-mingw32/bin/../lib/gcc/nios2-elf/5.3.0/../../../../../H-x86_64-mingw32/nios2-elf/lib/mno-hw-mul\libc.a(lib_a-exit.o)
 .comment       0x0000000000000023       0x24 c:/intelfpga/18.1/nios2eds/bin/gnu/h-x86_64-mingw32/bin/../lib/gcc/nios2-elf/5.3.0/../../../../../H-x86_64-mingw32/nios2-elf/lib/mno-hw-mul\libc.a(lib_a-impure.o)
 .comment       0x0000000000000023       0x24 c:/intelfpga/18.1/nios2eds/bin/gnu/h-x86_64-mingw32/bin/../lib/gcc/nios2-elf/5.3.0/../../../../../H-x86_64-mingw32/nios2-elf/lib/mno-hw-mul\libc.a(lib_a-int_errno.o)
 .comment       0x0000000000000023       0x24 c:/intelfpga/18.1/nios2eds/bin/gnu/h-x86_64-mingw32/bin/../lib/gcc/nios2-elf/5.3.0/../../../../../H-x86_64-mingw32/nios2-elf/lib/mno-hw-mul\libc.a(lib_a-memcmp.o)
 .comment       0x0000000000000023       0x24 c:/intelfpga/18.1/nios2eds/bin/gnu/h-x86_64-mingw32/bin/../lib/gcc/nios2-elf/5.3.0/../../../../../H-x86_64-mingw32/nios2-elf/lib/mno-hw-mul\libc.a(lib_a-memcpy.o)
 .comment       0x0000000000000023       0x24 c:/intelfpga/18.1/nios2eds/bin/gnu/h-x86_64-mingw32/bin/../lib/gcc/nios2-elf/5.3.0/../../../../../H-x86_64-mingw32/nios2-elf/lib/mno-hw-mul\libc.a(lib_a-strlen.o)
 .comment       0x0000000000000023       0x24 c:/intelfpga/18.1/nios2eds/bin/gnu/h-x86_64-mingw32/bin/../lib/gcc/nios2-elf/5.3.0/../../../../../H-x86_64-mingw32/nios2-elf/lib/mno-hw-mul\libc.a(lib_a-__atexit.o)
 .comment       0x0000000000000023       0x24 c:/intelfpga/18.1/nios2eds/bin/gnu/h-x86_64-mingw32/bin/../lib/gcc/nios2-elf/5.3.0/../../../../../H-x86_64-mingw32/nios2-elf/lib/mno-hw-mul\libc.a(lib_a-__call_atexit.o)
 .comment       0x0000000000000023       0x24 c:/intelfpga/18.1/nios2eds/bin/gnu/h-x86_64-mingw32/bin/../lib/gcc/nios2-elf/5.3.0/mno-hw-mul\libgcc.a(lib2-mul.o)
 .comment       0x0000000000000023       0x24 ../lab3_interrupt_software_bsp/\libhal_bsp.a(alt_exit.o)

.debug
 *(.debug)

.line
 *(.line)

.debug_srcinfo
 *(.debug_srcinfo)

.debug_sfnames
 *(.debug_sfnames)

.debug_aranges  0x0000000000000000      0x5d8
 *(.debug_aranges)
 .debug_aranges
                0x0000000000000000       0x28 ../lab3_interrupt_software_bsp//obj/HAL/src/crt0.o
 .debug_aranges
                0x0000000000000028       0x20 obj/default/l3_proceedure.o
 .debug_aranges
                0x0000000000000048       0x20 ../lab3_interrupt_software_bsp/\libhal_bsp.a(alt_iic.o)
 .debug_aranges
                0x0000000000000068       0x20 ../lab3_interrupt_software_bsp/\libhal_bsp.a(alt_iic_isr_register.o)
 .debug_aranges
                0x0000000000000088       0x30 ../lab3_interrupt_software_bsp/\libhal_bsp.a(alt_irq_entry.o)
 .debug_aranges
                0x00000000000000b8       0x20 ../lab3_interrupt_software_bsp/\libhal_bsp.a(alt_irq_handler.o)
 .debug_aranges
                0x00000000000000d8       0x18 ../lab3_interrupt_software_bsp/\libhal_bsp.a(alt_irq_vars.o)
 .debug_aranges
                0x00000000000000f0       0x20 ../lab3_interrupt_software_bsp/\libhal_bsp.a(alt_load.o)
 .debug_aranges
                0x0000000000000110       0x20 ../lab3_interrupt_software_bsp/\libhal_bsp.a(alt_main.o)
 .debug_aranges
                0x0000000000000130       0x20 ../lab3_interrupt_software_bsp/\libhal_bsp.a(alt_sys_init.o)
 .debug_aranges
                0x0000000000000150       0x20 ../lab3_interrupt_software_bsp/\libhal_bsp.a(altera_avalon_jtag_uart_fd.o)
 .debug_aranges
                0x0000000000000170       0x20 ../lab3_interrupt_software_bsp/\libhal_bsp.a(altera_avalon_jtag_uart_init.o)
 .debug_aranges
                0x0000000000000190       0x20 ../lab3_interrupt_software_bsp/\libhal_bsp.a(altera_avalon_jtag_uart_ioctl.o)
 .debug_aranges
                0x00000000000001b0       0x20 ../lab3_interrupt_software_bsp/\libhal_bsp.a(altera_avalon_jtag_uart_read.o)
 .debug_aranges
                0x00000000000001d0       0x20 ../lab3_interrupt_software_bsp/\libhal_bsp.a(altera_avalon_jtag_uart_write.o)
 .debug_aranges
                0x00000000000001f0       0x20 ../lab3_interrupt_software_bsp/\libhal_bsp.a(altera_avalon_timer_sc.o)
 .debug_aranges
                0x0000000000000210       0x20 ../lab3_interrupt_software_bsp/\libhal_bsp.a(alt_alarm_start.o)
 .debug_aranges
                0x0000000000000230       0x20 ../lab3_interrupt_software_bsp/\libhal_bsp.a(alt_close.o)
 .debug_aranges
                0x0000000000000250       0x20 ../lab3_interrupt_software_bsp/\libhal_bsp.a(alt_dcache_flush_all.o)
 .debug_aranges
                0x0000000000000270       0x20 ../lab3_interrupt_software_bsp/\libhal_bsp.a(alt_dev.o)
 .debug_aranges
                0x0000000000000290       0x20 ../lab3_interrupt_software_bsp/\libhal_bsp.a(alt_dev_llist_insert.o)
 .debug_aranges
                0x00000000000002b0       0x20 ../lab3_interrupt_software_bsp/\libhal_bsp.a(alt_do_ctors.o)
 .debug_aranges
                0x00000000000002d0       0x20 ../lab3_interrupt_software_bsp/\libhal_bsp.a(alt_do_dtors.o)
 .debug_aranges
                0x00000000000002f0       0x18 ../lab3_interrupt_software_bsp/\libhal_bsp.a(alt_errno.o)
 .debug_aranges
                0x0000000000000308       0x38 ../lab3_interrupt_software_bsp/\libhal_bsp.a(alt_exception_entry.o)
 .debug_aranges
                0x0000000000000340       0x20 ../lab3_interrupt_software_bsp/\libhal_bsp.a(alt_icache_flush_all.o)
 .debug_aranges
                0x0000000000000360       0x28 ../lab3_interrupt_software_bsp/\libhal_bsp.a(alt_instruction_exception_entry.o)
 .debug_aranges
                0x0000000000000388       0x20 ../lab3_interrupt_software_bsp/\libhal_bsp.a(alt_io_redirect.o)
 .debug_aranges
                0x00000000000003a8       0x20 ../lab3_interrupt_software_bsp/\libhal_bsp.a(alt_open.o)
 .debug_aranges
                0x00000000000003c8       0x20 ../lab3_interrupt_software_bsp/\libhal_bsp.a(alt_release_fd.o)
 .debug_aranges
                0x00000000000003e8       0x20 ../lab3_interrupt_software_bsp/\libhal_bsp.a(alt_tick.o)
 .debug_aranges
                0x0000000000000408       0x20 ../lab3_interrupt_software_bsp/\libhal_bsp.a(altera_nios2_gen2_irq.o)
 .debug_aranges
                0x0000000000000428       0x20 ../lab3_interrupt_software_bsp/\libhal_bsp.a(alt_find_dev.o)
 .debug_aranges
                0x0000000000000448       0x20 ../lab3_interrupt_software_bsp/\libhal_bsp.a(alt_find_file.o)
 .debug_aranges
                0x0000000000000468       0x20 ../lab3_interrupt_software_bsp/\libhal_bsp.a(alt_get_fd.o)
 .debug_aranges
                0x0000000000000488       0x20 c:/intelfpga/18.1/nios2eds/bin/gnu/h-x86_64-mingw32/bin/../lib/gcc/nios2-elf/5.3.0/../../../../../H-x86_64-mingw32/nios2-elf/lib/mno-hw-mul\libc.a(lib_a-atexit.o)
 .debug_aranges
                0x00000000000004a8       0x20 c:/intelfpga/18.1/nios2eds/bin/gnu/h-x86_64-mingw32/bin/../lib/gcc/nios2-elf/5.3.0/../../../../../H-x86_64-mingw32/nios2-elf/lib/mno-hw-mul\libc.a(lib_a-exit.o)
 .debug_aranges
                0x00000000000004c8       0x18 c:/intelfpga/18.1/nios2eds/bin/gnu/h-x86_64-mingw32/bin/../lib/gcc/nios2-elf/5.3.0/../../../../../H-x86_64-mingw32/nios2-elf/lib/mno-hw-mul\libc.a(lib_a-impure.o)
 .debug_aranges
                0x00000000000004e0       0x18 c:/intelfpga/18.1/nios2eds/bin/gnu/h-x86_64-mingw32/bin/../lib/gcc/nios2-elf/5.3.0/../../../../../H-x86_64-mingw32/nios2-elf/lib/mno-hw-mul\libc.a(lib_a-int_errno.o)
 .debug_aranges
                0x00000000000004f8       0x20 c:/intelfpga/18.1/nios2eds/bin/gnu/h-x86_64-mingw32/bin/../lib/gcc/nios2-elf/5.3.0/../../../../../H-x86_64-mingw32/nios2-elf/lib/mno-hw-mul\libc.a(lib_a-memcmp.o)
 .debug_aranges
                0x0000000000000518       0x20 c:/intelfpga/18.1/nios2eds/bin/gnu/h-x86_64-mingw32/bin/../lib/gcc/nios2-elf/5.3.0/../../../../../H-x86_64-mingw32/nios2-elf/lib/mno-hw-mul\libc.a(lib_a-memcpy.o)
 .debug_aranges
                0x0000000000000538       0x20 c:/intelfpga/18.1/nios2eds/bin/gnu/h-x86_64-mingw32/bin/../lib/gcc/nios2-elf/5.3.0/../../../../../H-x86_64-mingw32/nios2-elf/lib/mno-hw-mul\libc.a(lib_a-strlen.o)
 .debug_aranges
                0x0000000000000558       0x20 c:/intelfpga/18.1/nios2eds/bin/gnu/h-x86_64-mingw32/bin/../lib/gcc/nios2-elf/5.3.0/../../../../../H-x86_64-mingw32/nios2-elf/lib/mno-hw-mul\libc.a(lib_a-__atexit.o)
 .debug_aranges
                0x0000000000000578       0x20 c:/intelfpga/18.1/nios2eds/bin/gnu/h-x86_64-mingw32/bin/../lib/gcc/nios2-elf/5.3.0/../../../../../H-x86_64-mingw32/nios2-elf/lib/mno-hw-mul\libc.a(lib_a-__call_atexit.o)
 .debug_aranges
                0x0000000000000598       0x20 c:/intelfpga/18.1/nios2eds/bin/gnu/h-x86_64-mingw32/bin/../lib/gcc/nios2-elf/5.3.0/mno-hw-mul\libgcc.a(lib2-mul.o)
 .debug_aranges
                0x00000000000005b8       0x20 ../lab3_interrupt_software_bsp/\libhal_bsp.a(alt_exit.o)

.debug_pubnames
 *(.debug_pubnames)

.debug_info     0x0000000000000000     0x7881
 *(.debug_info .gnu.linkonce.wi.*)
 .debug_info    0x0000000000000000       0x6b ../lab3_interrupt_software_bsp//obj/HAL/src/crt0.o
 .debug_info    0x000000000000006b      0x209 obj/default/l3_proceedure.o
 .debug_info    0x0000000000000274      0x350 ../lab3_interrupt_software_bsp/\libhal_bsp.a(alt_iic.o)
 .debug_info    0x00000000000005c4      0x1ef ../lab3_interrupt_software_bsp/\libhal_bsp.a(alt_iic_isr_register.o)
 .debug_info    0x00000000000007b3       0x74 ../lab3_interrupt_software_bsp/\libhal_bsp.a(alt_irq_entry.o)
 .debug_info    0x0000000000000827      0x187 ../lab3_interrupt_software_bsp/\libhal_bsp.a(alt_irq_handler.o)
 .debug_info    0x00000000000009ae       0x88 ../lab3_interrupt_software_bsp/\libhal_bsp.a(alt_irq_vars.o)
 .debug_info    0x0000000000000a36      0x145 ../lab3_interrupt_software_bsp/\libhal_bsp.a(alt_load.o)
 .debug_info    0x0000000000000b7b      0x131 ../lab3_interrupt_software_bsp/\libhal_bsp.a(alt_main.o)
 .debug_info    0x0000000000000cac      0x4d9 ../lab3_interrupt_software_bsp/\libhal_bsp.a(alt_sys_init.o)
 .debug_info    0x0000000000001185      0x52e ../lab3_interrupt_software_bsp/\libhal_bsp.a(altera_avalon_jtag_uart_fd.o)
 .debug_info    0x00000000000016b3      0x3a0 ../lab3_interrupt_software_bsp/\libhal_bsp.a(altera_avalon_jtag_uart_init.o)
 .debug_info    0x0000000000001a53      0x280 ../lab3_interrupt_software_bsp/\libhal_bsp.a(altera_avalon_jtag_uart_ioctl.o)
 .debug_info    0x0000000000001cd3      0x345 ../lab3_interrupt_software_bsp/\libhal_bsp.a(altera_avalon_jtag_uart_read.o)
 .debug_info    0x0000000000002018      0x340 ../lab3_interrupt_software_bsp/\libhal_bsp.a(altera_avalon_jtag_uart_write.o)
 .debug_info    0x0000000000002358      0x226 ../lab3_interrupt_software_bsp/\libhal_bsp.a(altera_avalon_timer_sc.o)
 .debug_info    0x000000000000257e      0x2cc ../lab3_interrupt_software_bsp/\libhal_bsp.a(alt_alarm_start.o)
 .debug_info    0x000000000000284a      0x321 ../lab3_interrupt_software_bsp/\libhal_bsp.a(alt_close.o)
 .debug_info    0x0000000000002b6b       0x92 ../lab3_interrupt_software_bsp/\libhal_bsp.a(alt_dcache_flush_all.o)
 .debug_info    0x0000000000002bfd      0x49c ../lab3_interrupt_software_bsp/\libhal_bsp.a(alt_dev.o)
 .debug_info    0x0000000000003099      0x1a9 ../lab3_interrupt_software_bsp/\libhal_bsp.a(alt_dev_llist_insert.o)
 .debug_info    0x0000000000003242       0x83 ../lab3_interrupt_software_bsp/\libhal_bsp.a(alt_do_ctors.o)
 .debug_info    0x00000000000032c5       0x83 ../lab3_interrupt_software_bsp/\libhal_bsp.a(alt_do_dtors.o)
 .debug_info    0x0000000000003348       0xa6 ../lab3_interrupt_software_bsp/\libhal_bsp.a(alt_errno.o)
 .debug_info    0x00000000000033ee       0x7a ../lab3_interrupt_software_bsp/\libhal_bsp.a(alt_exception_entry.o)
 .debug_info    0x0000000000003468       0x92 ../lab3_interrupt_software_bsp/\libhal_bsp.a(alt_icache_flush_all.o)
 .debug_info    0x00000000000034fa      0x1e7 ../lab3_interrupt_software_bsp/\libhal_bsp.a(alt_instruction_exception_entry.o)
 .debug_info    0x00000000000036e1      0x4a5 ../lab3_interrupt_software_bsp/\libhal_bsp.a(alt_io_redirect.o)
 .debug_info    0x0000000000003b86      0x3bb ../lab3_interrupt_software_bsp/\libhal_bsp.a(alt_open.o)
 .debug_info    0x0000000000003f41      0x2b0 ../lab3_interrupt_software_bsp/\libhal_bsp.a(alt_release_fd.o)
 .debug_info    0x00000000000041f1      0x299 ../lab3_interrupt_software_bsp/\libhal_bsp.a(alt_tick.o)
 .debug_info    0x000000000000448a       0x92 ../lab3_interrupt_software_bsp/\libhal_bsp.a(altera_nios2_gen2_irq.o)
 .debug_info    0x000000000000451c      0x2e9 ../lab3_interrupt_software_bsp/\libhal_bsp.a(alt_find_dev.o)
 .debug_info    0x0000000000004805      0x2e6 ../lab3_interrupt_software_bsp/\libhal_bsp.a(alt_find_file.o)
 .debug_info    0x0000000000004aeb      0x310 ../lab3_interrupt_software_bsp/\libhal_bsp.a(alt_get_fd.o)
 .debug_info    0x0000000000004dfb       0xfe c:/intelfpga/18.1/nios2eds/bin/gnu/h-x86_64-mingw32/bin/../lib/gcc/nios2-elf/5.3.0/../../../../../H-x86_64-mingw32/nios2-elf/lib/mno-hw-mul\libc.a(lib_a-atexit.o)
 .debug_info    0x0000000000004ef9      0x8e4 c:/intelfpga/18.1/nios2eds/bin/gnu/h-x86_64-mingw32/bin/../lib/gcc/nios2-elf/5.3.0/../../../../../H-x86_64-mingw32/nios2-elf/lib/mno-hw-mul\libc.a(lib_a-exit.o)
 .debug_info    0x00000000000057dd      0x8a1 c:/intelfpga/18.1/nios2eds/bin/gnu/h-x86_64-mingw32/bin/../lib/gcc/nios2-elf/5.3.0/../../../../../H-x86_64-mingw32/nios2-elf/lib/mno-hw-mul\libc.a(lib_a-impure.o)
 .debug_info    0x000000000000607e       0x8a c:/intelfpga/18.1/nios2eds/bin/gnu/h-x86_64-mingw32/bin/../lib/gcc/nios2-elf/5.3.0/../../../../../H-x86_64-mingw32/nios2-elf/lib/mno-hw-mul\libc.a(lib_a-int_errno.o)
 .debug_info    0x0000000000006108      0x11a c:/intelfpga/18.1/nios2eds/bin/gnu/h-x86_64-mingw32/bin/../lib/gcc/nios2-elf/5.3.0/../../../../../H-x86_64-mingw32/nios2-elf/lib/mno-hw-mul\libc.a(lib_a-memcmp.o)
 .debug_info    0x0000000000006222      0x144 c:/intelfpga/18.1/nios2eds/bin/gnu/h-x86_64-mingw32/bin/../lib/gcc/nios2-elf/5.3.0/../../../../../H-x86_64-mingw32/nios2-elf/lib/mno-hw-mul\libc.a(lib_a-memcpy.o)
 .debug_info    0x0000000000006366       0xe2 c:/intelfpga/18.1/nios2eds/bin/gnu/h-x86_64-mingw32/bin/../lib/gcc/nios2-elf/5.3.0/../../../../../H-x86_64-mingw32/nios2-elf/lib/mno-hw-mul\libc.a(lib_a-strlen.o)
 .debug_info    0x0000000000006448      0x934 c:/intelfpga/18.1/nios2eds/bin/gnu/h-x86_64-mingw32/bin/../lib/gcc/nios2-elf/5.3.0/../../../../../H-x86_64-mingw32/nios2-elf/lib/mno-hw-mul\libc.a(lib_a-__atexit.o)
 .debug_info    0x0000000000006d7c      0x965 c:/intelfpga/18.1/nios2eds/bin/gnu/h-x86_64-mingw32/bin/../lib/gcc/nios2-elf/5.3.0/../../../../../H-x86_64-mingw32/nios2-elf/lib/mno-hw-mul\libc.a(lib_a-__call_atexit.o)
 .debug_info    0x00000000000076e1       0xb4 c:/intelfpga/18.1/nios2eds/bin/gnu/h-x86_64-mingw32/bin/../lib/gcc/nios2-elf/5.3.0/mno-hw-mul\libgcc.a(lib2-mul.o)
 .debug_info    0x0000000000007795       0xec ../lab3_interrupt_software_bsp/\libhal_bsp.a(alt_exit.o)

.debug_abbrev   0x0000000000000000     0x2b15
 *(.debug_abbrev)
 .debug_abbrev  0x0000000000000000       0x12 ../lab3_interrupt_software_bsp//obj/HAL/src/crt0.o
 .debug_abbrev  0x0000000000000012      0x10c obj/default/l3_proceedure.o
 .debug_abbrev  0x000000000000011e      0x163 ../lab3_interrupt_software_bsp/\libhal_bsp.a(alt_iic.o)
 .debug_abbrev  0x0000000000000281      0x169 ../lab3_interrupt_software_bsp/\libhal_bsp.a(alt_iic_isr_register.o)
 .debug_abbrev  0x00000000000003ea       0x12 ../lab3_interrupt_software_bsp/\libhal_bsp.a(alt_irq_entry.o)
 .debug_abbrev  0x00000000000003fc      0x122 ../lab3_interrupt_software_bsp/\libhal_bsp.a(alt_irq_handler.o)
 .debug_abbrev  0x000000000000051e       0x40 ../lab3_interrupt_software_bsp/\libhal_bsp.a(alt_irq_vars.o)
 .debug_abbrev  0x000000000000055e       0x9f ../lab3_interrupt_software_bsp/\libhal_bsp.a(alt_load.o)
 .debug_abbrev  0x00000000000005fd       0xba ../lab3_interrupt_software_bsp/\libhal_bsp.a(alt_main.o)
 .debug_abbrev  0x00000000000006b7      0x187 ../lab3_interrupt_software_bsp/\libhal_bsp.a(alt_sys_init.o)
 .debug_abbrev  0x000000000000083e      0x127 ../lab3_interrupt_software_bsp/\libhal_bsp.a(altera_avalon_jtag_uart_fd.o)
 .debug_abbrev  0x0000000000000965      0x19e ../lab3_interrupt_software_bsp/\libhal_bsp.a(altera_avalon_jtag_uart_init.o)
 .debug_abbrev  0x0000000000000b03      0x111 ../lab3_interrupt_software_bsp/\libhal_bsp.a(altera_avalon_jtag_uart_ioctl.o)
 .debug_abbrev  0x0000000000000c14      0x1aa ../lab3_interrupt_software_bsp/\libhal_bsp.a(altera_avalon_jtag_uart_read.o)
 .debug_abbrev  0x0000000000000dbe      0x1a8 ../lab3_interrupt_software_bsp/\libhal_bsp.a(altera_avalon_jtag_uart_write.o)
 .debug_abbrev  0x0000000000000f66      0x155 ../lab3_interrupt_software_bsp/\libhal_bsp.a(altera_avalon_timer_sc.o)
 .debug_abbrev  0x00000000000010bb      0x162 ../lab3_interrupt_software_bsp/\libhal_bsp.a(alt_alarm_start.o)
 .debug_abbrev  0x000000000000121d      0x11f ../lab3_interrupt_software_bsp/\libhal_bsp.a(alt_close.o)
 .debug_abbrev  0x000000000000133c       0x42 ../lab3_interrupt_software_bsp/\libhal_bsp.a(alt_dcache_flush_all.o)
 .debug_abbrev  0x000000000000137e       0xd9 ../lab3_interrupt_software_bsp/\libhal_bsp.a(alt_dev.o)
 .debug_abbrev  0x0000000000001457      0x114 ../lab3_interrupt_software_bsp/\libhal_bsp.a(alt_dev_llist_insert.o)
 .debug_abbrev  0x000000000000156b       0x79 ../lab3_interrupt_software_bsp/\libhal_bsp.a(alt_do_ctors.o)
 .debug_abbrev  0x00000000000015e4       0x79 ../lab3_interrupt_software_bsp/\libhal_bsp.a(alt_do_dtors.o)
 .debug_abbrev  0x000000000000165d       0x5a ../lab3_interrupt_software_bsp/\libhal_bsp.a(alt_errno.o)
 .debug_abbrev  0x00000000000016b7       0x12 ../lab3_interrupt_software_bsp/\libhal_bsp.a(alt_exception_entry.o)
 .debug_abbrev  0x00000000000016c9       0x42 ../lab3_interrupt_software_bsp/\libhal_bsp.a(alt_icache_flush_all.o)
 .debug_abbrev  0x000000000000170b       0xdc ../lab3_interrupt_software_bsp/\libhal_bsp.a(alt_instruction_exception_entry.o)
 .debug_abbrev  0x00000000000017e7      0x114 ../lab3_interrupt_software_bsp/\libhal_bsp.a(alt_io_redirect.o)
 .debug_abbrev  0x00000000000018fb      0x148 ../lab3_interrupt_software_bsp/\libhal_bsp.a(alt_open.o)
 .debug_abbrev  0x0000000000001a43       0xde ../lab3_interrupt_software_bsp/\libhal_bsp.a(alt_release_fd.o)
 .debug_abbrev  0x0000000000001b21      0x15a ../lab3_interrupt_software_bsp/\libhal_bsp.a(alt_tick.o)
 .debug_abbrev  0x0000000000001c7b       0x42 ../lab3_interrupt_software_bsp/\libhal_bsp.a(altera_nios2_gen2_irq.o)
 .debug_abbrev  0x0000000000001cbd       0xf0 ../lab3_interrupt_software_bsp/\libhal_bsp.a(alt_find_dev.o)
 .debug_abbrev  0x0000000000001dad       0xf0 ../lab3_interrupt_software_bsp/\libhal_bsp.a(alt_find_file.o)
 .debug_abbrev  0x0000000000001e9d      0x10d ../lab3_interrupt_software_bsp/\libhal_bsp.a(alt_get_fd.o)
 .debug_abbrev  0x0000000000001faa       0xaa c:/intelfpga/18.1/nios2eds/bin/gnu/h-x86_64-mingw32/bin/../lib/gcc/nios2-elf/5.3.0/../../../../../H-x86_64-mingw32/nios2-elf/lib/mno-hw-mul\libc.a(lib_a-atexit.o)
 .debug_abbrev  0x0000000000002054      0x1e5 c:/intelfpga/18.1/nios2eds/bin/gnu/h-x86_64-mingw32/bin/../lib/gcc/nios2-elf/5.3.0/../../../../../H-x86_64-mingw32/nios2-elf/lib/mno-hw-mul\libc.a(lib_a-exit.o)
 .debug_abbrev  0x0000000000002239      0x18f c:/intelfpga/18.1/nios2eds/bin/gnu/h-x86_64-mingw32/bin/../lib/gcc/nios2-elf/5.3.0/../../../../../H-x86_64-mingw32/nios2-elf/lib/mno-hw-mul\libc.a(lib_a-impure.o)
 .debug_abbrev  0x00000000000023c8       0x37 c:/intelfpga/18.1/nios2eds/bin/gnu/h-x86_64-mingw32/bin/../lib/gcc/nios2-elf/5.3.0/../../../../../H-x86_64-mingw32/nios2-elf/lib/mno-hw-mul\libc.a(lib_a-int_errno.o)
 .debug_abbrev  0x00000000000023ff       0x7f c:/intelfpga/18.1/nios2eds/bin/gnu/h-x86_64-mingw32/bin/../lib/gcc/nios2-elf/5.3.0/../../../../../H-x86_64-mingw32/nios2-elf/lib/mno-hw-mul\libc.a(lib_a-memcmp.o)
 .debug_abbrev  0x000000000000247e       0xa3 c:/intelfpga/18.1/nios2eds/bin/gnu/h-x86_64-mingw32/bin/../lib/gcc/nios2-elf/5.3.0/../../../../../H-x86_64-mingw32/nios2-elf/lib/mno-hw-mul\libc.a(lib_a-memcpy.o)
 .debug_abbrev  0x0000000000002521       0x90 c:/intelfpga/18.1/nios2eds/bin/gnu/h-x86_64-mingw32/bin/../lib/gcc/nios2-elf/5.3.0/../../../../../H-x86_64-mingw32/nios2-elf/lib/mno-hw-mul\libc.a(lib_a-strlen.o)
 .debug_abbrev  0x00000000000025b1      0x21e c:/intelfpga/18.1/nios2eds/bin/gnu/h-x86_64-mingw32/bin/../lib/gcc/nios2-elf/5.3.0/../../../../../H-x86_64-mingw32/nios2-elf/lib/mno-hw-mul\libc.a(lib_a-__atexit.o)
 .debug_abbrev  0x00000000000027cf      0x22e c:/intelfpga/18.1/nios2eds/bin/gnu/h-x86_64-mingw32/bin/../lib/gcc/nios2-elf/5.3.0/../../../../../H-x86_64-mingw32/nios2-elf/lib/mno-hw-mul\libc.a(lib_a-__call_atexit.o)
 .debug_abbrev  0x00000000000029fd       0x6f c:/intelfpga/18.1/nios2eds/bin/gnu/h-x86_64-mingw32/bin/../lib/gcc/nios2-elf/5.3.0/mno-hw-mul\libgcc.a(lib2-mul.o)
 .debug_abbrev  0x0000000000002a6c       0xa9 ../lab3_interrupt_software_bsp/\libhal_bsp.a(alt_exit.o)

.debug_line     0x0000000000000000     0x2ac9
 *(.debug_line)
 .debug_line    0x0000000000000000       0x66 ../lab3_interrupt_software_bsp//obj/HAL/src/crt0.o
 .debug_line    0x0000000000000066       0xac obj/default/l3_proceedure.o
 .debug_line    0x0000000000000112       0xeb ../lab3_interrupt_software_bsp/\libhal_bsp.a(alt_iic.o)
 .debug_line    0x00000000000001fd       0xdb ../lab3_interrupt_software_bsp/\libhal_bsp.a(alt_iic_isr_register.o)
 .debug_line    0x00000000000002d8       0x6b ../lab3_interrupt_software_bsp/\libhal_bsp.a(alt_irq_entry.o)
 .debug_line    0x0000000000000343       0xaa ../lab3_interrupt_software_bsp/\libhal_bsp.a(alt_irq_handler.o)
 .debug_line    0x00000000000003ed       0x50 ../lab3_interrupt_software_bsp/\libhal_bsp.a(alt_irq_vars.o)
 .debug_line    0x000000000000043d       0x8e ../lab3_interrupt_software_bsp/\libhal_bsp.a(alt_load.o)
 .debug_line    0x00000000000004cb       0xa4 ../lab3_interrupt_software_bsp/\libhal_bsp.a(alt_main.o)
 .debug_line    0x000000000000056f      0x152 ../lab3_interrupt_software_bsp/\libhal_bsp.a(alt_sys_init.o)
 .debug_line    0x00000000000006c1      0x12f ../lab3_interrupt_software_bsp/\libhal_bsp.a(altera_avalon_jtag_uart_fd.o)
 .debug_line    0x00000000000007f0      0x18b ../lab3_interrupt_software_bsp/\libhal_bsp.a(altera_avalon_jtag_uart_init.o)
 .debug_line    0x000000000000097b      0x131 ../lab3_interrupt_software_bsp/\libhal_bsp.a(altera_avalon_jtag_uart_ioctl.o)
 .debug_line    0x0000000000000aac      0x171 ../lab3_interrupt_software_bsp/\libhal_bsp.a(altera_avalon_jtag_uart_read.o)
 .debug_line    0x0000000000000c1d      0x170 ../lab3_interrupt_software_bsp/\libhal_bsp.a(altera_avalon_jtag_uart_write.o)
 .debug_line    0x0000000000000d8d       0xfd ../lab3_interrupt_software_bsp/\libhal_bsp.a(altera_avalon_timer_sc.o)
 .debug_line    0x0000000000000e8a       0xf9 ../lab3_interrupt_software_bsp/\libhal_bsp.a(alt_alarm_start.o)
 .debug_line    0x0000000000000f83      0x160 ../lab3_interrupt_software_bsp/\libhal_bsp.a(alt_close.o)
 .debug_line    0x00000000000010e3       0x51 ../lab3_interrupt_software_bsp/\libhal_bsp.a(alt_dcache_flush_all.o)
 .debug_line    0x0000000000001134       0xf3 ../lab3_interrupt_software_bsp/\libhal_bsp.a(alt_dev.o)
 .debug_line    0x0000000000001227       0xcf ../lab3_interrupt_software_bsp/\libhal_bsp.a(alt_dev_llist_insert.o)
 .debug_line    0x00000000000012f6       0x59 ../lab3_interrupt_software_bsp/\libhal_bsp.a(alt_do_ctors.o)
 .debug_line    0x000000000000134f       0x59 ../lab3_interrupt_software_bsp/\libhal_bsp.a(alt_do_dtors.o)
 .debug_line    0x00000000000013a8       0x51 ../lab3_interrupt_software_bsp/\libhal_bsp.a(alt_errno.o)
 .debug_line    0x00000000000013f9       0xb3 ../lab3_interrupt_software_bsp/\libhal_bsp.a(alt_exception_entry.o)
 .debug_line    0x00000000000014ac       0x4f ../lab3_interrupt_software_bsp/\libhal_bsp.a(alt_icache_flush_all.o)
 .debug_line    0x00000000000014fb       0xb9 ../lab3_interrupt_software_bsp/\libhal_bsp.a(alt_instruction_exception_entry.o)
 .debug_line    0x00000000000015b4      0x130 ../lab3_interrupt_software_bsp/\libhal_bsp.a(alt_io_redirect.o)
 .debug_line    0x00000000000016e4      0x12b ../lab3_interrupt_software_bsp/\libhal_bsp.a(alt_open.o)
 .debug_line    0x000000000000180f       0xb0 ../lab3_interrupt_software_bsp/\libhal_bsp.a(alt_release_fd.o)
 .debug_line    0x00000000000018bf       0xff ../lab3_interrupt_software_bsp/\libhal_bsp.a(alt_tick.o)
 .debug_line    0x00000000000019be       0x51 ../lab3_interrupt_software_bsp/\libhal_bsp.a(altera_nios2_gen2_irq.o)
 .debug_line    0x0000000000001a0f       0xb5 ../lab3_interrupt_software_bsp/\libhal_bsp.a(alt_find_dev.o)
 .debug_line    0x0000000000001ac4       0xd1 ../lab3_interrupt_software_bsp/\libhal_bsp.a(alt_find_file.o)
 .debug_line    0x0000000000001b95       0xd7 ../lab3_interrupt_software_bsp/\libhal_bsp.a(alt_get_fd.o)
 .debug_line    0x0000000000001c6c       0xe7 c:/intelfpga/18.1/nios2eds/bin/gnu/h-x86_64-mingw32/bin/../lib/gcc/nios2-elf/5.3.0/../../../../../H-x86_64-mingw32/nios2-elf/lib/mno-hw-mul\libc.a(lib_a-atexit.o)
 .debug_line    0x0000000000001d53      0x1fc c:/intelfpga/18.1/nios2eds/bin/gnu/h-x86_64-mingw32/bin/../lib/gcc/nios2-elf/5.3.0/../../../../../H-x86_64-mingw32/nios2-elf/lib/mno-hw-mul\libc.a(lib_a-exit.o)
 .debug_line    0x0000000000001f4f      0x160 c:/intelfpga/18.1/nios2eds/bin/gnu/h-x86_64-mingw32/bin/../lib/gcc/nios2-elf/5.3.0/../../../../../H-x86_64-mingw32/nios2-elf/lib/mno-hw-mul\libc.a(lib_a-impure.o)
 .debug_line    0x00000000000020af       0x5f c:/intelfpga/18.1/nios2eds/bin/gnu/h-x86_64-mingw32/bin/../lib/gcc/nios2-elf/5.3.0/../../../../../H-x86_64-mingw32/nios2-elf/lib/mno-hw-mul\libc.a(lib_a-int_errno.o)
 .debug_line    0x000000000000210e      0x176 c:/intelfpga/18.1/nios2eds/bin/gnu/h-x86_64-mingw32/bin/../lib/gcc/nios2-elf/5.3.0/../../../../../H-x86_64-mingw32/nios2-elf/lib/mno-hw-mul\libc.a(lib_a-memcmp.o)
 .debug_line    0x0000000000002284      0x18c c:/intelfpga/18.1/nios2eds/bin/gnu/h-x86_64-mingw32/bin/../lib/gcc/nios2-elf/5.3.0/../../../../../H-x86_64-mingw32/nios2-elf/lib/mno-hw-mul\libc.a(lib_a-memcpy.o)
 .debug_line    0x0000000000002410      0x16f c:/intelfpga/18.1/nios2eds/bin/gnu/h-x86_64-mingw32/bin/../lib/gcc/nios2-elf/5.3.0/../../../../../H-x86_64-mingw32/nios2-elf/lib/mno-hw-mul\libc.a(lib_a-strlen.o)
 .debug_line    0x000000000000257f      0x21f c:/intelfpga/18.1/nios2eds/bin/gnu/h-x86_64-mingw32/bin/../lib/gcc/nios2-elf/5.3.0/../../../../../H-x86_64-mingw32/nios2-elf/lib/mno-hw-mul\libc.a(lib_a-__atexit.o)
 .debug_line    0x000000000000279e      0x23a c:/intelfpga/18.1/nios2eds/bin/gnu/h-x86_64-mingw32/bin/../lib/gcc/nios2-elf/5.3.0/../../../../../H-x86_64-mingw32/nios2-elf/lib/mno-hw-mul\libc.a(lib_a-__call_atexit.o)
 .debug_line    0x00000000000029d8       0x80 c:/intelfpga/18.1/nios2eds/bin/gnu/h-x86_64-mingw32/bin/../lib/gcc/nios2-elf/5.3.0/mno-hw-mul\libgcc.a(lib2-mul.o)
 .debug_line    0x0000000000002a58       0x71 ../lab3_interrupt_software_bsp/\libhal_bsp.a(alt_exit.o)

.debug_frame    0x0000000000000000      0xb4c
 *(.debug_frame)
 .debug_frame   0x0000000000000000       0x74 obj/default/l3_proceedure.o
 .debug_frame   0x0000000000000074       0xa4 ../lab3_interrupt_software_bsp/\libhal_bsp.a(alt_iic.o)
 .debug_frame   0x0000000000000118       0x38 ../lab3_interrupt_software_bsp/\libhal_bsp.a(alt_iic_isr_register.o)
 .debug_frame   0x0000000000000150       0x38 ../lab3_interrupt_software_bsp/\libhal_bsp.a(alt_irq_handler.o)
 .debug_frame   0x0000000000000188       0x5c ../lab3_interrupt_software_bsp/\libhal_bsp.a(alt_load.o)
 .debug_frame   0x00000000000001e4       0x2c ../lab3_interrupt_software_bsp/\libhal_bsp.a(alt_main.o)
 .debug_frame   0x0000000000000210       0x88 ../lab3_interrupt_software_bsp/\libhal_bsp.a(alt_sys_init.o)
 .debug_frame   0x0000000000000298       0xb0 ../lab3_interrupt_software_bsp/\libhal_bsp.a(altera_avalon_jtag_uart_fd.o)
 .debug_frame   0x0000000000000348       0xa4 ../lab3_interrupt_software_bsp/\libhal_bsp.a(altera_avalon_jtag_uart_init.o)
 .debug_frame   0x00000000000003ec       0x34 ../lab3_interrupt_software_bsp/\libhal_bsp.a(altera_avalon_jtag_uart_ioctl.o)
 .debug_frame   0x0000000000000420       0x38 ../lab3_interrupt_software_bsp/\libhal_bsp.a(altera_avalon_jtag_uart_read.o)
 .debug_frame   0x0000000000000458       0x38 ../lab3_interrupt_software_bsp/\libhal_bsp.a(altera_avalon_jtag_uart_write.o)
 .debug_frame   0x0000000000000490       0x60 ../lab3_interrupt_software_bsp/\libhal_bsp.a(altera_avalon_timer_sc.o)
 .debug_frame   0x00000000000004f0       0x34 ../lab3_interrupt_software_bsp/\libhal_bsp.a(alt_alarm_start.o)
 .debug_frame   0x0000000000000524       0x60 ../lab3_interrupt_software_bsp/\libhal_bsp.a(alt_close.o)
 .debug_frame   0x0000000000000584       0x34 ../lab3_interrupt_software_bsp/\libhal_bsp.a(alt_dcache_flush_all.o)
 .debug_frame   0x00000000000005b8       0x34 ../lab3_interrupt_software_bsp/\libhal_bsp.a(alt_dev.o)
 .debug_frame   0x00000000000005ec       0x60 ../lab3_interrupt_software_bsp/\libhal_bsp.a(alt_dev_llist_insert.o)
 .debug_frame   0x000000000000064c       0x38 ../lab3_interrupt_software_bsp/\libhal_bsp.a(alt_do_ctors.o)
 .debug_frame   0x0000000000000684       0x38 ../lab3_interrupt_software_bsp/\libhal_bsp.a(alt_do_dtors.o)
 .debug_frame   0x00000000000006bc       0x34 ../lab3_interrupt_software_bsp/\libhal_bsp.a(alt_icache_flush_all.o)
 .debug_frame   0x00000000000006f0       0x5c ../lab3_interrupt_software_bsp/\libhal_bsp.a(alt_instruction_exception_entry.o)
 .debug_frame   0x000000000000074c       0x64 ../lab3_interrupt_software_bsp/\libhal_bsp.a(alt_io_redirect.o)
 .debug_frame   0x00000000000007b0       0x8c ../lab3_interrupt_software_bsp/\libhal_bsp.a(alt_open.o)
 .debug_frame   0x000000000000083c       0x3c ../lab3_interrupt_software_bsp/\libhal_bsp.a(alt_release_fd.o)
 .debug_frame   0x0000000000000878       0x5c ../lab3_interrupt_software_bsp/\libhal_bsp.a(alt_tick.o)
 .debug_frame   0x00000000000008d4       0x34 ../lab3_interrupt_software_bsp/\libhal_bsp.a(altera_nios2_gen2_irq.o)
 .debug_frame   0x0000000000000908       0x38 ../lab3_interrupt_software_bsp/\libhal_bsp.a(alt_find_dev.o)
 .debug_frame   0x0000000000000940       0x38 ../lab3_interrupt_software_bsp/\libhal_bsp.a(alt_find_file.o)
 .debug_frame   0x0000000000000978       0x3c ../lab3_interrupt_software_bsp/\libhal_bsp.a(alt_get_fd.o)
 .debug_frame   0x00000000000009b4       0x20 c:/intelfpga/18.1/nios2eds/bin/gnu/h-x86_64-mingw32/bin/../lib/gcc/nios2-elf/5.3.0/../../../../../H-x86_64-mingw32/nios2-elf/lib/mno-hw-mul\libc.a(lib_a-atexit.o)
 .debug_frame   0x00000000000009d4       0x28 c:/intelfpga/18.1/nios2eds/bin/gnu/h-x86_64-mingw32/bin/../lib/gcc/nios2-elf/5.3.0/../../../../../H-x86_64-mingw32/nios2-elf/lib/mno-hw-mul\libc.a(lib_a-exit.o)
 .debug_frame   0x00000000000009fc       0x20 c:/intelfpga/18.1/nios2eds/bin/gnu/h-x86_64-mingw32/bin/../lib/gcc/nios2-elf/5.3.0/../../../../../H-x86_64-mingw32/nios2-elf/lib/mno-hw-mul\libc.a(lib_a-memcmp.o)
 .debug_frame   0x0000000000000a1c       0x38 c:/intelfpga/18.1/nios2eds/bin/gnu/h-x86_64-mingw32/bin/../lib/gcc/nios2-elf/5.3.0/../../../../../H-x86_64-mingw32/nios2-elf/lib/mno-hw-mul\libc.a(lib_a-memcpy.o)
 .debug_frame   0x0000000000000a54       0x20 c:/intelfpga/18.1/nios2eds/bin/gnu/h-x86_64-mingw32/bin/../lib/gcc/nios2-elf/5.3.0/../../../../../H-x86_64-mingw32/nios2-elf/lib/mno-hw-mul\libc.a(lib_a-strlen.o)
 .debug_frame   0x0000000000000a74       0x38 c:/intelfpga/18.1/nios2eds/bin/gnu/h-x86_64-mingw32/bin/../lib/gcc/nios2-elf/5.3.0/../../../../../H-x86_64-mingw32/nios2-elf/lib/mno-hw-mul\libc.a(lib_a-__atexit.o)
 .debug_frame   0x0000000000000aac       0x54 c:/intelfpga/18.1/nios2eds/bin/gnu/h-x86_64-mingw32/bin/../lib/gcc/nios2-elf/5.3.0/../../../../../H-x86_64-mingw32/nios2-elf/lib/mno-hw-mul\libc.a(lib_a-__call_atexit.o)
 .debug_frame   0x0000000000000b00       0x20 c:/intelfpga/18.1/nios2eds/bin/gnu/h-x86_64-mingw32/bin/../lib/gcc/nios2-elf/5.3.0/mno-hw-mul\libgcc.a(lib2-mul.o)
 .debug_frame   0x0000000000000b20       0x2c ../lab3_interrupt_software_bsp/\libhal_bsp.a(alt_exit.o)

.debug_str      0x0000000000000000     0x1cab
 *(.debug_str)
 .debug_str     0x0000000000000000      0x1de obj/default/l3_proceedure.o
                                        0x229 (size before relaxing)
 .debug_str     0x00000000000001de      0x13a ../lab3_interrupt_software_bsp/\libhal_bsp.a(alt_iic.o)
                                        0x23b (size before relaxing)
 .debug_str     0x0000000000000318       0x4c ../lab3_interrupt_software_bsp/\libhal_bsp.a(alt_iic_isr_register.o)
                                        0x1e5 (size before relaxing)
 .debug_str     0x0000000000000364       0x3a ../lab3_interrupt_software_bsp/\libhal_bsp.a(alt_irq_handler.o)
                                        0x194 (size before relaxing)
 .debug_str     0x000000000000039e       0x17 ../lab3_interrupt_software_bsp/\libhal_bsp.a(alt_irq_vars.o)
                                        0x137 (size before relaxing)
 .debug_str     0x00000000000003b5       0xe9 ../lab3_interrupt_software_bsp/\libhal_bsp.a(alt_load.o)
                                        0x20f (size before relaxing)
 .debug_str     0x000000000000049e       0x44 ../lab3_interrupt_software_bsp/\libhal_bsp.a(alt_main.o)
                                        0x19a (size before relaxing)
 .debug_str     0x00000000000004e2      0x1da ../lab3_interrupt_software_bsp/\libhal_bsp.a(alt_sys_init.o)
                                        0x38d (size before relaxing)
 .debug_str     0x00000000000006bc       0xb9 ../lab3_interrupt_software_bsp/\libhal_bsp.a(altera_avalon_jtag_uart_fd.o)
                                        0x3a1 (size before relaxing)
 .debug_str     0x0000000000000775       0xd1 ../lab3_interrupt_software_bsp/\libhal_bsp.a(altera_avalon_jtag_uart_init.o)
                                        0x335 (size before relaxing)
 .debug_str     0x0000000000000846       0x4a ../lab3_interrupt_software_bsp/\libhal_bsp.a(altera_avalon_jtag_uart_ioctl.o)
                                        0x290 (size before relaxing)
 .debug_str     0x0000000000000890       0x48 ../lab3_interrupt_software_bsp/\libhal_bsp.a(altera_avalon_jtag_uart_read.o)
                                        0x2e5 (size before relaxing)
 .debug_str     0x00000000000008d8       0x4a ../lab3_interrupt_software_bsp/\libhal_bsp.a(altera_avalon_jtag_uart_write.o)
                                        0x2e6 (size before relaxing)
 .debug_str     0x0000000000000922       0x6d ../lab3_interrupt_software_bsp/\libhal_bsp.a(altera_avalon_timer_sc.o)
                                        0x248 (size before relaxing)
 .debug_str     0x000000000000098f       0x59 ../lab3_interrupt_software_bsp/\libhal_bsp.a(alt_alarm_start.o)
                                        0x27b (size before relaxing)
 .debug_str     0x00000000000009e8       0x44 ../lab3_interrupt_software_bsp/\libhal_bsp.a(alt_close.o)
                                        0x208 (size before relaxing)
 .debug_str     0x0000000000000a2c       0x34 ../lab3_interrupt_software_bsp/\libhal_bsp.a(alt_dcache_flush_all.o)
                                        0x152 (size before relaxing)
 .debug_str     0x0000000000000a60      0x120 ../lab3_interrupt_software_bsp/\libhal_bsp.a(alt_dev.o)
                                        0x302 (size before relaxing)
 .debug_str     0x0000000000000b80       0x34 ../lab3_interrupt_software_bsp/\libhal_bsp.a(alt_dev_llist_insert.o)
                                        0x1c9 (size before relaxing)
 .debug_str     0x0000000000000bb4       0x48 ../lab3_interrupt_software_bsp/\libhal_bsp.a(alt_do_ctors.o)
                                         0xcd (size before relaxing)
 .debug_str     0x0000000000000bfc       0x4c ../lab3_interrupt_software_bsp/\libhal_bsp.a(alt_do_dtors.o)
                                         0xcc (size before relaxing)
 .debug_str     0x0000000000000c48       0x14 ../lab3_interrupt_software_bsp/\libhal_bsp.a(alt_errno.o)
                                        0x142 (size before relaxing)
 .debug_str     0x0000000000000c5c       0x34 ../lab3_interrupt_software_bsp/\libhal_bsp.a(alt_icache_flush_all.o)
                                        0x152 (size before relaxing)
 .debug_str     0x0000000000000c90      0x48b ../lab3_interrupt_software_bsp/\libhal_bsp.a(alt_instruction_exception_entry.o)
                                        0x59d (size before relaxing)
 .debug_str     0x000000000000111b       0x56 ../lab3_interrupt_software_bsp/\libhal_bsp.a(alt_io_redirect.o)
                                        0x313 (size before relaxing)
 .debug_str     0x0000000000001171       0x2f ../lab3_interrupt_software_bsp/\libhal_bsp.a(alt_open.o)
                                        0x248 (size before relaxing)
 .debug_str     0x00000000000011a0       0x28 ../lab3_interrupt_software_bsp/\libhal_bsp.a(alt_release_fd.o)
                                        0x1d0 (size before relaxing)
 .debug_str     0x00000000000011c8       0x4a ../lab3_interrupt_software_bsp/\libhal_bsp.a(alt_tick.o)
                                        0x24f (size before relaxing)
 .debug_str     0x0000000000001212       0x3b ../lab3_interrupt_software_bsp/\libhal_bsp.a(altera_nios2_gen2_irq.o)
                                        0x159 (size before relaxing)
 .debug_str     0x000000000000124d       0x24 ../lab3_interrupt_software_bsp/\libhal_bsp.a(alt_find_dev.o)
                                        0x1e9 (size before relaxing)
 .debug_str     0x0000000000001271       0x26 ../lab3_interrupt_software_bsp/\libhal_bsp.a(alt_find_file.o)
                                        0x1f7 (size before relaxing)
 .debug_str     0x0000000000001297       0x30 ../lab3_interrupt_software_bsp/\libhal_bsp.a(alt_get_fd.o)
                                        0x219 (size before relaxing)
 .debug_str     0x00000000000012c7      0x17c c:/intelfpga/18.1/nios2eds/bin/gnu/h-x86_64-mingw32/bin/../lib/gcc/nios2-elf/5.3.0/../../../../../H-x86_64-mingw32/nios2-elf/lib/mno-hw-mul\libc.a(lib_a-atexit.o)
                                        0x221 (size before relaxing)
 .debug_str     0x0000000000001443      0x3a7 c:/intelfpga/18.1/nios2eds/bin/gnu/h-x86_64-mingw32/bin/../lib/gcc/nios2-elf/5.3.0/../../../../../H-x86_64-mingw32/nios2-elf/lib/mno-hw-mul\libc.a(lib_a-exit.o)
                                        0x5be (size before relaxing)
 .debug_str     0x00000000000017ea       0xd6 c:/intelfpga/18.1/nios2eds/bin/gnu/h-x86_64-mingw32/bin/../lib/gcc/nios2-elf/5.3.0/../../../../../H-x86_64-mingw32/nios2-elf/lib/mno-hw-mul\libc.a(lib_a-impure.o)
                                        0x5b5 (size before relaxing)
 .debug_str     0x00000000000018c0       0x3f c:/intelfpga/18.1/nios2eds/bin/gnu/h-x86_64-mingw32/bin/../lib/gcc/nios2-elf/5.3.0/../../../../../H-x86_64-mingw32/nios2-elf/lib/mno-hw-mul\libc.a(lib_a-int_errno.o)
                                        0x1dd (size before relaxing)
 .debug_str     0x00000000000018ff       0xda c:/intelfpga/18.1/nios2eds/bin/gnu/h-x86_64-mingw32/bin/../lib/gcc/nios2-elf/5.3.0/../../../../../H-x86_64-mingw32/nios2-elf/lib/mno-hw-mul\libc.a(lib_a-memcmp.o)
                                        0x1e4 (size before relaxing)
 .debug_str     0x00000000000019d9       0x6b c:/intelfpga/18.1/nios2eds/bin/gnu/h-x86_64-mingw32/bin/../lib/gcc/nios2-elf/5.3.0/../../../../../H-x86_64-mingw32/nios2-elf/lib/mno-hw-mul\libc.a(lib_a-memcpy.o)
                                        0x20b (size before relaxing)
 .debug_str     0x0000000000001a44       0x51 c:/intelfpga/18.1/nios2eds/bin/gnu/h-x86_64-mingw32/bin/../lib/gcc/nios2-elf/5.3.0/../../../../../H-x86_64-mingw32/nios2-elf/lib/mno-hw-mul\libc.a(lib_a-strlen.o)
                                        0x1f7 (size before relaxing)
 .debug_str     0x0000000000001a95       0x3f c:/intelfpga/18.1/nios2eds/bin/gnu/h-x86_64-mingw32/bin/../lib/gcc/nios2-elf/5.3.0/../../../../../H-x86_64-mingw32/nios2-elf/lib/mno-hw-mul\libc.a(lib_a-__atexit.o)
                                        0x5f6 (size before relaxing)
 .debug_str     0x0000000000001ad4       0x65 c:/intelfpga/18.1/nios2eds/bin/gnu/h-x86_64-mingw32/bin/../lib/gcc/nios2-elf/5.3.0/../../../../../H-x86_64-mingw32/nios2-elf/lib/mno-hw-mul\libc.a(lib_a-__call_atexit.o)
                                        0x5e2 (size before relaxing)
 .debug_str     0x0000000000001b39      0x148 c:/intelfpga/18.1/nios2eds/bin/gnu/h-x86_64-mingw32/bin/../lib/gcc/nios2-elf/5.3.0/mno-hw-mul\libgcc.a(lib2-mul.o)
                                        0x193 (size before relaxing)
 .debug_str     0x0000000000001c81       0x2a ../lab3_interrupt_software_bsp/\libhal_bsp.a(alt_exit.o)
                                        0x14e (size before relaxing)

.debug_loc      0x0000000000000000      0x803
 *(.debug_loc)
 .debug_loc     0x0000000000000000       0x2c c:/intelfpga/18.1/nios2eds/bin/gnu/h-x86_64-mingw32/bin/../lib/gcc/nios2-elf/5.3.0/../../../../../H-x86_64-mingw32/nios2-elf/lib/mno-hw-mul\libc.a(lib_a-atexit.o)
 .debug_loc     0x000000000000002c       0x1e c:/intelfpga/18.1/nios2eds/bin/gnu/h-x86_64-mingw32/bin/../lib/gcc/nios2-elf/5.3.0/../../../../../H-x86_64-mingw32/nios2-elf/lib/mno-hw-mul\libc.a(lib_a-exit.o)
 .debug_loc     0x000000000000004a      0x126 c:/intelfpga/18.1/nios2eds/bin/gnu/h-x86_64-mingw32/bin/../lib/gcc/nios2-elf/5.3.0/../../../../../H-x86_64-mingw32/nios2-elf/lib/mno-hw-mul\libc.a(lib_a-memcmp.o)
 .debug_loc     0x0000000000000170      0x266 c:/intelfpga/18.1/nios2eds/bin/gnu/h-x86_64-mingw32/bin/../lib/gcc/nios2-elf/5.3.0/../../../../../H-x86_64-mingw32/nios2-elf/lib/mno-hw-mul\libc.a(lib_a-memcpy.o)
 .debug_loc     0x00000000000003d6       0x47 c:/intelfpga/18.1/nios2eds/bin/gnu/h-x86_64-mingw32/bin/../lib/gcc/nios2-elf/5.3.0/../../../../../H-x86_64-mingw32/nios2-elf/lib/mno-hw-mul\libc.a(lib_a-strlen.o)
 .debug_loc     0x000000000000041d      0x185 c:/intelfpga/18.1/nios2eds/bin/gnu/h-x86_64-mingw32/bin/../lib/gcc/nios2-elf/5.3.0/../../../../../H-x86_64-mingw32/nios2-elf/lib/mno-hw-mul\libc.a(lib_a-__atexit.o)
 .debug_loc     0x00000000000005a2      0x1ce c:/intelfpga/18.1/nios2eds/bin/gnu/h-x86_64-mingw32/bin/../lib/gcc/nios2-elf/5.3.0/../../../../../H-x86_64-mingw32/nios2-elf/lib/mno-hw-mul\libc.a(lib_a-__call_atexit.o)
 .debug_loc     0x0000000000000770       0x93 c:/intelfpga/18.1/nios2eds/bin/gnu/h-x86_64-mingw32/bin/../lib/gcc/nios2-elf/5.3.0/mno-hw-mul\libgcc.a(lib2-mul.o)

.debug_macinfo
 *(.debug_macinfo)

.debug_weaknames
 *(.debug_weaknames)

.debug_funcnames
 *(.debug_funcnames)

.debug_typenames
 *(.debug_typenames)

.debug_varnames
 *(.debug_varnames)

.debug_alt_sim_info
                0x0000000000000000       0x10
 *(.debug_alt_sim_info)
 .debug_alt_sim_info
                0x0000000000000000       0x10 ../lab3_interrupt_software_bsp//obj/HAL/src/crt0.o
                0x000000000000fd00                __alt_data_end = 0xfd00
                0x000000000000fd00                PROVIDE (__alt_stack_pointer, __alt_data_end)
                [!provide]                        PROVIDE (__alt_stack_limit, __alt_stack_base)
                [!provide]                        PROVIDE (__alt_heap_start, end)
                [!provide]                        PROVIDE (__alt_heap_limit, 0xfd00)
OUTPUT(lab3_interrupt_software.elf elf32-littlenios2)

.debug_ranges   0x0000000000000000      0x178
 .debug_ranges  0x0000000000000000       0x20 ../lab3_interrupt_software_bsp//obj/HAL/src/crt0.o
 .debug_ranges  0x0000000000000020       0x28 ../lab3_interrupt_software_bsp/\libhal_bsp.a(alt_irq_entry.o)
 .debug_ranges  0x0000000000000048       0x10 ../lab3_interrupt_software_bsp/\libhal_bsp.a(alt_irq_handler.o)
 .debug_ranges  0x0000000000000058       0x30 ../lab3_interrupt_software_bsp/\libhal_bsp.a(altera_avalon_jtag_uart_init.o)
 .debug_ranges  0x0000000000000088       0x18 ../lab3_interrupt_software_bsp/\libhal_bsp.a(altera_avalon_jtag_uart_read.o)
 .debug_ranges  0x00000000000000a0       0x30 ../lab3_interrupt_software_bsp/\libhal_bsp.a(alt_exception_entry.o)
 .debug_ranges  0x00000000000000d0       0x18 ../lab3_interrupt_software_bsp/\libhal_bsp.a(alt_instruction_exception_entry.o)
 .debug_ranges  0x00000000000000e8       0x10 c:/intelfpga/18.1/nios2eds/bin/gnu/h-x86_64-mingw32/bin/../lib/gcc/nios2-elf/5.3.0/../../../../../H-x86_64-mingw32/nios2-elf/lib/mno-hw-mul\libc.a(lib_a-atexit.o)
 .debug_ranges  0x00000000000000f8       0x10 c:/intelfpga/18.1/nios2eds/bin/gnu/h-x86_64-mingw32/bin/../lib/gcc/nios2-elf/5.3.0/../../../../../H-x86_64-mingw32/nios2-elf/lib/mno-hw-mul\libc.a(lib_a-exit.o)
 .debug_ranges  0x0000000000000108       0x10 c:/intelfpga/18.1/nios2eds/bin/gnu/h-x86_64-mingw32/bin/../lib/gcc/nios2-elf/5.3.0/../../../../../H-x86_64-mingw32/nios2-elf/lib/mno-hw-mul\libc.a(lib_a-memcmp.o)
 .debug_ranges  0x0000000000000118       0x10 c:/intelfpga/18.1/nios2eds/bin/gnu/h-x86_64-mingw32/bin/../lib/gcc/nios2-elf/5.3.0/../../../../../H-x86_64-mingw32/nios2-elf/lib/mno-hw-mul\libc.a(lib_a-memcpy.o)
 .debug_ranges  0x0000000000000128       0x10 c:/intelfpga/18.1/nios2eds/bin/gnu/h-x86_64-mingw32/bin/../lib/gcc/nios2-elf/5.3.0/../../../../../H-x86_64-mingw32/nios2-elf/lib/mno-hw-mul\libc.a(lib_a-strlen.o)
 .debug_ranges  0x0000000000000138       0x10 c:/intelfpga/18.1/nios2eds/bin/gnu/h-x86_64-mingw32/bin/../lib/gcc/nios2-elf/5.3.0/../../../../../H-x86_64-mingw32/nios2-elf/lib/mno-hw-mul\libc.a(lib_a-__atexit.o)
 .debug_ranges  0x0000000000000148       0x30 c:/intelfpga/18.1/nios2eds/bin/gnu/h-x86_64-mingw32/bin/../lib/gcc/nios2-elf/5.3.0/../../../../../H-x86_64-mingw32/nios2-elf/lib/mno-hw-mul\libc.a(lib_a-__call_atexit.o)
