Archive member included to satisfy reference by file (symbol)

../assembly_demo_nios_bsp/\libhal_bsp.a(alt_load.o)
                              ../assembly_demo_nios_bsp//obj/HAL/src/crt0.o (alt_load)
../assembly_demo_nios_bsp/\libhal_bsp.a(alt_main.o)
                              ../assembly_demo_nios_bsp//obj/HAL/src/crt0.o (alt_main)
../assembly_demo_nios_bsp/\libhal_bsp.a(alt_sys_init.o)
                              ../assembly_demo_nios_bsp/\libhal_bsp.a(alt_main.o) (alt_irq_init)
../assembly_demo_nios_bsp/\libhal_bsp.a(altera_avalon_jtag_uart_fd.o)
                              ../assembly_demo_nios_bsp/\libhal_bsp.a(alt_sys_init.o) (altera_avalon_jtag_uart_read_fd)
../assembly_demo_nios_bsp/\libhal_bsp.a(altera_avalon_jtag_uart_init.o)
                              ../assembly_demo_nios_bsp/\libhal_bsp.a(alt_sys_init.o) (altera_avalon_jtag_uart_init)
../assembly_demo_nios_bsp/\libhal_bsp.a(altera_avalon_jtag_uart_ioctl.o)
                              ../assembly_demo_nios_bsp/\libhal_bsp.a(altera_avalon_jtag_uart_fd.o) (altera_avalon_jtag_uart_ioctl)
../assembly_demo_nios_bsp/\libhal_bsp.a(altera_avalon_jtag_uart_read.o)
                              ../assembly_demo_nios_bsp/\libhal_bsp.a(altera_avalon_jtag_uart_fd.o) (altera_avalon_jtag_uart_read)
../assembly_demo_nios_bsp/\libhal_bsp.a(altera_avalon_jtag_uart_write.o)
                              ../assembly_demo_nios_bsp/\libhal_bsp.a(altera_avalon_jtag_uart_fd.o) (altera_avalon_jtag_uart_write)
../assembly_demo_nios_bsp/\libhal_bsp.a(alt_alarm_start.o)
                              ../assembly_demo_nios_bsp/\libhal_bsp.a(altera_avalon_jtag_uart_init.o) (alt_alarm_start)
../assembly_demo_nios_bsp/\libhal_bsp.a(alt_close.o)
                              ../assembly_demo_nios_bsp/\libhal_bsp.a(alt_main.o) (close)
../assembly_demo_nios_bsp/\libhal_bsp.a(alt_dcache_flush_all.o)
                              ../assembly_demo_nios_bsp/\libhal_bsp.a(alt_load.o) (alt_dcache_flush_all)
../assembly_demo_nios_bsp/\libhal_bsp.a(alt_dev.o)
                              ../assembly_demo_nios_bsp/\libhal_bsp.a(alt_sys_init.o) (alt_dev_list)
../assembly_demo_nios_bsp/\libhal_bsp.a(alt_dev_llist_insert.o)
                              ../assembly_demo_nios_bsp/\libhal_bsp.a(alt_sys_init.o) (alt_dev_llist_insert)
../assembly_demo_nios_bsp/\libhal_bsp.a(alt_do_ctors.o)
                              ../assembly_demo_nios_bsp/\libhal_bsp.a(alt_main.o) (_do_ctors)
../assembly_demo_nios_bsp/\libhal_bsp.a(alt_do_dtors.o)
                              ../assembly_demo_nios_bsp/\libhal_bsp.a(alt_main.o) (_do_dtors)
../assembly_demo_nios_bsp/\libhal_bsp.a(alt_errno.o)
                              ../assembly_demo_nios_bsp/\libhal_bsp.a(alt_close.o) (alt_errno)
../assembly_demo_nios_bsp/\libhal_bsp.a(alt_icache_flush_all.o)
                              ../assembly_demo_nios_bsp/\libhal_bsp.a(alt_load.o) (alt_icache_flush_all)
../assembly_demo_nios_bsp/\libhal_bsp.a(alt_iic.o)
                              ../assembly_demo_nios_bsp/\libhal_bsp.a(altera_avalon_jtag_uart_init.o) (alt_ic_isr_register)
../assembly_demo_nios_bsp/\libhal_bsp.a(alt_iic_isr_register.o)
                              ../assembly_demo_nios_bsp/\libhal_bsp.a(alt_iic.o) (alt_iic_isr_register)
../assembly_demo_nios_bsp/\libhal_bsp.a(alt_io_redirect.o)
                              ../assembly_demo_nios_bsp/\libhal_bsp.a(alt_main.o) (alt_io_redirect)
../assembly_demo_nios_bsp/\libhal_bsp.a(alt_irq_entry.o)
                              ../assembly_demo_nios_bsp/\libhal_bsp.a(alt_iic_isr_register.o) (alt_irq_entry)
../assembly_demo_nios_bsp/\libhal_bsp.a(alt_irq_handler.o)
                              ../assembly_demo_nios_bsp/\libhal_bsp.a(alt_iic_isr_register.o) (alt_irq)
../assembly_demo_nios_bsp/\libhal_bsp.a(alt_irq_vars.o)
                              ../assembly_demo_nios_bsp/\libhal_bsp.a(alt_iic.o) (alt_irq_active)
../assembly_demo_nios_bsp/\libhal_bsp.a(alt_open.o)
                              ../assembly_demo_nios_bsp/\libhal_bsp.a(alt_io_redirect.o) (open)
../assembly_demo_nios_bsp/\libhal_bsp.a(alt_release_fd.o)
                              ../assembly_demo_nios_bsp/\libhal_bsp.a(alt_close.o) (alt_release_fd)
../assembly_demo_nios_bsp/\libhal_bsp.a(alt_tick.o)
                              ../assembly_demo_nios_bsp/\libhal_bsp.a(altera_avalon_jtag_uart_init.o) (_alt_tick_rate)
../assembly_demo_nios_bsp/\libhal_bsp.a(altera_nios2_gen2_irq.o)
                              ../assembly_demo_nios_bsp/\libhal_bsp.a(alt_sys_init.o) (altera_nios2_gen2_irq_init)
../assembly_demo_nios_bsp/\libhal_bsp.a(alt_exception_entry.o)
                              ../assembly_demo_nios_bsp/\libhal_bsp.a(alt_irq_entry.o) (alt_exception)
../assembly_demo_nios_bsp/\libhal_bsp.a(alt_find_dev.o)
                              ../assembly_demo_nios_bsp/\libhal_bsp.a(alt_open.o) (alt_find_dev)
../assembly_demo_nios_bsp/\libhal_bsp.a(alt_find_file.o)
                              ../assembly_demo_nios_bsp/\libhal_bsp.a(alt_open.o) (alt_find_file)
../assembly_demo_nios_bsp/\libhal_bsp.a(alt_get_fd.o)
                              ../assembly_demo_nios_bsp/\libhal_bsp.a(alt_open.o) (alt_get_fd)
../assembly_demo_nios_bsp/\libhal_bsp.a(alt_instruction_exception_entry.o)
                              ../assembly_demo_nios_bsp/\libhal_bsp.a(alt_exception_entry.o) (alt_instruction_exception_entry)
c:/intelfpga/18.1/nios2eds/bin/gnu/h-x86_64-mingw32/bin/../lib/gcc/nios2-elf/5.3.0/../../../../../H-x86_64-mingw32/nios2-elf/lib/mno-hw-mul\libc.a(lib_a-atexit.o)
                              ../assembly_demo_nios_bsp/\libhal_bsp.a(alt_main.o) (atexit)
c:/intelfpga/18.1/nios2eds/bin/gnu/h-x86_64-mingw32/bin/../lib/gcc/nios2-elf/5.3.0/../../../../../H-x86_64-mingw32/nios2-elf/lib/mno-hw-mul\libc.a(lib_a-exit.o)
                              ../assembly_demo_nios_bsp/\libhal_bsp.a(alt_main.o) (exit)
c:/intelfpga/18.1/nios2eds/bin/gnu/h-x86_64-mingw32/bin/../lib/gcc/nios2-elf/5.3.0/../../../../../H-x86_64-mingw32/nios2-elf/lib/mno-hw-mul\libc.a(lib_a-impure.o)
                              c:/intelfpga/18.1/nios2eds/bin/gnu/h-x86_64-mingw32/bin/../lib/gcc/nios2-elf/5.3.0/../../../../../H-x86_64-mingw32/nios2-elf/lib/mno-hw-mul\libc.a(lib_a-exit.o) (_global_impure_ptr)
c:/intelfpga/18.1/nios2eds/bin/gnu/h-x86_64-mingw32/bin/../lib/gcc/nios2-elf/5.3.0/../../../../../H-x86_64-mingw32/nios2-elf/lib/mno-hw-mul\libc.a(lib_a-int_errno.o)
                              ../assembly_demo_nios_bsp/\libhal_bsp.a(alt_close.o) (errno)
c:/intelfpga/18.1/nios2eds/bin/gnu/h-x86_64-mingw32/bin/../lib/gcc/nios2-elf/5.3.0/../../../../../H-x86_64-mingw32/nios2-elf/lib/mno-hw-mul\libc.a(lib_a-memcmp.o)
                              ../assembly_demo_nios_bsp/\libhal_bsp.a(alt_find_dev.o) (memcmp)
c:/intelfpga/18.1/nios2eds/bin/gnu/h-x86_64-mingw32/bin/../lib/gcc/nios2-elf/5.3.0/../../../../../H-x86_64-mingw32/nios2-elf/lib/mno-hw-mul\libc.a(lib_a-memcpy.o)
                              ../assembly_demo_nios_bsp/\libhal_bsp.a(altera_avalon_jtag_uart_read.o) (memcpy)
c:/intelfpga/18.1/nios2eds/bin/gnu/h-x86_64-mingw32/bin/../lib/gcc/nios2-elf/5.3.0/../../../../../H-x86_64-mingw32/nios2-elf/lib/mno-hw-mul\libc.a(lib_a-strlen.o)
                              ../assembly_demo_nios_bsp/\libhal_bsp.a(alt_find_dev.o) (strlen)
c:/intelfpga/18.1/nios2eds/bin/gnu/h-x86_64-mingw32/bin/../lib/gcc/nios2-elf/5.3.0/../../../../../H-x86_64-mingw32/nios2-elf/lib/mno-hw-mul\libc.a(lib_a-__atexit.o)
                              c:/intelfpga/18.1/nios2eds/bin/gnu/h-x86_64-mingw32/bin/../lib/gcc/nios2-elf/5.3.0/../../../../../H-x86_64-mingw32/nios2-elf/lib/mno-hw-mul\libc.a(lib_a-atexit.o) (__register_exitproc)
c:/intelfpga/18.1/nios2eds/bin/gnu/h-x86_64-mingw32/bin/../lib/gcc/nios2-elf/5.3.0/../../../../../H-x86_64-mingw32/nios2-elf/lib/mno-hw-mul\libc.a(lib_a-__call_atexit.o)
                              c:/intelfpga/18.1/nios2eds/bin/gnu/h-x86_64-mingw32/bin/../lib/gcc/nios2-elf/5.3.0/../../../../../H-x86_64-mingw32/nios2-elf/lib/mno-hw-mul\libc.a(lib_a-exit.o) (__call_exitprocs)
c:/intelfpga/18.1/nios2eds/bin/gnu/h-x86_64-mingw32/bin/../lib/gcc/nios2-elf/5.3.0/mno-hw-mul\libgcc.a(lib2-mul.o)
                              ../assembly_demo_nios_bsp/\libhal_bsp.a(alt_close.o) (__mulsi3)
../assembly_demo_nios_bsp/\libhal_bsp.a(alt_exit.o)
                              c:/intelfpga/18.1/nios2eds/bin/gnu/h-x86_64-mingw32/bin/../lib/gcc/nios2-elf/5.3.0/../../../../../H-x86_64-mingw32/nios2-elf/lib/mno-hw-mul\libc.a(lib_a-exit.o) (_exit)

Allocating common symbols
Common symbol       size              file

alt_irq             0x100             ../assembly_demo_nios_bsp/\libhal_bsp.a(alt_irq_handler.o)
errno               0x4               c:/intelfpga/18.1/nios2eds/bin/gnu/h-x86_64-mingw32/bin/../lib/gcc/nios2-elf/5.3.0/../../../../../H-x86_64-mingw32/nios2-elf/lib/mno-hw-mul\libc.a(lib_a-int_errno.o)

Memory Configuration

Name             Origin             Length             Attributes
reset            0x0000000000008000 0x0000000000000020
onchip_memory2_0 0x0000000000008020 0x0000000000007fe0
*default*        0x0000000000000000 0xffffffffffffffff

Linker script and memory map

LOAD ../assembly_demo_nios_bsp//obj/HAL/src/crt0.o
LOAD obj/default/lights.o
LOAD c:/intelfpga/18.1/nios2eds/bin/gnu/h-x86_64-mingw32/bin/../lib/gcc/nios2-elf/5.3.0/../../../../../H-x86_64-mingw32/nios2-elf/lib/mno-hw-mul\libstdc++.a
LOAD c:/intelfpga/18.1/nios2eds/bin/gnu/h-x86_64-mingw32/bin/../lib/gcc/nios2-elf/5.3.0/../../../../../H-x86_64-mingw32/nios2-elf/lib/mno-hw-mul\libm.a
LOAD c:/intelfpga/18.1/nios2eds/bin/gnu/h-x86_64-mingw32/bin/../lib/gcc/nios2-elf/5.3.0/mno-hw-mul\libgcc.a
START GROUP
LOAD c:/intelfpga/18.1/nios2eds/bin/gnu/h-x86_64-mingw32/bin/../lib/gcc/nios2-elf/5.3.0/../../../../../H-x86_64-mingw32/nios2-elf/lib/mno-hw-mul\libc.a
LOAD c:/intelfpga/18.1/nios2eds/bin/gnu/h-x86_64-mingw32/bin/../lib/gcc/nios2-elf/5.3.0/mno-hw-mul\libgcc.a
LOAD ../assembly_demo_nios_bsp/\libhal_bsp.a
LOAD c:/intelfpga/18.1/nios2eds/bin/gnu/h-x86_64-mingw32/bin/../lib/gcc/nios2-elf/5.3.0/../../../../../H-x86_64-mingw32/nios2-elf/lib/mno-hw-mul\libm.a
END GROUP
LOAD c:/intelfpga/18.1/nios2eds/bin/gnu/h-x86_64-mingw32/bin/../lib/gcc/nios2-elf/5.3.0/mno-hw-mul\libgcc.a
                0x0000000000008000                __alt_mem_onchip_memory2_0 = 0x8000

.entry          0x0000000000008000       0x20
 *(.entry)
 .entry         0x0000000000008000       0x20 ../assembly_demo_nios_bsp//obj/HAL/src/crt0.o
                0x0000000000008000                __reset

.exceptions     0x0000000000008020      0x210
                0x0000000000008020                PROVIDE (__ram_exceptions_start, ABSOLUTE (.))
                0x0000000000008020                . = ALIGN (0x20)
 *(.irq)
 *(.exceptions.entry.label)
 .exceptions.entry.label
                0x0000000000008020        0x0 ../assembly_demo_nios_bsp/\libhal_bsp.a(alt_irq_entry.o)
                0x0000000000008020                alt_irq_entry
 .exceptions.entry.label
                0x0000000000008020        0x0 ../assembly_demo_nios_bsp/\libhal_bsp.a(alt_exception_entry.o)
                0x0000000000008020                alt_exception
 *(.exceptions.entry.user)
 *(.exceptions.entry.ecc_fatal)
 *(.exceptions.entry)
 .exceptions.entry
                0x0000000000008020       0x54 ../assembly_demo_nios_bsp/\libhal_bsp.a(alt_exception_entry.o)
 *(.exceptions.irqtest.user)
 *(.exceptions.irqtest)
 .exceptions.irqtest
                0x0000000000008074       0x10 ../assembly_demo_nios_bsp/\libhal_bsp.a(alt_irq_entry.o)
 *(.exceptions.irqhandler.user)
 *(.exceptions.irqhandler)
 .exceptions.irqhandler
                0x0000000000008084        0x4 ../assembly_demo_nios_bsp/\libhal_bsp.a(alt_irq_entry.o)
 *(.exceptions.irqreturn.user)
 *(.exceptions.irqreturn)
 .exceptions.irqreturn
                0x0000000000008088        0x4 ../assembly_demo_nios_bsp/\libhal_bsp.a(alt_irq_entry.o)
 *(.exceptions.notirq.label)
 .exceptions.notirq.label
                0x000000000000808c        0x0 ../assembly_demo_nios_bsp/\libhal_bsp.a(alt_irq_entry.o)
 *(.exceptions.notirq.user)
 *(.exceptions.notirq)
 .exceptions.notirq
                0x000000000000808c        0x8 ../assembly_demo_nios_bsp/\libhal_bsp.a(alt_exception_entry.o)
 *(.exceptions.soft.user)
 *(.exceptions.soft)
 *(.exceptions.unknown.user)
 *(.exceptions.unknown)
 .exceptions.unknown
                0x0000000000008094       0x14 ../assembly_demo_nios_bsp/\libhal_bsp.a(alt_exception_entry.o)
 *(.exceptions.exit.label)
 .exceptions.exit.label
                0x00000000000080a8        0x0 ../assembly_demo_nios_bsp/\libhal_bsp.a(alt_irq_entry.o)
 .exceptions.exit.label
                0x00000000000080a8        0x0 ../assembly_demo_nios_bsp/\libhal_bsp.a(alt_exception_entry.o)
 *(.exceptions.exit.user)
 *(.exceptions.exit)
 .exceptions.exit
                0x00000000000080a8       0x54 ../assembly_demo_nios_bsp/\libhal_bsp.a(alt_exception_entry.o)
 *(.exceptions)
 .exceptions    0x00000000000080fc       0xd4 ../assembly_demo_nios_bsp/\libhal_bsp.a(alt_irq_handler.o)
                0x00000000000080fc                alt_irq_handler
 .exceptions    0x00000000000081d0       0x60 ../assembly_demo_nios_bsp/\libhal_bsp.a(alt_instruction_exception_entry.o)
                0x00000000000081d0                alt_instruction_exception_entry
                0x0000000000008230                PROVIDE (__ram_exceptions_end, ABSOLUTE (.))
                0x0000000000008020                PROVIDE (__flash_exceptions_start, LOADADDR (.exceptions))

.text           0x0000000000008230     0x2290
                [!provide]                        PROVIDE (stext, ABSOLUTE (.))
 *(.interp)
 *(.hash)
 *(.dynsym)
 *(.dynstr)
 *(.gnu.version)
 *(.gnu.version_d)
 *(.gnu.version_r)
 *(.rel.init)
 *(.rela.init)
 *(.rel.text .rel.text.* .rel.gnu.linkonce.t.*)
 *(.rela.text .rela.text.* .rela.gnu.linkonce.t.*)
 *(.rel.fini)
 *(.rela.fini)
 *(.rel.rodata .rel.rodata.* .rel.gnu.linkonce.r.*)
 *(.rela.rodata .rela.rodata.* .rela.gnu.linkonce.r.*)
 *(.rel.data .rel.data.* .rel.gnu.linkonce.d.*)
 *(.rela.data .rela.data.* .rela.gnu.linkonce.d.*)
 *(.rel.tdata .rel.tdata.* .rel.gnu.linkonce.td.*)
 *(.rela.tdata .rela.tdata.* .rela.gnu.linkonce.td.*)
 *(.rel.tbss .rel.tbss.* .rel.gnu.linkonce.tb.*)
 *(.rela.tbss .rela.tbss.* .rela.gnu.linkonce.tb.*)
 *(.rel.ctors)
 *(.rela.ctors)
 *(.rel.dtors)
 *(.rela.dtors)
 *(.rel.got)
 *(.rela.got)
 *(.rel.sdata .rel.sdata.* .rel.gnu.linkonce.s.*)
 *(.rela.sdata .rela.sdata.* .rela.gnu.linkonce.s.*)
 *(.rel.sbss .rel.sbss.* .rel.gnu.linkonce.sb.*)
 *(.rela.sbss .rela.sbss.* .rela.gnu.linkonce.sb.*)
 *(.rel.sdata2 .rel.sdata2.* .rel.gnu.linkonce.s2.*)
 *(.rela.sdata2 .rela.sdata2.* .rela.gnu.linkonce.s2.*)
 *(.rel.sbss2 .rel.sbss2.* .rel.gnu.linkonce.sb2.*)
 *(.rela.sbss2 .rela.sbss2.* .rela.gnu.linkonce.sb2.*)
 *(.rel.bss .rel.bss.* .rel.gnu.linkonce.b.*)
 *(.rela.bss .rela.bss.* .rela.gnu.linkonce.b.*)
 *(.rel.plt)
 *(.rela.plt)
 *(.rel.dyn)
 *(.init)
 *(.plt)
 *(.text .stub .text.* .gnu.linkonce.t.*)
 .text          0x0000000000008230       0x3c ../assembly_demo_nios_bsp//obj/HAL/src/crt0.o
                0x0000000000008230                _start
 .text          0x000000000000826c       0x1c obj/default/lights.o
                0x000000000000826c                main
 .text          0x0000000000008288       0xec ../assembly_demo_nios_bsp/\libhal_bsp.a(alt_load.o)
                0x00000000000082f0                alt_load
 .text          0x0000000000008374       0x7c ../assembly_demo_nios_bsp/\libhal_bsp.a(alt_main.o)
                0x0000000000008374                alt_main
 .text          0x00000000000083f0       0xb8 ../assembly_demo_nios_bsp/\libhal_bsp.a(alt_sys_init.o)
                0x0000000000008424                alt_irq_init
                0x000000000000845c                alt_sys_init
 .text          0x00000000000084a8      0x164 ../assembly_demo_nios_bsp/\libhal_bsp.a(altera_avalon_jtag_uart_fd.o)
                0x00000000000084a8                altera_avalon_jtag_uart_read_fd
                0x0000000000008508                altera_avalon_jtag_uart_write_fd
                0x0000000000008568                altera_avalon_jtag_uart_close_fd
                0x00000000000085b8                altera_avalon_jtag_uart_ioctl_fd
 .text          0x000000000000860c      0x3d4 ../assembly_demo_nios_bsp/\libhal_bsp.a(altera_avalon_jtag_uart_init.o)
                0x000000000000860c                altera_avalon_jtag_uart_init
                0x0000000000008978                altera_avalon_jtag_uart_close
 .text          0x00000000000089e0       0xf0 ../assembly_demo_nios_bsp/\libhal_bsp.a(altera_avalon_jtag_uart_ioctl.o)
                0x00000000000089e0                altera_avalon_jtag_uart_ioctl
 .text          0x0000000000008ad0      0x21c ../assembly_demo_nios_bsp/\libhal_bsp.a(altera_avalon_jtag_uart_read.o)
                0x0000000000008ad0                altera_avalon_jtag_uart_read
 .text          0x0000000000008cec      0x224 ../assembly_demo_nios_bsp/\libhal_bsp.a(altera_avalon_jtag_uart_write.o)
                0x0000000000008cec                altera_avalon_jtag_uart_write
 .text          0x0000000000008f10      0x12c ../assembly_demo_nios_bsp/\libhal_bsp.a(alt_alarm_start.o)
                0x0000000000008f10                alt_alarm_start
 .text          0x000000000000903c      0x114 ../assembly_demo_nios_bsp/\libhal_bsp.a(alt_close.o)
                0x0000000000009078                close
 .text          0x0000000000009150       0x20 ../assembly_demo_nios_bsp/\libhal_bsp.a(alt_dcache_flush_all.o)
                0x0000000000009150                alt_dcache_flush_all
 .text          0x0000000000009170       0x2c ../assembly_demo_nios_bsp/\libhal_bsp.a(alt_dev.o)
 .text          0x000000000000919c       0xe0 ../assembly_demo_nios_bsp/\libhal_bsp.a(alt_dev_llist_insert.o)
                0x00000000000091d8                alt_dev_llist_insert
 .text          0x000000000000927c       0x60 ../assembly_demo_nios_bsp/\libhal_bsp.a(alt_do_ctors.o)
                0x000000000000927c                _do_ctors
 .text          0x00000000000092dc       0x60 ../assembly_demo_nios_bsp/\libhal_bsp.a(alt_do_dtors.o)
                0x00000000000092dc                _do_dtors
 .text          0x000000000000933c        0x0 ../assembly_demo_nios_bsp/\libhal_bsp.a(alt_errno.o)
 .text          0x000000000000933c       0x20 ../assembly_demo_nios_bsp/\libhal_bsp.a(alt_icache_flush_all.o)
                0x000000000000933c                alt_icache_flush_all
 .text          0x000000000000935c      0x1b0 ../assembly_demo_nios_bsp/\libhal_bsp.a(alt_iic.o)
                0x000000000000935c                alt_ic_isr_register
                0x00000000000093ac                alt_ic_irq_enable
                0x0000000000009434                alt_ic_irq_disable
                0x00000000000094c0                alt_ic_irq_enabled
 .text          0x000000000000950c       0xf0 ../assembly_demo_nios_bsp/\libhal_bsp.a(alt_iic_isr_register.o)
                0x000000000000950c                alt_iic_isr_register
 .text          0x00000000000095fc      0x160 ../assembly_demo_nios_bsp/\libhal_bsp.a(alt_io_redirect.o)
                0x00000000000096e0                alt_io_redirect
 .text          0x000000000000975c        0x0 ../assembly_demo_nios_bsp/\libhal_bsp.a(alt_irq_entry.o)
 .text          0x000000000000975c        0x0 ../assembly_demo_nios_bsp/\libhal_bsp.a(alt_irq_handler.o)
 .text          0x000000000000975c        0x0 ../assembly_demo_nios_bsp/\libhal_bsp.a(alt_irq_vars.o)
 .text          0x000000000000975c      0x284 ../assembly_demo_nios_bsp/\libhal_bsp.a(alt_open.o)
                0x0000000000009884                open
 .text          0x00000000000099e0       0x84 ../assembly_demo_nios_bsp/\libhal_bsp.a(alt_release_fd.o)
                0x00000000000099e0                alt_release_fd
 .text          0x0000000000009a64      0x1a4 ../assembly_demo_nios_bsp/\libhal_bsp.a(alt_tick.o)
                0x0000000000009a64                alt_alarm_stop
                0x0000000000009b00                alt_tick
 .text          0x0000000000009c08       0x24 ../assembly_demo_nios_bsp/\libhal_bsp.a(altera_nios2_gen2_irq.o)
                0x0000000000009c08                altera_nios2_gen2_irq_init
 .text          0x0000000000009c2c        0x0 ../assembly_demo_nios_bsp/\libhal_bsp.a(alt_exception_entry.o)
 .text          0x0000000000009c2c       0x90 ../assembly_demo_nios_bsp/\libhal_bsp.a(alt_find_dev.o)
                0x0000000000009c2c                alt_find_dev
 .text          0x0000000000009cbc      0x108 ../assembly_demo_nios_bsp/\libhal_bsp.a(alt_find_file.o)
                0x0000000000009cbc                alt_find_file
 .text          0x0000000000009dc4       0xc4 ../assembly_demo_nios_bsp/\libhal_bsp.a(alt_get_fd.o)
                0x0000000000009dc4                alt_get_fd
 .text          0x0000000000009e88       0x9c ../assembly_demo_nios_bsp/\libhal_bsp.a(alt_instruction_exception_entry.o)
                0x0000000000009e88                alt_exception_cause_generated_bad_addr
 .text          0x0000000000009f24        0x0 c:/intelfpga/18.1/nios2eds/bin/gnu/h-x86_64-mingw32/bin/../lib/gcc/nios2-elf/5.3.0/../../../../../H-x86_64-mingw32/nios2-elf/lib/mno-hw-mul\libc.a(lib_a-atexit.o)
 .text.atexit   0x0000000000009f24       0x14 c:/intelfpga/18.1/nios2eds/bin/gnu/h-x86_64-mingw32/bin/../lib/gcc/nios2-elf/5.3.0/../../../../../H-x86_64-mingw32/nios2-elf/lib/mno-hw-mul\libc.a(lib_a-atexit.o)
                0x0000000000009f24                atexit
 .text          0x0000000000009f38        0x0 c:/intelfpga/18.1/nios2eds/bin/gnu/h-x86_64-mingw32/bin/../lib/gcc/nios2-elf/5.3.0/../../../../../H-x86_64-mingw32/nios2-elf/lib/mno-hw-mul\libc.a(lib_a-exit.o)
 .text.exit     0x0000000000009f38       0x38 c:/intelfpga/18.1/nios2eds/bin/gnu/h-x86_64-mingw32/bin/../lib/gcc/nios2-elf/5.3.0/../../../../../H-x86_64-mingw32/nios2-elf/lib/mno-hw-mul\libc.a(lib_a-exit.o)
                0x0000000000009f38                exit
 .text          0x0000000000009f70        0x0 c:/intelfpga/18.1/nios2eds/bin/gnu/h-x86_64-mingw32/bin/../lib/gcc/nios2-elf/5.3.0/../../../../../H-x86_64-mingw32/nios2-elf/lib/mno-hw-mul\libc.a(lib_a-impure.o)
 .text          0x0000000000009f70        0x0 c:/intelfpga/18.1/nios2eds/bin/gnu/h-x86_64-mingw32/bin/../lib/gcc/nios2-elf/5.3.0/../../../../../H-x86_64-mingw32/nios2-elf/lib/mno-hw-mul\libc.a(lib_a-int_errno.o)
 .text          0x0000000000009f70        0x0 c:/intelfpga/18.1/nios2eds/bin/gnu/h-x86_64-mingw32/bin/../lib/gcc/nios2-elf/5.3.0/../../../../../H-x86_64-mingw32/nios2-elf/lib/mno-hw-mul\libc.a(lib_a-memcmp.o)
 .text.memcmp   0x0000000000009f70       0x7c c:/intelfpga/18.1/nios2eds/bin/gnu/h-x86_64-mingw32/bin/../lib/gcc/nios2-elf/5.3.0/../../../../../H-x86_64-mingw32/nios2-elf/lib/mno-hw-mul\libc.a(lib_a-memcmp.o)
                0x0000000000009f70                memcmp
 .text          0x0000000000009fec        0x0 c:/intelfpga/18.1/nios2eds/bin/gnu/h-x86_64-mingw32/bin/../lib/gcc/nios2-elf/5.3.0/../../../../../H-x86_64-mingw32/nios2-elf/lib/mno-hw-mul\libc.a(lib_a-memcpy.o)
 .text.memcpy   0x0000000000009fec      0x148 c:/intelfpga/18.1/nios2eds/bin/gnu/h-x86_64-mingw32/bin/../lib/gcc/nios2-elf/5.3.0/../../../../../H-x86_64-mingw32/nios2-elf/lib/mno-hw-mul\libc.a(lib_a-memcpy.o)
                0x0000000000009fec                memcpy
 .text          0x000000000000a134        0x0 c:/intelfpga/18.1/nios2eds/bin/gnu/h-x86_64-mingw32/bin/../lib/gcc/nios2-elf/5.3.0/../../../../../H-x86_64-mingw32/nios2-elf/lib/mno-hw-mul\libc.a(lib_a-strlen.o)
 .text.strlen   0x000000000000a134       0x98 c:/intelfpga/18.1/nios2eds/bin/gnu/h-x86_64-mingw32/bin/../lib/gcc/nios2-elf/5.3.0/../../../../../H-x86_64-mingw32/nios2-elf/lib/mno-hw-mul\libc.a(lib_a-strlen.o)
                0x000000000000a134                strlen
 .text          0x000000000000a1cc        0x0 c:/intelfpga/18.1/nios2eds/bin/gnu/h-x86_64-mingw32/bin/../lib/gcc/nios2-elf/5.3.0/../../../../../H-x86_64-mingw32/nios2-elf/lib/mno-hw-mul\libc.a(lib_a-__atexit.o)
 .text.__register_exitproc
                0x000000000000a1cc      0x118 c:/intelfpga/18.1/nios2eds/bin/gnu/h-x86_64-mingw32/bin/../lib/gcc/nios2-elf/5.3.0/../../../../../H-x86_64-mingw32/nios2-elf/lib/mno-hw-mul\libc.a(lib_a-__atexit.o)
                0x000000000000a1cc                __register_exitproc
 .text          0x000000000000a2e4        0x0 c:/intelfpga/18.1/nios2eds/bin/gnu/h-x86_64-mingw32/bin/../lib/gcc/nios2-elf/5.3.0/../../../../../H-x86_64-mingw32/nios2-elf/lib/mno-hw-mul\libc.a(lib_a-__call_atexit.o)
 .text.__call_exitprocs
                0x000000000000a2e4      0x180 c:/intelfpga/18.1/nios2eds/bin/gnu/h-x86_64-mingw32/bin/../lib/gcc/nios2-elf/5.3.0/../../../../../H-x86_64-mingw32/nios2-elf/lib/mno-hw-mul\libc.a(lib_a-__call_atexit.o)
                0x000000000000a2e4                __call_exitprocs
 .text          0x000000000000a464       0x28 c:/intelfpga/18.1/nios2eds/bin/gnu/h-x86_64-mingw32/bin/../lib/gcc/nios2-elf/5.3.0/mno-hw-mul\libgcc.a(lib2-mul.o)
                0x000000000000a464                __mulsi3
 .text          0x000000000000a48c       0x34 ../assembly_demo_nios_bsp/\libhal_bsp.a(alt_exit.o)
                0x000000000000a48c                _exit
 *(.gnu.warning.*)
 *(.fini)
                [!provide]                        PROVIDE (__etext, ABSOLUTE (.))
                [!provide]                        PROVIDE (_etext, ABSOLUTE (.))
                [!provide]                        PROVIDE (etext, ABSOLUTE (.))
 *(.eh_frame_hdr)
                0x000000000000a4c0                . = ALIGN (0x4)
                [!provide]                        PROVIDE (__preinit_array_start, ABSOLUTE (.))
 *(.preinit_array)
                [!provide]                        PROVIDE (__preinit_array_end, ABSOLUTE (.))
                [!provide]                        PROVIDE (__init_array_start, ABSOLUTE (.))
 *(.init_array)
                [!provide]                        PROVIDE (__init_array_end, ABSOLUTE (.))
                [!provide]                        PROVIDE (__fini_array_start, ABSOLUTE (.))
 *(.fini_array)
                [!provide]                        PROVIDE (__fini_array_end, ABSOLUTE (.))
 *(.eh_frame)
 *(.gcc_except_table .gcc_except_table.*)
 *(.dynamic)
                0x000000000000a4c0                PROVIDE (__CTOR_LIST__, ABSOLUTE (.))
 *(.ctors)
 *(SORT(.ctors.*))
                0x000000000000a4c0                PROVIDE (__CTOR_END__, ABSOLUTE (.))
                0x000000000000a4c0                PROVIDE (__DTOR_LIST__, ABSOLUTE (.))
 *(.dtors)
 *(SORT(.dtors.*))
                0x000000000000a4c0                PROVIDE (__DTOR_END__, ABSOLUTE (.))
 *(.jcr)
                0x000000000000a4c0                . = ALIGN (0x4)

.rodata         0x000000000000a4c0       0x38
                0x000000000000a4c0                PROVIDE (__ram_rodata_start, ABSOLUTE (.))
                0x000000000000a4c0                . = ALIGN (0x4)
 *(.rodata .rodata.* .gnu.linkonce.r.*)
 .rodata        0x000000000000a4c0       0x11 ../assembly_demo_nios_bsp/\libhal_bsp.a(alt_main.o)
 *fill*         0x000000000000a4d1        0x3 
 .rodata        0x000000000000a4d4       0x11 ../assembly_demo_nios_bsp/\libhal_bsp.a(alt_sys_init.o)
 *fill*         0x000000000000a4e5        0x3 
 .rodata        0x000000000000a4e8        0xa ../assembly_demo_nios_bsp/\libhal_bsp.a(alt_dev.o)
 *fill*         0x000000000000a4f2        0x2 
 .rodata.str1.4
                0x000000000000a4f4        0x4 c:/intelfpga/18.1/nios2eds/bin/gnu/h-x86_64-mingw32/bin/../lib/gcc/nios2-elf/5.3.0/../../../../../H-x86_64-mingw32/nios2-elf/lib/mno-hw-mul\libc.a(lib_a-impure.o)
                                          0x2 (size before relaxing)
 *(.rodata1)
                0x000000000000a4f8                . = ALIGN (0x4)
                0x000000000000a4f8                PROVIDE (__ram_rodata_end, ABSOLUTE (.))
                0x000000000000a4c0                PROVIDE (__flash_rodata_start, LOADADDR (.rodata))

.rwdata         0x000000000000a4f8     0x1658 load address 0x000000000000bb50
                0x000000000000a4f8                PROVIDE (__ram_rwdata_start, ABSOLUTE (.))
                0x000000000000a4f8                . = ALIGN (0x4)
 *(.got.plt)
 *(.got)
 *(.data1)
 *(.data .data.* .gnu.linkonce.d.*)
 .data          0x000000000000a4f8        0x0 ../assembly_demo_nios_bsp//obj/HAL/src/crt0.o
 .data          0x000000000000a4f8        0x0 obj/default/lights.o
 .data          0x000000000000a4f8        0x0 ../assembly_demo_nios_bsp/\libhal_bsp.a(alt_load.o)
 .data          0x000000000000a4f8        0x0 ../assembly_demo_nios_bsp/\libhal_bsp.a(alt_main.o)
 .data          0x000000000000a4f8     0x1060 ../assembly_demo_nios_bsp/\libhal_bsp.a(alt_sys_init.o)
 .data          0x000000000000b558        0x0 ../assembly_demo_nios_bsp/\libhal_bsp.a(altera_avalon_jtag_uart_fd.o)
 .data          0x000000000000b558        0x0 ../assembly_demo_nios_bsp/\libhal_bsp.a(altera_avalon_jtag_uart_init.o)
 .data          0x000000000000b558        0x0 ../assembly_demo_nios_bsp/\libhal_bsp.a(altera_avalon_jtag_uart_ioctl.o)
 .data          0x000000000000b558        0x0 ../assembly_demo_nios_bsp/\libhal_bsp.a(altera_avalon_jtag_uart_read.o)
 .data          0x000000000000b558        0x0 ../assembly_demo_nios_bsp/\libhal_bsp.a(altera_avalon_jtag_uart_write.o)
 .data          0x000000000000b558        0x0 ../assembly_demo_nios_bsp/\libhal_bsp.a(alt_alarm_start.o)
 .data          0x000000000000b558        0x0 ../assembly_demo_nios_bsp/\libhal_bsp.a(alt_close.o)
 .data          0x000000000000b558        0x0 ../assembly_demo_nios_bsp/\libhal_bsp.a(alt_dcache_flush_all.o)
 .data          0x000000000000b558      0x1a8 ../assembly_demo_nios_bsp/\libhal_bsp.a(alt_dev.o)
                0x000000000000b558                alt_dev_null
                0x000000000000b580                alt_fd_list
 .data          0x000000000000b700        0x0 ../assembly_demo_nios_bsp/\libhal_bsp.a(alt_dev_llist_insert.o)
 .data          0x000000000000b700        0x0 ../assembly_demo_nios_bsp/\libhal_bsp.a(alt_do_ctors.o)
 .data          0x000000000000b700        0x0 ../assembly_demo_nios_bsp/\libhal_bsp.a(alt_do_dtors.o)
 .data          0x000000000000b700        0x0 ../assembly_demo_nios_bsp/\libhal_bsp.a(alt_errno.o)
 .data          0x000000000000b700        0x0 ../assembly_demo_nios_bsp/\libhal_bsp.a(alt_icache_flush_all.o)
 .data          0x000000000000b700        0x0 ../assembly_demo_nios_bsp/\libhal_bsp.a(alt_iic.o)
 .data          0x000000000000b700        0x0 ../assembly_demo_nios_bsp/\libhal_bsp.a(alt_iic_isr_register.o)
 .data          0x000000000000b700        0x0 ../assembly_demo_nios_bsp/\libhal_bsp.a(alt_io_redirect.o)
 .data          0x000000000000b700        0x0 ../assembly_demo_nios_bsp/\libhal_bsp.a(alt_irq_entry.o)
 .data          0x000000000000b700        0x0 ../assembly_demo_nios_bsp/\libhal_bsp.a(alt_irq_handler.o)
 .data          0x000000000000b700        0x0 ../assembly_demo_nios_bsp/\libhal_bsp.a(alt_irq_vars.o)
 .data          0x000000000000b700        0x0 ../assembly_demo_nios_bsp/\libhal_bsp.a(alt_open.o)
 .data          0x000000000000b700        0x0 ../assembly_demo_nios_bsp/\libhal_bsp.a(alt_release_fd.o)
 .data          0x000000000000b700        0x0 ../assembly_demo_nios_bsp/\libhal_bsp.a(alt_tick.o)
 .data          0x000000000000b700        0x0 ../assembly_demo_nios_bsp/\libhal_bsp.a(altera_nios2_gen2_irq.o)
 .data          0x000000000000b700        0x0 ../assembly_demo_nios_bsp/\libhal_bsp.a(alt_exception_entry.o)
 .data          0x000000000000b700        0x0 ../assembly_demo_nios_bsp/\libhal_bsp.a(alt_find_dev.o)
 .data          0x000000000000b700        0x0 ../assembly_demo_nios_bsp/\libhal_bsp.a(alt_find_file.o)
 .data          0x000000000000b700        0x0 ../assembly_demo_nios_bsp/\libhal_bsp.a(alt_get_fd.o)
 .data          0x000000000000b700        0x0 ../assembly_demo_nios_bsp/\libhal_bsp.a(alt_instruction_exception_entry.o)
 .data          0x000000000000b700        0x0 c:/intelfpga/18.1/nios2eds/bin/gnu/h-x86_64-mingw32/bin/../lib/gcc/nios2-elf/5.3.0/../../../../../H-x86_64-mingw32/nios2-elf/lib/mno-hw-mul\libc.a(lib_a-atexit.o)
 .data          0x000000000000b700        0x0 c:/intelfpga/18.1/nios2eds/bin/gnu/h-x86_64-mingw32/bin/../lib/gcc/nios2-elf/5.3.0/../../../../../H-x86_64-mingw32/nios2-elf/lib/mno-hw-mul\libc.a(lib_a-exit.o)
 .data          0x000000000000b700        0x0 c:/intelfpga/18.1/nios2eds/bin/gnu/h-x86_64-mingw32/bin/../lib/gcc/nios2-elf/5.3.0/../../../../../H-x86_64-mingw32/nios2-elf/lib/mno-hw-mul\libc.a(lib_a-impure.o)
 .data.impure_data
                0x000000000000b700      0x424 c:/intelfpga/18.1/nios2eds/bin/gnu/h-x86_64-mingw32/bin/../lib/gcc/nios2-elf/5.3.0/../../../../../H-x86_64-mingw32/nios2-elf/lib/mno-hw-mul\libc.a(lib_a-impure.o)
 .data          0x000000000000bb24        0x0 c:/intelfpga/18.1/nios2eds/bin/gnu/h-x86_64-mingw32/bin/../lib/gcc/nios2-elf/5.3.0/../../../../../H-x86_64-mingw32/nios2-elf/lib/mno-hw-mul\libc.a(lib_a-int_errno.o)
 .data          0x000000000000bb24        0x0 c:/intelfpga/18.1/nios2eds/bin/gnu/h-x86_64-mingw32/bin/../lib/gcc/nios2-elf/5.3.0/../../../../../H-x86_64-mingw32/nios2-elf/lib/mno-hw-mul\libc.a(lib_a-memcmp.o)
 .data          0x000000000000bb24        0x0 c:/intelfpga/18.1/nios2eds/bin/gnu/h-x86_64-mingw32/bin/../lib/gcc/nios2-elf/5.3.0/../../../../../H-x86_64-mingw32/nios2-elf/lib/mno-hw-mul\libc.a(lib_a-memcpy.o)
 .data          0x000000000000bb24        0x0 c:/intelfpga/18.1/nios2eds/bin/gnu/h-x86_64-mingw32/bin/../lib/gcc/nios2-elf/5.3.0/../../../../../H-x86_64-mingw32/nios2-elf/lib/mno-hw-mul\libc.a(lib_a-strlen.o)
 .data          0x000000000000bb24        0x0 c:/intelfpga/18.1/nios2eds/bin/gnu/h-x86_64-mingw32/bin/../lib/gcc/nios2-elf/5.3.0/../../../../../H-x86_64-mingw32/nios2-elf/lib/mno-hw-mul\libc.a(lib_a-__atexit.o)
 .data          0x000000000000bb24        0x0 c:/intelfpga/18.1/nios2eds/bin/gnu/h-x86_64-mingw32/bin/../lib/gcc/nios2-elf/5.3.0/../../../../../H-x86_64-mingw32/nios2-elf/lib/mno-hw-mul\libc.a(lib_a-__call_atexit.o)
 .data          0x000000000000bb24        0x0 c:/intelfpga/18.1/nios2eds/bin/gnu/h-x86_64-mingw32/bin/../lib/gcc/nios2-elf/5.3.0/mno-hw-mul\libgcc.a(lib2-mul.o)
 .data          0x000000000000bb24        0x0 ../assembly_demo_nios_bsp/\libhal_bsp.a(alt_exit.o)
                0x0000000000013b24                _gp = ABSOLUTE ((. + 0x8000))
                [!provide]                        PROVIDE (gp, _gp)
 *(.rwdata .rwdata.*)
 *(.sdata .sdata.* .gnu.linkonce.s.*)
 .sdata         0x000000000000bb24       0x14 ../assembly_demo_nios_bsp/\libhal_bsp.a(alt_dev.o)
                0x000000000000bb24                alt_fs_list
                0x000000000000bb2c                alt_dev_list
                0x000000000000bb34                alt_max_fd
 .sdata         0x000000000000bb38        0x4 ../assembly_demo_nios_bsp/\libhal_bsp.a(alt_errno.o)
                0x000000000000bb38                alt_errno
 .sdata         0x000000000000bb3c        0x4 ../assembly_demo_nios_bsp/\libhal_bsp.a(alt_irq_vars.o)
                0x000000000000bb3c                alt_priority_mask
 .sdata         0x000000000000bb40        0x8 ../assembly_demo_nios_bsp/\libhal_bsp.a(alt_tick.o)
                0x000000000000bb40                alt_alarm_list
 .sdata._global_impure_ptr
                0x000000000000bb48        0x4 c:/intelfpga/18.1/nios2eds/bin/gnu/h-x86_64-mingw32/bin/../lib/gcc/nios2-elf/5.3.0/../../../../../H-x86_64-mingw32/nios2-elf/lib/mno-hw-mul\libc.a(lib_a-impure.o)
                0x000000000000bb48                _global_impure_ptr
 .sdata._impure_ptr
                0x000000000000bb4c        0x4 c:/intelfpga/18.1/nios2eds/bin/gnu/h-x86_64-mingw32/bin/../lib/gcc/nios2-elf/5.3.0/../../../../../H-x86_64-mingw32/nios2-elf/lib/mno-hw-mul\libc.a(lib_a-impure.o)
                0x000000000000bb4c                _impure_ptr
 *(.sdata2 .sdata2.* .gnu.linkonce.s2.*)
                0x000000000000bb50                . = ALIGN (0x4)
                0x000000000000bb50                _edata = ABSOLUTE (.)
                [!provide]                        PROVIDE (edata, ABSOLUTE (.))
                0x000000000000bb50                PROVIDE (__ram_rwdata_end, ABSOLUTE (.))
                0x000000000000bb50                PROVIDE (__flash_rwdata_start, LOADADDR (.rwdata))

.bss            0x000000000000d1a8      0x120
                0x000000000000d1a8                __bss_start = ABSOLUTE (.)
                [!provide]                        PROVIDE (__sbss_start, ABSOLUTE (.))
                [!provide]                        PROVIDE (___sbss_start, ABSOLUTE (.))
 *(.dynsbss)
 *(.sbss .sbss.* .gnu.linkonce.sb.*)
 .sbss          0x000000000000d1a8        0xc ../assembly_demo_nios_bsp/\libhal_bsp.a(alt_main.o)
                0x000000000000d1a8                alt_argc
                0x000000000000d1ac                alt_argv
                0x000000000000d1b0                alt_envp
 .sbss          0x000000000000d1b4        0x4 ../assembly_demo_nios_bsp/\libhal_bsp.a(alt_irq_vars.o)
                0x000000000000d1b4                alt_irq_active
 .sbss          0x000000000000d1b8        0x8 ../assembly_demo_nios_bsp/\libhal_bsp.a(alt_tick.o)
                0x000000000000d1b8                _alt_tick_rate
                0x000000000000d1bc                _alt_nticks
 .sbss          0x000000000000d1c0        0x4 ../assembly_demo_nios_bsp/\libhal_bsp.a(alt_instruction_exception_entry.o)
                0x000000000000d1c0                alt_instruction_exception_handler
 .sbss          0x000000000000d1c4        0x4 c:/intelfpga/18.1/nios2eds/bin/gnu/h-x86_64-mingw32/bin/../lib/gcc/nios2-elf/5.3.0/../../../../../H-x86_64-mingw32/nios2-elf/lib/mno-hw-mul\libc.a(lib_a-int_errno.o)
                0x000000000000d1c4                errno
 *(.sbss2 .sbss2.* .gnu.linkonce.sb2.*)
 *(.scommon)
                [!provide]                        PROVIDE (__sbss_end, ABSOLUTE (.))
                [!provide]                        PROVIDE (___sbss_end, ABSOLUTE (.))
 *(.dynbss)
 *(.bss .bss.* .gnu.linkonce.b.*)
 .bss           0x000000000000d1c8        0x0 ../assembly_demo_nios_bsp//obj/HAL/src/crt0.o
 .bss           0x000000000000d1c8        0x0 obj/default/lights.o
 .bss           0x000000000000d1c8        0x0 ../assembly_demo_nios_bsp/\libhal_bsp.a(alt_load.o)
 .bss           0x000000000000d1c8        0x0 ../assembly_demo_nios_bsp/\libhal_bsp.a(alt_main.o)
 .bss           0x000000000000d1c8        0x0 ../assembly_demo_nios_bsp/\libhal_bsp.a(alt_sys_init.o)
 .bss           0x000000000000d1c8        0x0 ../assembly_demo_nios_bsp/\libhal_bsp.a(altera_avalon_jtag_uart_fd.o)
 .bss           0x000000000000d1c8        0x0 ../assembly_demo_nios_bsp/\libhal_bsp.a(altera_avalon_jtag_uart_init.o)
 .bss           0x000000000000d1c8        0x0 ../assembly_demo_nios_bsp/\libhal_bsp.a(altera_avalon_jtag_uart_ioctl.o)
 .bss           0x000000000000d1c8        0x0 ../assembly_demo_nios_bsp/\libhal_bsp.a(altera_avalon_jtag_uart_read.o)
 .bss           0x000000000000d1c8        0x0 ../assembly_demo_nios_bsp/\libhal_bsp.a(altera_avalon_jtag_uart_write.o)
 .bss           0x000000000000d1c8        0x0 ../assembly_demo_nios_bsp/\libhal_bsp.a(alt_alarm_start.o)
 .bss           0x000000000000d1c8        0x0 ../assembly_demo_nios_bsp/\libhal_bsp.a(alt_close.o)
 .bss           0x000000000000d1c8        0x0 ../assembly_demo_nios_bsp/\libhal_bsp.a(alt_dcache_flush_all.o)
 .bss           0x000000000000d1c8        0x0 ../assembly_demo_nios_bsp/\libhal_bsp.a(alt_dev.o)
 .bss           0x000000000000d1c8        0x0 ../assembly_demo_nios_bsp/\libhal_bsp.a(alt_dev_llist_insert.o)
 .bss           0x000000000000d1c8        0x0 ../assembly_demo_nios_bsp/\libhal_bsp.a(alt_do_ctors.o)
 .bss           0x000000000000d1c8        0x0 ../assembly_demo_nios_bsp/\libhal_bsp.a(alt_do_dtors.o)
 .bss           0x000000000000d1c8        0x0 ../assembly_demo_nios_bsp/\libhal_bsp.a(alt_errno.o)
 .bss           0x000000000000d1c8        0x0 ../assembly_demo_nios_bsp/\libhal_bsp.a(alt_icache_flush_all.o)
 .bss           0x000000000000d1c8        0x0 ../assembly_demo_nios_bsp/\libhal_bsp.a(alt_iic.o)
 .bss           0x000000000000d1c8        0x0 ../assembly_demo_nios_bsp/\libhal_bsp.a(alt_iic_isr_register.o)
 .bss           0x000000000000d1c8        0x0 ../assembly_demo_nios_bsp/\libhal_bsp.a(alt_io_redirect.o)
 .bss           0x000000000000d1c8        0x0 ../assembly_demo_nios_bsp/\libhal_bsp.a(alt_irq_entry.o)
 .bss           0x000000000000d1c8        0x0 ../assembly_demo_nios_bsp/\libhal_bsp.a(alt_irq_handler.o)
 .bss           0x000000000000d1c8        0x0 ../assembly_demo_nios_bsp/\libhal_bsp.a(alt_irq_vars.o)
 .bss           0x000000000000d1c8        0x0 ../assembly_demo_nios_bsp/\libhal_bsp.a(alt_open.o)
 .bss           0x000000000000d1c8        0x0 ../assembly_demo_nios_bsp/\libhal_bsp.a(alt_release_fd.o)
 .bss           0x000000000000d1c8        0x0 ../assembly_demo_nios_bsp/\libhal_bsp.a(alt_tick.o)
 .bss           0x000000000000d1c8        0x0 ../assembly_demo_nios_bsp/\libhal_bsp.a(altera_nios2_gen2_irq.o)
 .bss           0x000000000000d1c8        0x0 ../assembly_demo_nios_bsp/\libhal_bsp.a(alt_exception_entry.o)
 .bss           0x000000000000d1c8        0x0 ../assembly_demo_nios_bsp/\libhal_bsp.a(alt_find_dev.o)
 .bss           0x000000000000d1c8        0x0 ../assembly_demo_nios_bsp/\libhal_bsp.a(alt_find_file.o)
 .bss           0x000000000000d1c8        0x0 ../assembly_demo_nios_bsp/\libhal_bsp.a(alt_get_fd.o)
 .bss           0x000000000000d1c8        0x0 ../assembly_demo_nios_bsp/\libhal_bsp.a(alt_instruction_exception_entry.o)
 .bss           0x000000000000d1c8        0x0 c:/intelfpga/18.1/nios2eds/bin/gnu/h-x86_64-mingw32/bin/../lib/gcc/nios2-elf/5.3.0/../../../../../H-x86_64-mingw32/nios2-elf/lib/mno-hw-mul\libc.a(lib_a-atexit.o)
 .bss           0x000000000000d1c8        0x0 c:/intelfpga/18.1/nios2eds/bin/gnu/h-x86_64-mingw32/bin/../lib/gcc/nios2-elf/5.3.0/../../../../../H-x86_64-mingw32/nios2-elf/lib/mno-hw-mul\libc.a(lib_a-exit.o)
 .bss           0x000000000000d1c8        0x0 c:/intelfpga/18.1/nios2eds/bin/gnu/h-x86_64-mingw32/bin/../lib/gcc/nios2-elf/5.3.0/../../../../../H-x86_64-mingw32/nios2-elf/lib/mno-hw-mul\libc.a(lib_a-impure.o)
 .bss           0x000000000000d1c8        0x0 c:/intelfpga/18.1/nios2eds/bin/gnu/h-x86_64-mingw32/bin/../lib/gcc/nios2-elf/5.3.0/../../../../../H-x86_64-mingw32/nios2-elf/lib/mno-hw-mul\libc.a(lib_a-int_errno.o)
 .bss           0x000000000000d1c8        0x0 c:/intelfpga/18.1/nios2eds/bin/gnu/h-x86_64-mingw32/bin/../lib/gcc/nios2-elf/5.3.0/../../../../../H-x86_64-mingw32/nios2-elf/lib/mno-hw-mul\libc.a(lib_a-memcmp.o)
 .bss           0x000000000000d1c8        0x0 c:/intelfpga/18.1/nios2eds/bin/gnu/h-x86_64-mingw32/bin/../lib/gcc/nios2-elf/5.3.0/../../../../../H-x86_64-mingw32/nios2-elf/lib/mno-hw-mul\libc.a(lib_a-memcpy.o)
 .bss           0x000000000000d1c8        0x0 c:/intelfpga/18.1/nios2eds/bin/gnu/h-x86_64-mingw32/bin/../lib/gcc/nios2-elf/5.3.0/../../../../../H-x86_64-mingw32/nios2-elf/lib/mno-hw-mul\libc.a(lib_a-strlen.o)
 .bss           0x000000000000d1c8        0x0 c:/intelfpga/18.1/nios2eds/bin/gnu/h-x86_64-mingw32/bin/../lib/gcc/nios2-elf/5.3.0/../../../../../H-x86_64-mingw32/nios2-elf/lib/mno-hw-mul\libc.a(lib_a-__atexit.o)
 .bss           0x000000000000d1c8        0x0 c:/intelfpga/18.1/nios2eds/bin/gnu/h-x86_64-mingw32/bin/../lib/gcc/nios2-elf/5.3.0/../../../../../H-x86_64-mingw32/nios2-elf/lib/mno-hw-mul\libc.a(lib_a-__call_atexit.o)
 .bss           0x000000000000d1c8        0x0 c:/intelfpga/18.1/nios2eds/bin/gnu/h-x86_64-mingw32/bin/../lib/gcc/nios2-elf/5.3.0/mno-hw-mul\libgcc.a(lib2-mul.o)
 .bss           0x000000000000d1c8        0x0 ../assembly_demo_nios_bsp/\libhal_bsp.a(alt_exit.o)
 *(COMMON)
 COMMON         0x000000000000d1c8      0x100 ../assembly_demo_nios_bsp/\libhal_bsp.a(alt_irq_handler.o)
                0x000000000000d1c8                alt_irq
                0x000000000000d2c8                . = ALIGN (0x4)
                0x000000000000d2c8                __bss_end = ABSOLUTE (.)

.onchip_memory2_0
                0x000000000000d2c8        0x0
                [!provide]                        PROVIDE (_alt_partition_onchip_memory2_0_start, ABSOLUTE (.))
 *(.onchip_memory2_0 .onchip_memory2_0. onchip_memory2_0.*)
                0x000000000000d2c8                . = ALIGN (0x4)
                [!provide]                        PROVIDE (_alt_partition_onchip_memory2_0_end, ABSOLUTE (.))
                0x000000000000d2c8                _end = ABSOLUTE (.)
                0x000000000000d2c8                end = ABSOLUTE (.)
                0x000000000000d2c8                __alt_stack_base = ABSOLUTE (.)
                [!provide]                        PROVIDE (_alt_partition_onchip_memory2_0_load_addr, LOADADDR (.onchip_memory2_0))

.stab
 *(.stab)

.stabstr
 *(.stabstr)

.stab.excl
 *(.stab.excl)

.stab.exclstr
 *(.stab.exclstr)

.stab.index
 *(.stab.index)

.stab.indexstr
 *(.stab.indexstr)

.comment        0x0000000000000000       0x23
 *(.comment)
 .comment       0x0000000000000000       0x23 ../assembly_demo_nios_bsp/\libhal_bsp.a(alt_load.o)
                                         0x24 (size before relaxing)
 .comment       0x0000000000000023       0x24 ../assembly_demo_nios_bsp/\libhal_bsp.a(alt_main.o)
 .comment       0x0000000000000023       0x24 ../assembly_demo_nios_bsp/\libhal_bsp.a(alt_sys_init.o)
 .comment       0x0000000000000023       0x24 ../assembly_demo_nios_bsp/\libhal_bsp.a(altera_avalon_jtag_uart_fd.o)
 .comment       0x0000000000000023       0x24 ../assembly_demo_nios_bsp/\libhal_bsp.a(altera_avalon_jtag_uart_init.o)
 .comment       0x0000000000000023       0x24 ../assembly_demo_nios_bsp/\libhal_bsp.a(altera_avalon_jtag_uart_ioctl.o)
 .comment       0x0000000000000023       0x24 ../assembly_demo_nios_bsp/\libhal_bsp.a(altera_avalon_jtag_uart_read.o)
 .comment       0x0000000000000023       0x24 ../assembly_demo_nios_bsp/\libhal_bsp.a(altera_avalon_jtag_uart_write.o)
 .comment       0x0000000000000023       0x24 ../assembly_demo_nios_bsp/\libhal_bsp.a(alt_alarm_start.o)
 .comment       0x0000000000000023       0x24 ../assembly_demo_nios_bsp/\libhal_bsp.a(alt_close.o)
 .comment       0x0000000000000023       0x24 ../assembly_demo_nios_bsp/\libhal_bsp.a(alt_dcache_flush_all.o)
 .comment       0x0000000000000023       0x24 ../assembly_demo_nios_bsp/\libhal_bsp.a(alt_dev.o)
 .comment       0x0000000000000023       0x24 ../assembly_demo_nios_bsp/\libhal_bsp.a(alt_dev_llist_insert.o)
 .comment       0x0000000000000023       0x24 ../assembly_demo_nios_bsp/\libhal_bsp.a(alt_do_ctors.o)
 .comment       0x0000000000000023       0x24 ../assembly_demo_nios_bsp/\libhal_bsp.a(alt_do_dtors.o)
 .comment       0x0000000000000023       0x24 ../assembly_demo_nios_bsp/\libhal_bsp.a(alt_errno.o)
 .comment       0x0000000000000023       0x24 ../assembly_demo_nios_bsp/\libhal_bsp.a(alt_icache_flush_all.o)
 .comment       0x0000000000000023       0x24 ../assembly_demo_nios_bsp/\libhal_bsp.a(alt_iic.o)
 .comment       0x0000000000000023       0x24 ../assembly_demo_nios_bsp/\libhal_bsp.a(alt_iic_isr_register.o)
 .comment       0x0000000000000023       0x24 ../assembly_demo_nios_bsp/\libhal_bsp.a(alt_io_redirect.o)
 .comment       0x0000000000000023       0x24 ../assembly_demo_nios_bsp/\libhal_bsp.a(alt_irq_handler.o)
 .comment       0x0000000000000023       0x24 ../assembly_demo_nios_bsp/\libhal_bsp.a(alt_irq_vars.o)
 .comment       0x0000000000000023       0x24 ../assembly_demo_nios_bsp/\libhal_bsp.a(alt_open.o)
 .comment       0x0000000000000023       0x24 ../assembly_demo_nios_bsp/\libhal_bsp.a(alt_release_fd.o)
 .comment       0x0000000000000023       0x24 ../assembly_demo_nios_bsp/\libhal_bsp.a(alt_tick.o)
 .comment       0x0000000000000023       0x24 ../assembly_demo_nios_bsp/\libhal_bsp.a(altera_nios2_gen2_irq.o)
 .comment       0x0000000000000023       0x24 ../assembly_demo_nios_bsp/\libhal_bsp.a(alt_find_dev.o)
 .comment       0x0000000000000023       0x24 ../assembly_demo_nios_bsp/\libhal_bsp.a(alt_find_file.o)
 .comment       0x0000000000000023       0x24 ../assembly_demo_nios_bsp/\libhal_bsp.a(alt_get_fd.o)
 .comment       0x0000000000000023       0x24 ../assembly_demo_nios_bsp/\libhal_bsp.a(alt_instruction_exception_entry.o)
 .comment       0x0000000000000023       0x24 c:/intelfpga/18.1/nios2eds/bin/gnu/h-x86_64-mingw32/bin/../lib/gcc/nios2-elf/5.3.0/../../../../../H-x86_64-mingw32/nios2-elf/lib/mno-hw-mul\libc.a(lib_a-atexit.o)
 .comment       0x0000000000000023       0x24 c:/intelfpga/18.1/nios2eds/bin/gnu/h-x86_64-mingw32/bin/../lib/gcc/nios2-elf/5.3.0/../../../../../H-x86_64-mingw32/nios2-elf/lib/mno-hw-mul\libc.a(lib_a-exit.o)
 .comment       0x0000000000000023       0x24 c:/intelfpga/18.1/nios2eds/bin/gnu/h-x86_64-mingw32/bin/../lib/gcc/nios2-elf/5.3.0/../../../../../H-x86_64-mingw32/nios2-elf/lib/mno-hw-mul\libc.a(lib_a-impure.o)
 .comment       0x0000000000000023       0x24 c:/intelfpga/18.1/nios2eds/bin/gnu/h-x86_64-mingw32/bin/../lib/gcc/nios2-elf/5.3.0/../../../../../H-x86_64-mingw32/nios2-elf/lib/mno-hw-mul\libc.a(lib_a-int_errno.o)
 .comment       0x0000000000000023       0x24 c:/intelfpga/18.1/nios2eds/bin/gnu/h-x86_64-mingw32/bin/../lib/gcc/nios2-elf/5.3.0/../../../../../H-x86_64-mingw32/nios2-elf/lib/mno-hw-mul\libc.a(lib_a-memcmp.o)
 .comment       0x0000000000000023       0x24 c:/intelfpga/18.1/nios2eds/bin/gnu/h-x86_64-mingw32/bin/../lib/gcc/nios2-elf/5.3.0/../../../../../H-x86_64-mingw32/nios2-elf/lib/mno-hw-mul\libc.a(lib_a-memcpy.o)
 .comment       0x0000000000000023       0x24 c:/intelfpga/18.1/nios2eds/bin/gnu/h-x86_64-mingw32/bin/../lib/gcc/nios2-elf/5.3.0/../../../../../H-x86_64-mingw32/nios2-elf/lib/mno-hw-mul\libc.a(lib_a-strlen.o)
 .comment       0x0000000000000023       0x24 c:/intelfpga/18.1/nios2eds/bin/gnu/h-x86_64-mingw32/bin/../lib/gcc/nios2-elf/5.3.0/../../../../../H-x86_64-mingw32/nios2-elf/lib/mno-hw-mul\libc.a(lib_a-__atexit.o)
 .comment       0x0000000000000023       0x24 c:/intelfpga/18.1/nios2eds/bin/gnu/h-x86_64-mingw32/bin/../lib/gcc/nios2-elf/5.3.0/../../../../../H-x86_64-mingw32/nios2-elf/lib/mno-hw-mul\libc.a(lib_a-__call_atexit.o)
 .comment       0x0000000000000023       0x24 c:/intelfpga/18.1/nios2eds/bin/gnu/h-x86_64-mingw32/bin/../lib/gcc/nios2-elf/5.3.0/mno-hw-mul\libgcc.a(lib2-mul.o)
 .comment       0x0000000000000023       0x24 ../assembly_demo_nios_bsp/\libhal_bsp.a(alt_exit.o)

.debug
 *(.debug)

.line
 *(.line)

.debug_srcinfo
 *(.debug_srcinfo)

.debug_sfnames
 *(.debug_sfnames)

.debug_aranges  0x0000000000000000      0x5b8
 *(.debug_aranges)
 .debug_aranges
                0x0000000000000000       0x28 ../assembly_demo_nios_bsp//obj/HAL/src/crt0.o
 .debug_aranges
                0x0000000000000028       0x20 obj/default/lights.o
 .debug_aranges
                0x0000000000000048       0x20 ../assembly_demo_nios_bsp/\libhal_bsp.a(alt_load.o)
 .debug_aranges
                0x0000000000000068       0x20 ../assembly_demo_nios_bsp/\libhal_bsp.a(alt_main.o)
 .debug_aranges
                0x0000000000000088       0x20 ../assembly_demo_nios_bsp/\libhal_bsp.a(alt_sys_init.o)
 .debug_aranges
                0x00000000000000a8       0x20 ../assembly_demo_nios_bsp/\libhal_bsp.a(altera_avalon_jtag_uart_fd.o)
 .debug_aranges
                0x00000000000000c8       0x20 ../assembly_demo_nios_bsp/\libhal_bsp.a(altera_avalon_jtag_uart_init.o)
 .debug_aranges
                0x00000000000000e8       0x20 ../assembly_demo_nios_bsp/\libhal_bsp.a(altera_avalon_jtag_uart_ioctl.o)
 .debug_aranges
                0x0000000000000108       0x20 ../assembly_demo_nios_bsp/\libhal_bsp.a(altera_avalon_jtag_uart_read.o)
 .debug_aranges
                0x0000000000000128       0x20 ../assembly_demo_nios_bsp/\libhal_bsp.a(altera_avalon_jtag_uart_write.o)
 .debug_aranges
                0x0000000000000148       0x20 ../assembly_demo_nios_bsp/\libhal_bsp.a(alt_alarm_start.o)
 .debug_aranges
                0x0000000000000168       0x20 ../assembly_demo_nios_bsp/\libhal_bsp.a(alt_close.o)
 .debug_aranges
                0x0000000000000188       0x20 ../assembly_demo_nios_bsp/\libhal_bsp.a(alt_dcache_flush_all.o)
 .debug_aranges
                0x00000000000001a8       0x20 ../assembly_demo_nios_bsp/\libhal_bsp.a(alt_dev.o)
 .debug_aranges
                0x00000000000001c8       0x20 ../assembly_demo_nios_bsp/\libhal_bsp.a(alt_dev_llist_insert.o)
 .debug_aranges
                0x00000000000001e8       0x20 ../assembly_demo_nios_bsp/\libhal_bsp.a(alt_do_ctors.o)
 .debug_aranges
                0x0000000000000208       0x20 ../assembly_demo_nios_bsp/\libhal_bsp.a(alt_do_dtors.o)
 .debug_aranges
                0x0000000000000228       0x18 ../assembly_demo_nios_bsp/\libhal_bsp.a(alt_errno.o)
 .debug_aranges
                0x0000000000000240       0x20 ../assembly_demo_nios_bsp/\libhal_bsp.a(alt_icache_flush_all.o)
 .debug_aranges
                0x0000000000000260       0x20 ../assembly_demo_nios_bsp/\libhal_bsp.a(alt_iic.o)
 .debug_aranges
                0x0000000000000280       0x20 ../assembly_demo_nios_bsp/\libhal_bsp.a(alt_iic_isr_register.o)
 .debug_aranges
                0x00000000000002a0       0x20 ../assembly_demo_nios_bsp/\libhal_bsp.a(alt_io_redirect.o)
 .debug_aranges
                0x00000000000002c0       0x30 ../assembly_demo_nios_bsp/\libhal_bsp.a(alt_irq_entry.o)
 .debug_aranges
                0x00000000000002f0       0x20 ../assembly_demo_nios_bsp/\libhal_bsp.a(alt_irq_handler.o)
 .debug_aranges
                0x0000000000000310       0x18 ../assembly_demo_nios_bsp/\libhal_bsp.a(alt_irq_vars.o)
 .debug_aranges
                0x0000000000000328       0x20 ../assembly_demo_nios_bsp/\libhal_bsp.a(alt_open.o)
 .debug_aranges
                0x0000000000000348       0x20 ../assembly_demo_nios_bsp/\libhal_bsp.a(alt_release_fd.o)
 .debug_aranges
                0x0000000000000368       0x20 ../assembly_demo_nios_bsp/\libhal_bsp.a(alt_tick.o)
 .debug_aranges
                0x0000000000000388       0x20 ../assembly_demo_nios_bsp/\libhal_bsp.a(altera_nios2_gen2_irq.o)
 .debug_aranges
                0x00000000000003a8       0x38 ../assembly_demo_nios_bsp/\libhal_bsp.a(alt_exception_entry.o)
 .debug_aranges
                0x00000000000003e0       0x20 ../assembly_demo_nios_bsp/\libhal_bsp.a(alt_find_dev.o)
 .debug_aranges
                0x0000000000000400       0x20 ../assembly_demo_nios_bsp/\libhal_bsp.a(alt_find_file.o)
 .debug_aranges
                0x0000000000000420       0x20 ../assembly_demo_nios_bsp/\libhal_bsp.a(alt_get_fd.o)
 .debug_aranges
                0x0000000000000440       0x28 ../assembly_demo_nios_bsp/\libhal_bsp.a(alt_instruction_exception_entry.o)
 .debug_aranges
                0x0000000000000468       0x20 c:/intelfpga/18.1/nios2eds/bin/gnu/h-x86_64-mingw32/bin/../lib/gcc/nios2-elf/5.3.0/../../../../../H-x86_64-mingw32/nios2-elf/lib/mno-hw-mul\libc.a(lib_a-atexit.o)
 .debug_aranges
                0x0000000000000488       0x20 c:/intelfpga/18.1/nios2eds/bin/gnu/h-x86_64-mingw32/bin/../lib/gcc/nios2-elf/5.3.0/../../../../../H-x86_64-mingw32/nios2-elf/lib/mno-hw-mul\libc.a(lib_a-exit.o)
 .debug_aranges
                0x00000000000004a8       0x18 c:/intelfpga/18.1/nios2eds/bin/gnu/h-x86_64-mingw32/bin/../lib/gcc/nios2-elf/5.3.0/../../../../../H-x86_64-mingw32/nios2-elf/lib/mno-hw-mul\libc.a(lib_a-impure.o)
 .debug_aranges
                0x00000000000004c0       0x18 c:/intelfpga/18.1/nios2eds/bin/gnu/h-x86_64-mingw32/bin/../lib/gcc/nios2-elf/5.3.0/../../../../../H-x86_64-mingw32/nios2-elf/lib/mno-hw-mul\libc.a(lib_a-int_errno.o)
 .debug_aranges
                0x00000000000004d8       0x20 c:/intelfpga/18.1/nios2eds/bin/gnu/h-x86_64-mingw32/bin/../lib/gcc/nios2-elf/5.3.0/../../../../../H-x86_64-mingw32/nios2-elf/lib/mno-hw-mul\libc.a(lib_a-memcmp.o)
 .debug_aranges
                0x00000000000004f8       0x20 c:/intelfpga/18.1/nios2eds/bin/gnu/h-x86_64-mingw32/bin/../lib/gcc/nios2-elf/5.3.0/../../../../../H-x86_64-mingw32/nios2-elf/lib/mno-hw-mul\libc.a(lib_a-memcpy.o)
 .debug_aranges
                0x0000000000000518       0x20 c:/intelfpga/18.1/nios2eds/bin/gnu/h-x86_64-mingw32/bin/../lib/gcc/nios2-elf/5.3.0/../../../../../H-x86_64-mingw32/nios2-elf/lib/mno-hw-mul\libc.a(lib_a-strlen.o)
 .debug_aranges
                0x0000000000000538       0x20 c:/intelfpga/18.1/nios2eds/bin/gnu/h-x86_64-mingw32/bin/../lib/gcc/nios2-elf/5.3.0/../../../../../H-x86_64-mingw32/nios2-elf/lib/mno-hw-mul\libc.a(lib_a-__atexit.o)
 .debug_aranges
                0x0000000000000558       0x20 c:/intelfpga/18.1/nios2eds/bin/gnu/h-x86_64-mingw32/bin/../lib/gcc/nios2-elf/5.3.0/../../../../../H-x86_64-mingw32/nios2-elf/lib/mno-hw-mul\libc.a(lib_a-__call_atexit.o)
 .debug_aranges
                0x0000000000000578       0x20 c:/intelfpga/18.1/nios2eds/bin/gnu/h-x86_64-mingw32/bin/../lib/gcc/nios2-elf/5.3.0/mno-hw-mul\libgcc.a(lib2-mul.o)
 .debug_aranges
                0x0000000000000598       0x20 ../assembly_demo_nios_bsp/\libhal_bsp.a(alt_exit.o)

.debug_pubnames
 *(.debug_pubnames)

.debug_info     0x0000000000000000     0x752d
 *(.debug_info .gnu.linkonce.wi.*)
 .debug_info    0x0000000000000000       0x8e ../assembly_demo_nios_bsp//obj/HAL/src/crt0.o
 .debug_info    0x000000000000008e       0x88 obj/default/lights.o
 .debug_info    0x0000000000000116      0x145 ../assembly_demo_nios_bsp/\libhal_bsp.a(alt_load.o)
 .debug_info    0x000000000000025b      0x131 ../assembly_demo_nios_bsp/\libhal_bsp.a(alt_main.o)
 .debug_info    0x000000000000038c      0x4c3 ../assembly_demo_nios_bsp/\libhal_bsp.a(alt_sys_init.o)
 .debug_info    0x000000000000084f      0x52e ../assembly_demo_nios_bsp/\libhal_bsp.a(altera_avalon_jtag_uart_fd.o)
 .debug_info    0x0000000000000d7d      0x3a0 ../assembly_demo_nios_bsp/\libhal_bsp.a(altera_avalon_jtag_uart_init.o)
 .debug_info    0x000000000000111d      0x280 ../assembly_demo_nios_bsp/\libhal_bsp.a(altera_avalon_jtag_uart_ioctl.o)
 .debug_info    0x000000000000139d      0x345 ../assembly_demo_nios_bsp/\libhal_bsp.a(altera_avalon_jtag_uart_read.o)
 .debug_info    0x00000000000016e2      0x340 ../assembly_demo_nios_bsp/\libhal_bsp.a(altera_avalon_jtag_uart_write.o)
 .debug_info    0x0000000000001a22      0x2cc ../assembly_demo_nios_bsp/\libhal_bsp.a(alt_alarm_start.o)
 .debug_info    0x0000000000001cee      0x321 ../assembly_demo_nios_bsp/\libhal_bsp.a(alt_close.o)
 .debug_info    0x000000000000200f       0x92 ../assembly_demo_nios_bsp/\libhal_bsp.a(alt_dcache_flush_all.o)
 .debug_info    0x00000000000020a1      0x49c ../assembly_demo_nios_bsp/\libhal_bsp.a(alt_dev.o)
 .debug_info    0x000000000000253d      0x1a9 ../assembly_demo_nios_bsp/\libhal_bsp.a(alt_dev_llist_insert.o)
 .debug_info    0x00000000000026e6       0x83 ../assembly_demo_nios_bsp/\libhal_bsp.a(alt_do_ctors.o)
 .debug_info    0x0000000000002769       0x83 ../assembly_demo_nios_bsp/\libhal_bsp.a(alt_do_dtors.o)
 .debug_info    0x00000000000027ec       0xa6 ../assembly_demo_nios_bsp/\libhal_bsp.a(alt_errno.o)
 .debug_info    0x0000000000002892       0x92 ../assembly_demo_nios_bsp/\libhal_bsp.a(alt_icache_flush_all.o)
 .debug_info    0x0000000000002924      0x350 ../assembly_demo_nios_bsp/\libhal_bsp.a(alt_iic.o)
 .debug_info    0x0000000000002c74      0x1ef ../assembly_demo_nios_bsp/\libhal_bsp.a(alt_iic_isr_register.o)
 .debug_info    0x0000000000002e63      0x4a5 ../assembly_demo_nios_bsp/\libhal_bsp.a(alt_io_redirect.o)
 .debug_info    0x0000000000003308       0x97 ../assembly_demo_nios_bsp/\libhal_bsp.a(alt_irq_entry.o)
 .debug_info    0x000000000000339f      0x187 ../assembly_demo_nios_bsp/\libhal_bsp.a(alt_irq_handler.o)
 .debug_info    0x0000000000003526       0x88 ../assembly_demo_nios_bsp/\libhal_bsp.a(alt_irq_vars.o)
 .debug_info    0x00000000000035ae      0x3bb ../assembly_demo_nios_bsp/\libhal_bsp.a(alt_open.o)
 .debug_info    0x0000000000003969      0x2b0 ../assembly_demo_nios_bsp/\libhal_bsp.a(alt_release_fd.o)
 .debug_info    0x0000000000003c19      0x299 ../assembly_demo_nios_bsp/\libhal_bsp.a(alt_tick.o)
 .debug_info    0x0000000000003eb2       0x92 ../assembly_demo_nios_bsp/\libhal_bsp.a(altera_nios2_gen2_irq.o)
 .debug_info    0x0000000000003f44       0x9d ../assembly_demo_nios_bsp/\libhal_bsp.a(alt_exception_entry.o)
 .debug_info    0x0000000000003fe1      0x2e9 ../assembly_demo_nios_bsp/\libhal_bsp.a(alt_find_dev.o)
 .debug_info    0x00000000000042ca      0x2e6 ../assembly_demo_nios_bsp/\libhal_bsp.a(alt_find_file.o)
 .debug_info    0x00000000000045b0      0x310 ../assembly_demo_nios_bsp/\libhal_bsp.a(alt_get_fd.o)
 .debug_info    0x00000000000048c0      0x1e7 ../assembly_demo_nios_bsp/\libhal_bsp.a(alt_instruction_exception_entry.o)
 .debug_info    0x0000000000004aa7       0xfe c:/intelfpga/18.1/nios2eds/bin/gnu/h-x86_64-mingw32/bin/../lib/gcc/nios2-elf/5.3.0/../../../../../H-x86_64-mingw32/nios2-elf/lib/mno-hw-mul\libc.a(lib_a-atexit.o)
 .debug_info    0x0000000000004ba5      0x8e4 c:/intelfpga/18.1/nios2eds/bin/gnu/h-x86_64-mingw32/bin/../lib/gcc/nios2-elf/5.3.0/../../../../../H-x86_64-mingw32/nios2-elf/lib/mno-hw-mul\libc.a(lib_a-exit.o)
 .debug_info    0x0000000000005489      0x8a1 c:/intelfpga/18.1/nios2eds/bin/gnu/h-x86_64-mingw32/bin/../lib/gcc/nios2-elf/5.3.0/../../../../../H-x86_64-mingw32/nios2-elf/lib/mno-hw-mul\libc.a(lib_a-impure.o)
 .debug_info    0x0000000000005d2a       0x8a c:/intelfpga/18.1/nios2eds/bin/gnu/h-x86_64-mingw32/bin/../lib/gcc/nios2-elf/5.3.0/../../../../../H-x86_64-mingw32/nios2-elf/lib/mno-hw-mul\libc.a(lib_a-int_errno.o)
 .debug_info    0x0000000000005db4      0x11a c:/intelfpga/18.1/nios2eds/bin/gnu/h-x86_64-mingw32/bin/../lib/gcc/nios2-elf/5.3.0/../../../../../H-x86_64-mingw32/nios2-elf/lib/mno-hw-mul\libc.a(lib_a-memcmp.o)
 .debug_info    0x0000000000005ece      0x144 c:/intelfpga/18.1/nios2eds/bin/gnu/h-x86_64-mingw32/bin/../lib/gcc/nios2-elf/5.3.0/../../../../../H-x86_64-mingw32/nios2-elf/lib/mno-hw-mul\libc.a(lib_a-memcpy.o)
 .debug_info    0x0000000000006012       0xe2 c:/intelfpga/18.1/nios2eds/bin/gnu/h-x86_64-mingw32/bin/../lib/gcc/nios2-elf/5.3.0/../../../../../H-x86_64-mingw32/nios2-elf/lib/mno-hw-mul\libc.a(lib_a-strlen.o)
 .debug_info    0x00000000000060f4      0x934 c:/intelfpga/18.1/nios2eds/bin/gnu/h-x86_64-mingw32/bin/../lib/gcc/nios2-elf/5.3.0/../../../../../H-x86_64-mingw32/nios2-elf/lib/mno-hw-mul\libc.a(lib_a-__atexit.o)
 .debug_info    0x0000000000006a28      0x965 c:/intelfpga/18.1/nios2eds/bin/gnu/h-x86_64-mingw32/bin/../lib/gcc/nios2-elf/5.3.0/../../../../../H-x86_64-mingw32/nios2-elf/lib/mno-hw-mul\libc.a(lib_a-__call_atexit.o)
 .debug_info    0x000000000000738d       0xb4 c:/intelfpga/18.1/nios2eds/bin/gnu/h-x86_64-mingw32/bin/../lib/gcc/nios2-elf/5.3.0/mno-hw-mul\libgcc.a(lib2-mul.o)
 .debug_info    0x0000000000007441       0xec ../assembly_demo_nios_bsp/\libhal_bsp.a(alt_exit.o)

.debug_abbrev   0x0000000000000000     0x28c8
 *(.debug_abbrev)
 .debug_abbrev  0x0000000000000000       0x12 ../assembly_demo_nios_bsp//obj/HAL/src/crt0.o
 .debug_abbrev  0x0000000000000012       0x14 obj/default/lights.o
 .debug_abbrev  0x0000000000000026       0x9f ../assembly_demo_nios_bsp/\libhal_bsp.a(alt_load.o)
 .debug_abbrev  0x00000000000000c5       0xba ../assembly_demo_nios_bsp/\libhal_bsp.a(alt_main.o)
 .debug_abbrev  0x000000000000017f      0x187 ../assembly_demo_nios_bsp/\libhal_bsp.a(alt_sys_init.o)
 .debug_abbrev  0x0000000000000306      0x127 ../assembly_demo_nios_bsp/\libhal_bsp.a(altera_avalon_jtag_uart_fd.o)
 .debug_abbrev  0x000000000000042d      0x19e ../assembly_demo_nios_bsp/\libhal_bsp.a(altera_avalon_jtag_uart_init.o)
 .debug_abbrev  0x00000000000005cb      0x111 ../assembly_demo_nios_bsp/\libhal_bsp.a(altera_avalon_jtag_uart_ioctl.o)
 .debug_abbrev  0x00000000000006dc      0x1aa ../assembly_demo_nios_bsp/\libhal_bsp.a(altera_avalon_jtag_uart_read.o)
 .debug_abbrev  0x0000000000000886      0x1a8 ../assembly_demo_nios_bsp/\libhal_bsp.a(altera_avalon_jtag_uart_write.o)
 .debug_abbrev  0x0000000000000a2e      0x162 ../assembly_demo_nios_bsp/\libhal_bsp.a(alt_alarm_start.o)
 .debug_abbrev  0x0000000000000b90      0x11f ../assembly_demo_nios_bsp/\libhal_bsp.a(alt_close.o)
 .debug_abbrev  0x0000000000000caf       0x42 ../assembly_demo_nios_bsp/\libhal_bsp.a(alt_dcache_flush_all.o)
 .debug_abbrev  0x0000000000000cf1       0xd9 ../assembly_demo_nios_bsp/\libhal_bsp.a(alt_dev.o)
 .debug_abbrev  0x0000000000000dca      0x114 ../assembly_demo_nios_bsp/\libhal_bsp.a(alt_dev_llist_insert.o)
 .debug_abbrev  0x0000000000000ede       0x79 ../assembly_demo_nios_bsp/\libhal_bsp.a(alt_do_ctors.o)
 .debug_abbrev  0x0000000000000f57       0x79 ../assembly_demo_nios_bsp/\libhal_bsp.a(alt_do_dtors.o)
 .debug_abbrev  0x0000000000000fd0       0x5a ../assembly_demo_nios_bsp/\libhal_bsp.a(alt_errno.o)
 .debug_abbrev  0x000000000000102a       0x42 ../assembly_demo_nios_bsp/\libhal_bsp.a(alt_icache_flush_all.o)
 .debug_abbrev  0x000000000000106c      0x163 ../assembly_demo_nios_bsp/\libhal_bsp.a(alt_iic.o)
 .debug_abbrev  0x00000000000011cf      0x169 ../assembly_demo_nios_bsp/\libhal_bsp.a(alt_iic_isr_register.o)
 .debug_abbrev  0x0000000000001338      0x114 ../assembly_demo_nios_bsp/\libhal_bsp.a(alt_io_redirect.o)
 .debug_abbrev  0x000000000000144c       0x12 ../assembly_demo_nios_bsp/\libhal_bsp.a(alt_irq_entry.o)
 .debug_abbrev  0x000000000000145e      0x122 ../assembly_demo_nios_bsp/\libhal_bsp.a(alt_irq_handler.o)
 .debug_abbrev  0x0000000000001580       0x40 ../assembly_demo_nios_bsp/\libhal_bsp.a(alt_irq_vars.o)
 .debug_abbrev  0x00000000000015c0      0x148 ../assembly_demo_nios_bsp/\libhal_bsp.a(alt_open.o)
 .debug_abbrev  0x0000000000001708       0xde ../assembly_demo_nios_bsp/\libhal_bsp.a(alt_release_fd.o)
 .debug_abbrev  0x00000000000017e6      0x15a ../assembly_demo_nios_bsp/\libhal_bsp.a(alt_tick.o)
 .debug_abbrev  0x0000000000001940       0x42 ../assembly_demo_nios_bsp/\libhal_bsp.a(altera_nios2_gen2_irq.o)
 .debug_abbrev  0x0000000000001982       0x12 ../assembly_demo_nios_bsp/\libhal_bsp.a(alt_exception_entry.o)
 .debug_abbrev  0x0000000000001994       0xf0 ../assembly_demo_nios_bsp/\libhal_bsp.a(alt_find_dev.o)
 .debug_abbrev  0x0000000000001a84       0xf0 ../assembly_demo_nios_bsp/\libhal_bsp.a(alt_find_file.o)
 .debug_abbrev  0x0000000000001b74      0x10d ../assembly_demo_nios_bsp/\libhal_bsp.a(alt_get_fd.o)
 .debug_abbrev  0x0000000000001c81       0xdc ../assembly_demo_nios_bsp/\libhal_bsp.a(alt_instruction_exception_entry.o)
 .debug_abbrev  0x0000000000001d5d       0xaa c:/intelfpga/18.1/nios2eds/bin/gnu/h-x86_64-mingw32/bin/../lib/gcc/nios2-elf/5.3.0/../../../../../H-x86_64-mingw32/nios2-elf/lib/mno-hw-mul\libc.a(lib_a-atexit.o)
 .debug_abbrev  0x0000000000001e07      0x1e5 c:/intelfpga/18.1/nios2eds/bin/gnu/h-x86_64-mingw32/bin/../lib/gcc/nios2-elf/5.3.0/../../../../../H-x86_64-mingw32/nios2-elf/lib/mno-hw-mul\libc.a(lib_a-exit.o)
 .debug_abbrev  0x0000000000001fec      0x18f c:/intelfpga/18.1/nios2eds/bin/gnu/h-x86_64-mingw32/bin/../lib/gcc/nios2-elf/5.3.0/../../../../../H-x86_64-mingw32/nios2-elf/lib/mno-hw-mul\libc.a(lib_a-impure.o)
 .debug_abbrev  0x000000000000217b       0x37 c:/intelfpga/18.1/nios2eds/bin/gnu/h-x86_64-mingw32/bin/../lib/gcc/nios2-elf/5.3.0/../../../../../H-x86_64-mingw32/nios2-elf/lib/mno-hw-mul\libc.a(lib_a-int_errno.o)
 .debug_abbrev  0x00000000000021b2       0x7f c:/intelfpga/18.1/nios2eds/bin/gnu/h-x86_64-mingw32/bin/../lib/gcc/nios2-elf/5.3.0/../../../../../H-x86_64-mingw32/nios2-elf/lib/mno-hw-mul\libc.a(lib_a-memcmp.o)
 .debug_abbrev  0x0000000000002231       0xa3 c:/intelfpga/18.1/nios2eds/bin/gnu/h-x86_64-mingw32/bin/../lib/gcc/nios2-elf/5.3.0/../../../../../H-x86_64-mingw32/nios2-elf/lib/mno-hw-mul\libc.a(lib_a-memcpy.o)
 .debug_abbrev  0x00000000000022d4       0x90 c:/intelfpga/18.1/nios2eds/bin/gnu/h-x86_64-mingw32/bin/../lib/gcc/nios2-elf/5.3.0/../../../../../H-x86_64-mingw32/nios2-elf/lib/mno-hw-mul\libc.a(lib_a-strlen.o)
 .debug_abbrev  0x0000000000002364      0x21e c:/intelfpga/18.1/nios2eds/bin/gnu/h-x86_64-mingw32/bin/../lib/gcc/nios2-elf/5.3.0/../../../../../H-x86_64-mingw32/nios2-elf/lib/mno-hw-mul\libc.a(lib_a-__atexit.o)
 .debug_abbrev  0x0000000000002582      0x22e c:/intelfpga/18.1/nios2eds/bin/gnu/h-x86_64-mingw32/bin/../lib/gcc/nios2-elf/5.3.0/../../../../../H-x86_64-mingw32/nios2-elf/lib/mno-hw-mul\libc.a(lib_a-__call_atexit.o)
 .debug_abbrev  0x00000000000027b0       0x6f c:/intelfpga/18.1/nios2eds/bin/gnu/h-x86_64-mingw32/bin/../lib/gcc/nios2-elf/5.3.0/mno-hw-mul\libgcc.a(lib2-mul.o)
 .debug_abbrev  0x000000000000281f       0xa9 ../assembly_demo_nios_bsp/\libhal_bsp.a(alt_exit.o)

.debug_line     0x0000000000000000     0x2941
 *(.debug_line)
 .debug_line    0x0000000000000000       0x66 ../assembly_demo_nios_bsp//obj/HAL/src/crt0.o
 .debug_line    0x0000000000000066       0x3c obj/default/lights.o
 .debug_line    0x00000000000000a2       0x8e ../assembly_demo_nios_bsp/\libhal_bsp.a(alt_load.o)
 .debug_line    0x0000000000000130       0xa4 ../assembly_demo_nios_bsp/\libhal_bsp.a(alt_main.o)
 .debug_line    0x00000000000001d4      0x137 ../assembly_demo_nios_bsp/\libhal_bsp.a(alt_sys_init.o)
 .debug_line    0x000000000000030b      0x12f ../assembly_demo_nios_bsp/\libhal_bsp.a(altera_avalon_jtag_uart_fd.o)
 .debug_line    0x000000000000043a      0x18b ../assembly_demo_nios_bsp/\libhal_bsp.a(altera_avalon_jtag_uart_init.o)
 .debug_line    0x00000000000005c5      0x131 ../assembly_demo_nios_bsp/\libhal_bsp.a(altera_avalon_jtag_uart_ioctl.o)
 .debug_line    0x00000000000006f6      0x171 ../assembly_demo_nios_bsp/\libhal_bsp.a(altera_avalon_jtag_uart_read.o)
 .debug_line    0x0000000000000867      0x170 ../assembly_demo_nios_bsp/\libhal_bsp.a(altera_avalon_jtag_uart_write.o)
 .debug_line    0x00000000000009d7       0xf9 ../assembly_demo_nios_bsp/\libhal_bsp.a(alt_alarm_start.o)
 .debug_line    0x0000000000000ad0      0x160 ../assembly_demo_nios_bsp/\libhal_bsp.a(alt_close.o)
 .debug_line    0x0000000000000c30       0x51 ../assembly_demo_nios_bsp/\libhal_bsp.a(alt_dcache_flush_all.o)
 .debug_line    0x0000000000000c81       0xf3 ../assembly_demo_nios_bsp/\libhal_bsp.a(alt_dev.o)
 .debug_line    0x0000000000000d74       0xcf ../assembly_demo_nios_bsp/\libhal_bsp.a(alt_dev_llist_insert.o)
 .debug_line    0x0000000000000e43       0x59 ../assembly_demo_nios_bsp/\libhal_bsp.a(alt_do_ctors.o)
 .debug_line    0x0000000000000e9c       0x59 ../assembly_demo_nios_bsp/\libhal_bsp.a(alt_do_dtors.o)
 .debug_line    0x0000000000000ef5       0x51 ../assembly_demo_nios_bsp/\libhal_bsp.a(alt_errno.o)
 .debug_line    0x0000000000000f46       0x4f ../assembly_demo_nios_bsp/\libhal_bsp.a(alt_icache_flush_all.o)
 .debug_line    0x0000000000000f95       0xeb ../assembly_demo_nios_bsp/\libhal_bsp.a(alt_iic.o)
 .debug_line    0x0000000000001080       0xdb ../assembly_demo_nios_bsp/\libhal_bsp.a(alt_iic_isr_register.o)
 .debug_line    0x000000000000115b      0x130 ../assembly_demo_nios_bsp/\libhal_bsp.a(alt_io_redirect.o)
 .debug_line    0x000000000000128b       0x6b ../assembly_demo_nios_bsp/\libhal_bsp.a(alt_irq_entry.o)
 .debug_line    0x00000000000012f6       0xaa ../assembly_demo_nios_bsp/\libhal_bsp.a(alt_irq_handler.o)
 .debug_line    0x00000000000013a0       0x50 ../assembly_demo_nios_bsp/\libhal_bsp.a(alt_irq_vars.o)
 .debug_line    0x00000000000013f0      0x12b ../assembly_demo_nios_bsp/\libhal_bsp.a(alt_open.o)
 .debug_line    0x000000000000151b       0xb0 ../assembly_demo_nios_bsp/\libhal_bsp.a(alt_release_fd.o)
 .debug_line    0x00000000000015cb       0xff ../assembly_demo_nios_bsp/\libhal_bsp.a(alt_tick.o)
 .debug_line    0x00000000000016ca       0x51 ../assembly_demo_nios_bsp/\libhal_bsp.a(altera_nios2_gen2_irq.o)
 .debug_line    0x000000000000171b       0xb3 ../assembly_demo_nios_bsp/\libhal_bsp.a(alt_exception_entry.o)
 .debug_line    0x00000000000017ce       0xb5 ../assembly_demo_nios_bsp/\libhal_bsp.a(alt_find_dev.o)
 .debug_line    0x0000000000001883       0xd1 ../assembly_demo_nios_bsp/\libhal_bsp.a(alt_find_file.o)
 .debug_line    0x0000000000001954       0xd7 ../assembly_demo_nios_bsp/\libhal_bsp.a(alt_get_fd.o)
 .debug_line    0x0000000000001a2b       0xb9 ../assembly_demo_nios_bsp/\libhal_bsp.a(alt_instruction_exception_entry.o)
 .debug_line    0x0000000000001ae4       0xe7 c:/intelfpga/18.1/nios2eds/bin/gnu/h-x86_64-mingw32/bin/../lib/gcc/nios2-elf/5.3.0/../../../../../H-x86_64-mingw32/nios2-elf/lib/mno-hw-mul\libc.a(lib_a-atexit.o)
 .debug_line    0x0000000000001bcb      0x1fc c:/intelfpga/18.1/nios2eds/bin/gnu/h-x86_64-mingw32/bin/../lib/gcc/nios2-elf/5.3.0/../../../../../H-x86_64-mingw32/nios2-elf/lib/mno-hw-mul\libc.a(lib_a-exit.o)
 .debug_line    0x0000000000001dc7      0x160 c:/intelfpga/18.1/nios2eds/bin/gnu/h-x86_64-mingw32/bin/../lib/gcc/nios2-elf/5.3.0/../../../../../H-x86_64-mingw32/nios2-elf/lib/mno-hw-mul\libc.a(lib_a-impure.o)
 .debug_line    0x0000000000001f27       0x5f c:/intelfpga/18.1/nios2eds/bin/gnu/h-x86_64-mingw32/bin/../lib/gcc/nios2-elf/5.3.0/../../../../../H-x86_64-mingw32/nios2-elf/lib/mno-hw-mul\libc.a(lib_a-int_errno.o)
 .debug_line    0x0000000000001f86      0x176 c:/intelfpga/18.1/nios2eds/bin/gnu/h-x86_64-mingw32/bin/../lib/gcc/nios2-elf/5.3.0/../../../../../H-x86_64-mingw32/nios2-elf/lib/mno-hw-mul\libc.a(lib_a-memcmp.o)
 .debug_line    0x00000000000020fc      0x18c c:/intelfpga/18.1/nios2eds/bin/gnu/h-x86_64-mingw32/bin/../lib/gcc/nios2-elf/5.3.0/../../../../../H-x86_64-mingw32/nios2-elf/lib/mno-hw-mul\libc.a(lib_a-memcpy.o)
 .debug_line    0x0000000000002288      0x16f c:/intelfpga/18.1/nios2eds/bin/gnu/h-x86_64-mingw32/bin/../lib/gcc/nios2-elf/5.3.0/../../../../../H-x86_64-mingw32/nios2-elf/lib/mno-hw-mul\libc.a(lib_a-strlen.o)
 .debug_line    0x00000000000023f7      0x21f c:/intelfpga/18.1/nios2eds/bin/gnu/h-x86_64-mingw32/bin/../lib/gcc/nios2-elf/5.3.0/../../../../../H-x86_64-mingw32/nios2-elf/lib/mno-hw-mul\libc.a(lib_a-__atexit.o)
 .debug_line    0x0000000000002616      0x23a c:/intelfpga/18.1/nios2eds/bin/gnu/h-x86_64-mingw32/bin/../lib/gcc/nios2-elf/5.3.0/../../../../../H-x86_64-mingw32/nios2-elf/lib/mno-hw-mul\libc.a(lib_a-__call_atexit.o)
 .debug_line    0x0000000000002850       0x80 c:/intelfpga/18.1/nios2eds/bin/gnu/h-x86_64-mingw32/bin/../lib/gcc/nios2-elf/5.3.0/mno-hw-mul\libgcc.a(lib2-mul.o)
 .debug_line    0x00000000000028d0       0x71 ../assembly_demo_nios_bsp/\libhal_bsp.a(alt_exit.o)

.debug_frame    0x0000000000000000      0xa78
 *(.debug_frame)
 .debug_frame   0x0000000000000000       0x5c ../assembly_demo_nios_bsp/\libhal_bsp.a(alt_load.o)
 .debug_frame   0x000000000000005c       0x2c ../assembly_demo_nios_bsp/\libhal_bsp.a(alt_main.o)
 .debug_frame   0x0000000000000088       0x88 ../assembly_demo_nios_bsp/\libhal_bsp.a(alt_sys_init.o)
 .debug_frame   0x0000000000000110       0xb0 ../assembly_demo_nios_bsp/\libhal_bsp.a(altera_avalon_jtag_uart_fd.o)
 .debug_frame   0x00000000000001c0       0xa4 ../assembly_demo_nios_bsp/\libhal_bsp.a(altera_avalon_jtag_uart_init.o)
 .debug_frame   0x0000000000000264       0x34 ../assembly_demo_nios_bsp/\libhal_bsp.a(altera_avalon_jtag_uart_ioctl.o)
 .debug_frame   0x0000000000000298       0x38 ../assembly_demo_nios_bsp/\libhal_bsp.a(altera_avalon_jtag_uart_read.o)
 .debug_frame   0x00000000000002d0       0x38 ../assembly_demo_nios_bsp/\libhal_bsp.a(altera_avalon_jtag_uart_write.o)
 .debug_frame   0x0000000000000308       0x34 ../assembly_demo_nios_bsp/\libhal_bsp.a(alt_alarm_start.o)
 .debug_frame   0x000000000000033c       0x60 ../assembly_demo_nios_bsp/\libhal_bsp.a(alt_close.o)
 .debug_frame   0x000000000000039c       0x34 ../assembly_demo_nios_bsp/\libhal_bsp.a(alt_dcache_flush_all.o)
 .debug_frame   0x00000000000003d0       0x34 ../assembly_demo_nios_bsp/\libhal_bsp.a(alt_dev.o)
 .debug_frame   0x0000000000000404       0x60 ../assembly_demo_nios_bsp/\libhal_bsp.a(alt_dev_llist_insert.o)
 .debug_frame   0x0000000000000464       0x38 ../assembly_demo_nios_bsp/\libhal_bsp.a(alt_do_ctors.o)
 .debug_frame   0x000000000000049c       0x38 ../assembly_demo_nios_bsp/\libhal_bsp.a(alt_do_dtors.o)
 .debug_frame   0x00000000000004d4       0x34 ../assembly_demo_nios_bsp/\libhal_bsp.a(alt_icache_flush_all.o)
 .debug_frame   0x0000000000000508       0xa4 ../assembly_demo_nios_bsp/\libhal_bsp.a(alt_iic.o)
 .debug_frame   0x00000000000005ac       0x38 ../assembly_demo_nios_bsp/\libhal_bsp.a(alt_iic_isr_register.o)
 .debug_frame   0x00000000000005e4       0x64 ../assembly_demo_nios_bsp/\libhal_bsp.a(alt_io_redirect.o)
 .debug_frame   0x0000000000000648       0x38 ../assembly_demo_nios_bsp/\libhal_bsp.a(alt_irq_handler.o)
 .debug_frame   0x0000000000000680       0x8c ../assembly_demo_nios_bsp/\libhal_bsp.a(alt_open.o)
 .debug_frame   0x000000000000070c       0x3c ../assembly_demo_nios_bsp/\libhal_bsp.a(alt_release_fd.o)
 .debug_frame   0x0000000000000748       0x5c ../assembly_demo_nios_bsp/\libhal_bsp.a(alt_tick.o)
 .debug_frame   0x00000000000007a4       0x34 ../assembly_demo_nios_bsp/\libhal_bsp.a(altera_nios2_gen2_irq.o)
 .debug_frame   0x00000000000007d8       0x38 ../assembly_demo_nios_bsp/\libhal_bsp.a(alt_find_dev.o)
 .debug_frame   0x0000000000000810       0x38 ../assembly_demo_nios_bsp/\libhal_bsp.a(alt_find_file.o)
 .debug_frame   0x0000000000000848       0x3c ../assembly_demo_nios_bsp/\libhal_bsp.a(alt_get_fd.o)
 .debug_frame   0x0000000000000884       0x5c ../assembly_demo_nios_bsp/\libhal_bsp.a(alt_instruction_exception_entry.o)
 .debug_frame   0x00000000000008e0       0x20 c:/intelfpga/18.1/nios2eds/bin/gnu/h-x86_64-mingw32/bin/../lib/gcc/nios2-elf/5.3.0/../../../../../H-x86_64-mingw32/nios2-elf/lib/mno-hw-mul\libc.a(lib_a-atexit.o)
 .debug_frame   0x0000000000000900       0x28 c:/intelfpga/18.1/nios2eds/bin/gnu/h-x86_64-mingw32/bin/../lib/gcc/nios2-elf/5.3.0/../../../../../H-x86_64-mingw32/nios2-elf/lib/mno-hw-mul\libc.a(lib_a-exit.o)
 .debug_frame   0x0000000000000928       0x20 c:/intelfpga/18.1/nios2eds/bin/gnu/h-x86_64-mingw32/bin/../lib/gcc/nios2-elf/5.3.0/../../../../../H-x86_64-mingw32/nios2-elf/lib/mno-hw-mul\libc.a(lib_a-memcmp.o)
 .debug_frame   0x0000000000000948       0x38 c:/intelfpga/18.1/nios2eds/bin/gnu/h-x86_64-mingw32/bin/../lib/gcc/nios2-elf/5.3.0/../../../../../H-x86_64-mingw32/nios2-elf/lib/mno-hw-mul\libc.a(lib_a-memcpy.o)
 .debug_frame   0x0000000000000980       0x20 c:/intelfpga/18.1/nios2eds/bin/gnu/h-x86_64-mingw32/bin/../lib/gcc/nios2-elf/5.3.0/../../../../../H-x86_64-mingw32/nios2-elf/lib/mno-hw-mul\libc.a(lib_a-strlen.o)
 .debug_frame   0x00000000000009a0       0x38 c:/intelfpga/18.1/nios2eds/bin/gnu/h-x86_64-mingw32/bin/../lib/gcc/nios2-elf/5.3.0/../../../../../H-x86_64-mingw32/nios2-elf/lib/mno-hw-mul\libc.a(lib_a-__atexit.o)
 .debug_frame   0x00000000000009d8       0x54 c:/intelfpga/18.1/nios2eds/bin/gnu/h-x86_64-mingw32/bin/../lib/gcc/nios2-elf/5.3.0/../../../../../H-x86_64-mingw32/nios2-elf/lib/mno-hw-mul\libc.a(lib_a-__call_atexit.o)
 .debug_frame   0x0000000000000a2c       0x20 c:/intelfpga/18.1/nios2eds/bin/gnu/h-x86_64-mingw32/bin/../lib/gcc/nios2-elf/5.3.0/mno-hw-mul\libgcc.a(lib2-mul.o)
 .debug_frame   0x0000000000000a4c       0x2c ../assembly_demo_nios_bsp/\libhal_bsp.a(alt_exit.o)

.debug_str      0x0000000000000000     0x1b33
 *(.debug_str)
 .debug_str     0x0000000000000000      0x1f9 ../assembly_demo_nios_bsp/\libhal_bsp.a(alt_load.o)
                                        0x232 (size before relaxing)
 .debug_str     0x00000000000001f9       0x70 ../assembly_demo_nios_bsp/\libhal_bsp.a(alt_main.o)
                                        0x1bd (size before relaxing)
 .debug_str     0x0000000000000269      0x1a2 ../assembly_demo_nios_bsp/\libhal_bsp.a(alt_sys_init.o)
                                        0x378 (size before relaxing)
 .debug_str     0x000000000000040b       0xb9 ../assembly_demo_nios_bsp/\libhal_bsp.a(altera_avalon_jtag_uart_fd.o)
                                        0x3c4 (size before relaxing)
 .debug_str     0x00000000000004c4       0xd1 ../assembly_demo_nios_bsp/\libhal_bsp.a(altera_avalon_jtag_uart_init.o)
                                        0x358 (size before relaxing)
 .debug_str     0x0000000000000595       0x4a ../assembly_demo_nios_bsp/\libhal_bsp.a(altera_avalon_jtag_uart_ioctl.o)
                                        0x2b3 (size before relaxing)
 .debug_str     0x00000000000005df       0x7f ../assembly_demo_nios_bsp/\libhal_bsp.a(altera_avalon_jtag_uart_read.o)
                                        0x308 (size before relaxing)
 .debug_str     0x000000000000065e       0x4a ../assembly_demo_nios_bsp/\libhal_bsp.a(altera_avalon_jtag_uart_write.o)
                                        0x309 (size before relaxing)
 .debug_str     0x00000000000006a8       0x59 ../assembly_demo_nios_bsp/\libhal_bsp.a(alt_alarm_start.o)
                                        0x29e (size before relaxing)
 .debug_str     0x0000000000000701       0x44 ../assembly_demo_nios_bsp/\libhal_bsp.a(alt_close.o)
                                        0x22b (size before relaxing)
 .debug_str     0x0000000000000745       0x34 ../assembly_demo_nios_bsp/\libhal_bsp.a(alt_dcache_flush_all.o)
                                        0x175 (size before relaxing)
 .debug_str     0x0000000000000779      0x120 ../assembly_demo_nios_bsp/\libhal_bsp.a(alt_dev.o)
                                        0x325 (size before relaxing)
 .debug_str     0x0000000000000899       0x34 ../assembly_demo_nios_bsp/\libhal_bsp.a(alt_dev_llist_insert.o)
                                        0x1ec (size before relaxing)
 .debug_str     0x00000000000008cd       0x48 ../assembly_demo_nios_bsp/\libhal_bsp.a(alt_do_ctors.o)
                                         0xf0 (size before relaxing)
 .debug_str     0x0000000000000915       0x4c ../assembly_demo_nios_bsp/\libhal_bsp.a(alt_do_dtors.o)
                                         0xef (size before relaxing)
 .debug_str     0x0000000000000961       0x14 ../assembly_demo_nios_bsp/\libhal_bsp.a(alt_errno.o)
                                        0x165 (size before relaxing)
 .debug_str     0x0000000000000975       0x34 ../assembly_demo_nios_bsp/\libhal_bsp.a(alt_icache_flush_all.o)
                                        0x175 (size before relaxing)
 .debug_str     0x00000000000009a9       0xc4 ../assembly_demo_nios_bsp/\libhal_bsp.a(alt_iic.o)
                                        0x25e (size before relaxing)
 .debug_str     0x0000000000000a6d       0x4c ../assembly_demo_nios_bsp/\libhal_bsp.a(alt_iic_isr_register.o)
                                        0x208 (size before relaxing)
 .debug_str     0x0000000000000ab9       0x56 ../assembly_demo_nios_bsp/\libhal_bsp.a(alt_io_redirect.o)
                                        0x336 (size before relaxing)
 .debug_str     0x0000000000000b0f       0x3a ../assembly_demo_nios_bsp/\libhal_bsp.a(alt_irq_handler.o)
                                        0x1b7 (size before relaxing)
 .debug_str     0x0000000000000b49       0x17 ../assembly_demo_nios_bsp/\libhal_bsp.a(alt_irq_vars.o)
                                        0x15a (size before relaxing)
 .debug_str     0x0000000000000b60       0x2f ../assembly_demo_nios_bsp/\libhal_bsp.a(alt_open.o)
                                        0x26b (size before relaxing)
 .debug_str     0x0000000000000b8f       0x28 ../assembly_demo_nios_bsp/\libhal_bsp.a(alt_release_fd.o)
                                        0x1f3 (size before relaxing)
 .debug_str     0x0000000000000bb7       0x4a ../assembly_demo_nios_bsp/\libhal_bsp.a(alt_tick.o)
                                        0x272 (size before relaxing)
 .debug_str     0x0000000000000c01       0x3b ../assembly_demo_nios_bsp/\libhal_bsp.a(altera_nios2_gen2_irq.o)
                                        0x17c (size before relaxing)
 .debug_str     0x0000000000000c3c       0x24 ../assembly_demo_nios_bsp/\libhal_bsp.a(alt_find_dev.o)
                                        0x20c (size before relaxing)
 .debug_str     0x0000000000000c60       0x26 ../assembly_demo_nios_bsp/\libhal_bsp.a(alt_find_file.o)
                                        0x21a (size before relaxing)
 .debug_str     0x0000000000000c86       0x30 ../assembly_demo_nios_bsp/\libhal_bsp.a(alt_get_fd.o)
                                        0x23c (size before relaxing)
 .debug_str     0x0000000000000cb6      0x48b ../assembly_demo_nios_bsp/\libhal_bsp.a(alt_instruction_exception_entry.o)
                                        0x5c0 (size before relaxing)
 .debug_str     0x0000000000001141      0x17c c:/intelfpga/18.1/nios2eds/bin/gnu/h-x86_64-mingw32/bin/../lib/gcc/nios2-elf/5.3.0/../../../../../H-x86_64-mingw32/nios2-elf/lib/mno-hw-mul\libc.a(lib_a-atexit.o)
                                        0x221 (size before relaxing)
 .debug_str     0x00000000000012bd      0x3b5 c:/intelfpga/18.1/nios2eds/bin/gnu/h-x86_64-mingw32/bin/../lib/gcc/nios2-elf/5.3.0/../../../../../H-x86_64-mingw32/nios2-elf/lib/mno-hw-mul\libc.a(lib_a-exit.o)
                                        0x5be (size before relaxing)
 .debug_str     0x0000000000001672       0xd6 c:/intelfpga/18.1/nios2eds/bin/gnu/h-x86_64-mingw32/bin/../lib/gcc/nios2-elf/5.3.0/../../../../../H-x86_64-mingw32/nios2-elf/lib/mno-hw-mul\libc.a(lib_a-impure.o)
                                        0x5b5 (size before relaxing)
 .debug_str     0x0000000000001748       0x3f c:/intelfpga/18.1/nios2eds/bin/gnu/h-x86_64-mingw32/bin/../lib/gcc/nios2-elf/5.3.0/../../../../../H-x86_64-mingw32/nios2-elf/lib/mno-hw-mul\libc.a(lib_a-int_errno.o)
                                        0x1dd (size before relaxing)
 .debug_str     0x0000000000001787       0xda c:/intelfpga/18.1/nios2eds/bin/gnu/h-x86_64-mingw32/bin/../lib/gcc/nios2-elf/5.3.0/../../../../../H-x86_64-mingw32/nios2-elf/lib/mno-hw-mul\libc.a(lib_a-memcmp.o)
                                        0x1e4 (size before relaxing)
 .debug_str     0x0000000000001861       0x6b c:/intelfpga/18.1/nios2eds/bin/gnu/h-x86_64-mingw32/bin/../lib/gcc/nios2-elf/5.3.0/../../../../../H-x86_64-mingw32/nios2-elf/lib/mno-hw-mul\libc.a(lib_a-memcpy.o)
                                        0x20b (size before relaxing)
 .debug_str     0x00000000000018cc       0x51 c:/intelfpga/18.1/nios2eds/bin/gnu/h-x86_64-mingw32/bin/../lib/gcc/nios2-elf/5.3.0/../../../../../H-x86_64-mingw32/nios2-elf/lib/mno-hw-mul\libc.a(lib_a-strlen.o)
                                        0x1f7 (size before relaxing)
 .debug_str     0x000000000000191d       0x3f c:/intelfpga/18.1/nios2eds/bin/gnu/h-x86_64-mingw32/bin/../lib/gcc/nios2-elf/5.3.0/../../../../../H-x86_64-mingw32/nios2-elf/lib/mno-hw-mul\libc.a(lib_a-__atexit.o)
                                        0x5f6 (size before relaxing)
 .debug_str     0x000000000000195c       0x65 c:/intelfpga/18.1/nios2eds/bin/gnu/h-x86_64-mingw32/bin/../lib/gcc/nios2-elf/5.3.0/../../../../../H-x86_64-mingw32/nios2-elf/lib/mno-hw-mul\libc.a(lib_a-__call_atexit.o)
                                        0x5e2 (size before relaxing)
 .debug_str     0x00000000000019c1      0x148 c:/intelfpga/18.1/nios2eds/bin/gnu/h-x86_64-mingw32/bin/../lib/gcc/nios2-elf/5.3.0/mno-hw-mul\libgcc.a(lib2-mul.o)
                                        0x193 (size before relaxing)
 .debug_str     0x0000000000001b09       0x2a ../assembly_demo_nios_bsp/\libhal_bsp.a(alt_exit.o)
                                        0x171 (size before relaxing)

.debug_loc      0x0000000000000000      0x803
 *(.debug_loc)
 .debug_loc     0x0000000000000000       0x2c c:/intelfpga/18.1/nios2eds/bin/gnu/h-x86_64-mingw32/bin/../lib/gcc/nios2-elf/5.3.0/../../../../../H-x86_64-mingw32/nios2-elf/lib/mno-hw-mul\libc.a(lib_a-atexit.o)
 .debug_loc     0x000000000000002c       0x1e c:/intelfpga/18.1/nios2eds/bin/gnu/h-x86_64-mingw32/bin/../lib/gcc/nios2-elf/5.3.0/../../../../../H-x86_64-mingw32/nios2-elf/lib/mno-hw-mul\libc.a(lib_a-exit.o)
 .debug_loc     0x000000000000004a      0x126 c:/intelfpga/18.1/nios2eds/bin/gnu/h-x86_64-mingw32/bin/../lib/gcc/nios2-elf/5.3.0/../../../../../H-x86_64-mingw32/nios2-elf/lib/mno-hw-mul\libc.a(lib_a-memcmp.o)
 .debug_loc     0x0000000000000170      0x266 c:/intelfpga/18.1/nios2eds/bin/gnu/h-x86_64-mingw32/bin/../lib/gcc/nios2-elf/5.3.0/../../../../../H-x86_64-mingw32/nios2-elf/lib/mno-hw-mul\libc.a(lib_a-memcpy.o)
 .debug_loc     0x00000000000003d6       0x47 c:/intelfpga/18.1/nios2eds/bin/gnu/h-x86_64-mingw32/bin/../lib/gcc/nios2-elf/5.3.0/../../../../../H-x86_64-mingw32/nios2-elf/lib/mno-hw-mul\libc.a(lib_a-strlen.o)
 .debug_loc     0x000000000000041d      0x185 c:/intelfpga/18.1/nios2eds/bin/gnu/h-x86_64-mingw32/bin/../lib/gcc/nios2-elf/5.3.0/../../../../../H-x86_64-mingw32/nios2-elf/lib/mno-hw-mul\libc.a(lib_a-__atexit.o)
 .debug_loc     0x00000000000005a2      0x1ce c:/intelfpga/18.1/nios2eds/bin/gnu/h-x86_64-mingw32/bin/../lib/gcc/nios2-elf/5.3.0/../../../../../H-x86_64-mingw32/nios2-elf/lib/mno-hw-mul\libc.a(lib_a-__call_atexit.o)
 .debug_loc     0x0000000000000770       0x93 c:/intelfpga/18.1/nios2eds/bin/gnu/h-x86_64-mingw32/bin/../lib/gcc/nios2-elf/5.3.0/mno-hw-mul\libgcc.a(lib2-mul.o)

.debug_macinfo
 *(.debug_macinfo)

.debug_weaknames
 *(.debug_weaknames)

.debug_funcnames
 *(.debug_funcnames)

.debug_typenames
 *(.debug_typenames)

.debug_varnames
 *(.debug_varnames)

.debug_alt_sim_info
                0x0000000000000000       0x10
 *(.debug_alt_sim_info)
 .debug_alt_sim_info
                0x0000000000000000       0x10 ../assembly_demo_nios_bsp//obj/HAL/src/crt0.o
                0x0000000000010000                __alt_data_end = 0x10000
                0x0000000000010000                PROVIDE (__alt_stack_pointer, __alt_data_end)
                [!provide]                        PROVIDE (__alt_stack_limit, __alt_stack_base)
                [!provide]                        PROVIDE (__alt_heap_start, end)
                [!provide]                        PROVIDE (__alt_heap_limit, 0x10000)
OUTPUT(assembly_demo_nios.elf elf32-littlenios2)

.debug_ranges   0x0000000000000000      0x178
 .debug_ranges  0x0000000000000000       0x20 ../assembly_demo_nios_bsp//obj/HAL/src/crt0.o
 .debug_ranges  0x0000000000000020       0x30 ../assembly_demo_nios_bsp/\libhal_bsp.a(altera_avalon_jtag_uart_init.o)
 .debug_ranges  0x0000000000000050       0x18 ../assembly_demo_nios_bsp/\libhal_bsp.a(altera_avalon_jtag_uart_read.o)
 .debug_ranges  0x0000000000000068       0x28 ../assembly_demo_nios_bsp/\libhal_bsp.a(alt_irq_entry.o)
 .debug_ranges  0x0000000000000090       0x10 ../assembly_demo_nios_bsp/\libhal_bsp.a(alt_irq_handler.o)
 .debug_ranges  0x00000000000000a0       0x30 ../assembly_demo_nios_bsp/\libhal_bsp.a(alt_exception_entry.o)
 .debug_ranges  0x00000000000000d0       0x18 ../assembly_demo_nios_bsp/\libhal_bsp.a(alt_instruction_exception_entry.o)
 .debug_ranges  0x00000000000000e8       0x10 c:/intelfpga/18.1/nios2eds/bin/gnu/h-x86_64-mingw32/bin/../lib/gcc/nios2-elf/5.3.0/../../../../../H-x86_64-mingw32/nios2-elf/lib/mno-hw-mul\libc.a(lib_a-atexit.o)
 .debug_ranges  0x00000000000000f8       0x10 c:/intelfpga/18.1/nios2eds/bin/gnu/h-x86_64-mingw32/bin/../lib/gcc/nios2-elf/5.3.0/../../../../../H-x86_64-mingw32/nios2-elf/lib/mno-hw-mul\libc.a(lib_a-exit.o)
 .debug_ranges  0x0000000000000108       0x10 c:/intelfpga/18.1/nios2eds/bin/gnu/h-x86_64-mingw32/bin/../lib/gcc/nios2-elf/5.3.0/../../../../../H-x86_64-mingw32/nios2-elf/lib/mno-hw-mul\libc.a(lib_a-memcmp.o)
 .debug_ranges  0x0000000000000118       0x10 c:/intelfpga/18.1/nios2eds/bin/gnu/h-x86_64-mingw32/bin/../lib/gcc/nios2-elf/5.3.0/../../../../../H-x86_64-mingw32/nios2-elf/lib/mno-hw-mul\libc.a(lib_a-memcpy.o)
 .debug_ranges  0x0000000000000128       0x10 c:/intelfpga/18.1/nios2eds/bin/gnu/h-x86_64-mingw32/bin/../lib/gcc/nios2-elf/5.3.0/../../../../../H-x86_64-mingw32/nios2-elf/lib/mno-hw-mul\libc.a(lib_a-strlen.o)
 .debug_ranges  0x0000000000000138       0x10 c:/intelfpga/18.1/nios2eds/bin/gnu/h-x86_64-mingw32/bin/../lib/gcc/nios2-elf/5.3.0/../../../../../H-x86_64-mingw32/nios2-elf/lib/mno-hw-mul\libc.a(lib_a-__atexit.o)
 .debug_ranges  0x0000000000000148       0x30 c:/intelfpga/18.1/nios2eds/bin/gnu/h-x86_64-mingw32/bin/../lib/gcc/nios2-elf/5.3.0/../../../../../H-x86_64-mingw32/nios2-elf/lib/mno-hw-mul\libc.a(lib_a-__call_atexit.o)
