Archive member included to satisfy reference by file (symbol)

c:/intelfpga/18.1/nios2eds/bin/gnu/h-x86_64-mingw32/bin/../lib/gcc/nios2-elf/5.3.0/../../../../../H-x86_64-mingw32/nios2-elf/lib/mno-hw-mul\libsmallc.a(lib_a-printf.o)
                              obj/default/main.o (printf)
c:/intelfpga/18.1/nios2eds/bin/gnu/h-x86_64-mingw32/bin/../lib/gcc/nios2-elf/5.3.0/../../../../../H-x86_64-mingw32/nios2-elf/lib/mno-hw-mul\libsmallc.a(lib_a-puts.o)
                              obj/default/main.o (puts)
c:/intelfpga/18.1/nios2eds/bin/gnu/h-x86_64-mingw32/bin/../lib/gcc/nios2-elf/5.3.0/../../../../../H-x86_64-mingw32/nios2-elf/lib/mno-hw-mul\libsmallc.a(lib_a-strlen.o)
                              c:/intelfpga/18.1/nios2eds/bin/gnu/h-x86_64-mingw32/bin/../lib/gcc/nios2-elf/5.3.0/../../../../../H-x86_64-mingw32/nios2-elf/lib/mno-hw-mul\libsmallc.a(lib_a-puts.o) (strlen)
c:/intelfpga/18.1/nios2eds/bin/gnu/h-x86_64-mingw32/bin/../lib/gcc/nios2-elf/5.3.0/../../../../../H-x86_64-mingw32/nios2-elf/lib/mno-hw-mul\libsmallc.a(lib_a-vfprintf.o)
                              c:/intelfpga/18.1/nios2eds/bin/gnu/h-x86_64-mingw32/bin/../lib/gcc/nios2-elf/5.3.0/../../../../../H-x86_64-mingw32/nios2-elf/lib/mno-hw-mul\libsmallc.a(lib_a-printf.o) (___vfprintf_internal_r)
c:/intelfpga/18.1/nios2eds/bin/gnu/h-x86_64-mingw32/bin/../lib/gcc/nios2-elf/5.3.0/../../../../../H-x86_64-mingw32/nios2-elf/lib/mno-hw-mul\libsmallc.a(lib_a-fvwrite_small_dev.o)
                              c:/intelfpga/18.1/nios2eds/bin/gnu/h-x86_64-mingw32/bin/../lib/gcc/nios2-elf/5.3.0/../../../../../H-x86_64-mingw32/nios2-elf/lib/mno-hw-mul\libsmallc.a(lib_a-printf.o) (__sfvwrite_small_dev)
c:/intelfpga/18.1/nios2eds/bin/gnu/h-x86_64-mingw32/bin/../lib/gcc/nios2-elf/5.3.0/../../../../../H-x86_64-mingw32/nios2-elf/lib/mno-hw-mul\libsmallc.a(lib_a-impure.o)
                              c:/intelfpga/18.1/nios2eds/bin/gnu/h-x86_64-mingw32/bin/../lib/gcc/nios2-elf/5.3.0/../../../../../H-x86_64-mingw32/nios2-elf/lib/mno-hw-mul\libsmallc.a(lib_a-printf.o) (_impure_ptr)
c:/intelfpga/18.1/nios2eds/bin/gnu/h-x86_64-mingw32/bin/../lib/gcc/nios2-elf/5.3.0/../../../../../H-x86_64-mingw32/nios2-elf/lib/mno-hw-mul\libsmallc.a(lib_a-writer.o)
                              c:/intelfpga/18.1/nios2eds/bin/gnu/h-x86_64-mingw32/bin/../lib/gcc/nios2-elf/5.3.0/../../../../../H-x86_64-mingw32/nios2-elf/lib/mno-hw-mul\libsmallc.a(lib_a-fvwrite_small_dev.o) (_write_r)
c:/intelfpga/18.1/nios2eds/bin/gnu/h-x86_64-mingw32/bin/../lib/gcc/nios2-elf/5.3.0/../../../../../H-x86_64-mingw32/nios2-elf/lib/mno-hw-mul\libsmallc.a(lib_a-int_errno.o)
                              c:/intelfpga/18.1/nios2eds/bin/gnu/h-x86_64-mingw32/bin/../lib/gcc/nios2-elf/5.3.0/../../../../../H-x86_64-mingw32/nios2-elf/lib/mno-hw-mul\libsmallc.a(lib_a-writer.o) (errno)
c:/intelfpga/18.1/nios2eds/bin/gnu/h-x86_64-mingw32/bin/../lib/gcc/nios2-elf/5.3.0/mno-hw-mul\libgcc.a(lib2-divmod.o)
                              c:/intelfpga/18.1/nios2eds/bin/gnu/h-x86_64-mingw32/bin/../lib/gcc/nios2-elf/5.3.0/../../../../../H-x86_64-mingw32/nios2-elf/lib/mno-hw-mul\libsmallc.a(lib_a-vfprintf.o) (__udivsi3)
c:/intelfpga/18.1/nios2eds/bin/gnu/h-x86_64-mingw32/bin/../lib/gcc/nios2-elf/5.3.0/mno-hw-mul\libgcc.a(lib2-mul.o)
                              c:/intelfpga/18.1/nios2eds/bin/gnu/h-x86_64-mingw32/bin/../lib/gcc/nios2-elf/5.3.0/../../../../../H-x86_64-mingw32/nios2-elf/lib/mno-hw-mul\libsmallc.a(lib_a-vfprintf.o) (__mulsi3)
../l6_pt4_app_bsp/\libhal_bsp.a(alt_iic.o)
                              obj/default/main.o (alt_ic_isr_register)
../l6_pt4_app_bsp/\libhal_bsp.a(alt_iic_isr_register.o)
                              ../l6_pt4_app_bsp/\libhal_bsp.a(alt_iic.o) (alt_iic_isr_register)
../l6_pt4_app_bsp/\libhal_bsp.a(alt_irq_entry.o)
                              ../l6_pt4_app_bsp/\libhal_bsp.a(alt_iic_isr_register.o) (alt_irq_entry)
../l6_pt4_app_bsp/\libhal_bsp.a(alt_irq_handler.o)
                              ../l6_pt4_app_bsp/\libhal_bsp.a(alt_iic_isr_register.o) (alt_irq_handler)
../l6_pt4_app_bsp/\libhal_bsp.a(alt_irq_vars.o)
                              ../l6_pt4_app_bsp/\libhal_bsp.a(alt_iic.o) (alt_irq_active)
../l6_pt4_app_bsp/\libhal_bsp.a(alt_load.o)
                              ../l6_pt4_app_bsp//obj/HAL/src/crt0.o (alt_load)
../l6_pt4_app_bsp/\libhal_bsp.a(alt_main.o)
                              ../l6_pt4_app_bsp//obj/HAL/src/crt0.o (alt_main)
../l6_pt4_app_bsp/\libhal_bsp.a(alt_write.o)
                              c:/intelfpga/18.1/nios2eds/bin/gnu/h-x86_64-mingw32/bin/../lib/gcc/nios2-elf/5.3.0/../../../../../H-x86_64-mingw32/nios2-elf/lib/mno-hw-mul\libsmallc.a(lib_a-writer.o) (write)
../l6_pt4_app_bsp/\libhal_bsp.a(alt_sys_init.o)
                              ../l6_pt4_app_bsp/\libhal_bsp.a(alt_main.o) (alt_irq_init)
../l6_pt4_app_bsp/\libhal_bsp.a(altera_avalon_jtag_uart_fd.o)
                              ../l6_pt4_app_bsp/\libhal_bsp.a(alt_sys_init.o) (altera_avalon_jtag_uart_read_fd)
[...]
Memory Configuration

Name             Origin             Length             Attributes
reset            0x0000000000004000 0x0000000000000020
onchip_memory2_0 0x0000000000004020 0x0000000000003fe0
*default*        0x0000000000000000 0xffffffffffffffff

Linker script and memory map

LOAD ../l6_pt4_app_bsp//obj/HAL/src/crt0.o
LOAD obj/default/main.o
LOAD c:/intelfpga/18.1/nios2eds/bin/gnu/h-x86_64-mingw32/bin/../lib/gcc/nios2-elf/5.3.0/../../../../../H-x86_64-mingw32/nios2-elf/lib/mno-hw-mul\libstdc++.a
LOAD c:/intelfpga/18.1/nios2eds/bin/gnu/h-x86_64-mingw32/bin/../lib/gcc/nios2-elf/5.3.0/../../../../../H-x86_64-mingw32/nios2-elf/lib/mno-hw-mul\libm.a
LOAD c:/intelfpga/18.1/nios2eds/bin/gnu/h-x86_64-mingw32/bin/../lib/gcc/nios2-elf/5.3.0/mno-hw-mul\libgcc.a
START GROUP
LOAD c:/intelfpga/18.1/nios2eds/bin/gnu/h-x86_64-mingw32/bin/../lib/gcc/nios2-elf/5.3.0/../../../../../H-x86_64-mingw32/nios2-elf/lib/mno-hw-mul\libsmallc.a
LOAD c:/intelfpga/18.1/nios2eds/bin/gnu/h-x86_64-mingw32/bin/../lib/gcc/nios2-elf/5.3.0/mno-hw-mul\libgcc.a
LOAD ../l6_pt4_app_bsp/\libhal_bsp.a
LOAD c:/intelfpga/18.1/nios2eds/bin/gnu/h-x86_64-mingw32/bin/../lib/gcc/nios2-elf/5.3.0/../../../../../H-x86_64-mingw32/nios2-elf/lib/mno-hw-mul\libm.a
END GROUP
LOAD c:/intelfpga/18.1/nios2eds/bin/gnu/h-x86_64-mingw32/bin/../lib/gcc/nios2-elf/5.3.0/mno-hw-mul\libgcc.a
                0x0000000000004000                __alt_mem_onchip_memory2_0 = 0x4000

.entry          0x0000000000004000       0x20
 *(.entry)
 .entry         0x0000000000004000       0x20 ../l6_pt4_app_bsp//obj/HAL/src/crt0.o
                0x0000000000004000                __reset

.exceptions     0x0000000000004020      0x160
                0x0000000000004020                PROVIDE (__ram_exceptions_start, ABSOLUTE (.))
                0x0000000000004020                . = ALIGN (0x20)
 *(.irq)
 *(.exceptions.entry.label)
 .exceptions.entry.label
                0x0000000000004020        0x0 ../l6_pt4_app_bsp/\libhal_bsp.a(alt_irq_entry.o)
                0x0000000000004020                alt_irq_entry
 .exceptions.entry.label
                0x0000000000004020        0x0 ../l6_pt4_app_bsp/\libhal_bsp.a(alt_exception_entry.o)
                0x0000000000004020                alt_exception
 *(.exceptions.entry.user)
 *(.exceptions.entry.ecc_fatal)
 *(.exceptions.entry)
 .exceptions.entry
                0x0000000000004020       0x54 ../l6_pt4_app_bsp/\libhal_bsp.a(alt_exception_entry.o)
 *(.exceptions.irqtest.user)
 *(.exceptions.irqtest)
 .exceptions.irqtest
                0x0000000000004074       0x10 ../l6_pt4_app_bsp/\libhal_bsp.a(alt_irq_entry.o)
 *(.exceptions.irqhandler.user)
 *(.exceptions.irqhandler)
 .exceptions.irqhandler
                0x0000000000004084        0x4 ../l6_pt4_app_bsp/\libhal_bsp.a(alt_irq_entry.o)
 *(.exceptions.irqreturn.user)
 *(.exceptions.irqreturn)
 .exceptions.irqreturn
                0x0000000000004088        0x4 ../l6_pt4_app_bsp/\libhal_bsp.a(alt_irq_entry.o)
 *(.exceptions.notirq.label)
 .exceptions.notirq.label
                0x000000000000408c        0x0 ../l6_pt4_app_bsp/\libhal_bsp.a(alt_irq_entry.o)
 *(.exceptions.notirq.user)
 *(.exceptions.notirq)
 .exceptions.notirq
                0x000000000000408c        0x8 ../l6_pt4_app_bsp/\libhal_bsp.a(alt_exception_entry.o)
 *(.exceptions.soft.user)
 *(.exceptions.soft)
 *(.exceptions.unknown.user)
 *(.exceptions.unknown)
 .exceptions.unknown
                0x0000000000004094       0x14 ../l6_pt4_app_bsp/\libhal_bsp.a(alt_exception_entry.o)
 *(.exceptions.exit.label)
 .exceptions.exit.label
                0x00000000000040a8        0x0 ../l6_pt4_app_bsp/\libhal_bsp.a(alt_irq_entry.o)
 .exceptions.exit.label
                0x00000000000040a8        0x0 ../l6_pt4_app_bsp/\libhal_bsp.a(alt_exception_entry.o)
 *(.exceptions.exit.user)
 *(.exceptions.exit)
 .exceptions.exit
                0x00000000000040a8       0x54 ../l6_pt4_app_bsp/\libhal_bsp.a(alt_exception_entry.o)
 *(.exceptions)
 .exceptions    0x00000000000040fc       0x60 ../l6_pt4_app_bsp/\libhal_bsp.a(alt_irq_handler.o)
                0x00000000000040fc                alt_irq_handler
 .exceptions    0x000000000000415c       0x24 ../l6_pt4_app_bsp/\libhal_bsp.a(alt_instruction_exception_entry.o)
                0x000000000000415c                alt_instruction_exception_entry
                0x0000000000004180                PROVIDE (__ram_exceptions_end, ABSOLUTE (.))
                0x0000000000004020                PROVIDE (__flash_exceptions_start, LOADADDR (.exceptions))

.text           0x0000000000004180     0x1bd8
                [!provide]                        PROVIDE (stext, ABSOLUTE (.))
 *(.interp)
 *(.hash)
 *(.dynsym)
 *(.dynstr)
 *(.gnu.version)
 *(.gnu.version_d)
 *(.gnu.version_r)
 *(.rel.init)
 *(.rela.init)
 *(.rel.text .rel.text.* .rel.gnu.linkonce.t.*)
 *(.rela.text .rela.text.* .rela.gnu.linkonce.t.*)
 *(.rel.fini)
 *(.rela.fini)
 *(.rel.rodata .rel.rodata.* .rel.gnu.linkonce.r.*)
 *(.rela.rodata .rela.rodata.* .rela.gnu.linkonce.r.*)
 *(.rel.data .rel.data.* .rel.gnu.linkonce.d.*)
 *(.rela.data .rela.data.* .rela.gnu.linkonce.d.*)
 *(.rel.tdata .rel.tdata.* .rel.gnu.linkonce.td.*)
 *(.rela.tdata .rela.tdata.* .rela.gnu.linkonce.td.*)
 *(.rel.tbss .rel.tbss.* .rel.gnu.linkonce.tb.*)
 *(.rela.tbss .rela.tbss.* .rela.gnu.linkonce.tb.*)
 *(.rel.ctors)
 *(.rela.ctors)
 *(.rel.dtors)
 *(.rela.dtors)
 *(.rel.got)
 *(.rela.got)
 *(.rel.sdata .rel.sdata.* .rel.gnu.linkonce.s.*)
 *(.rela.sdata .rela.sdata.* .rela.gnu.linkonce.s.*)
 *(.rel.sbss .rel.sbss.* .rel.gnu.linkonce.sb.*)
 *(.rela.sbss .rela.sbss.* .rela.gnu.linkonce.sb.*)
 *(.rel.sdata2 .rel.sdata2.* .rel.gnu.linkonce.s2.*)
 *(.rela.sdata2 .rela.sdata2.* .rela.gnu.linkonce.s2.*)
 *(.rel.sbss2 .rel.sbss2.* .rel.gnu.linkonce.sb2.*)
 *(.rela.sbss2 .rela.sbss2.* .rela.gnu.linkonce.sb2.*)
 *(.rel.bss .rel.bss.* .rel.gnu.linkonce.b.*)
 *(.rela.bss .rela.bss.* .rela.gnu.linkonce.b.*)
 *(.rel.plt)
 *(.rela.plt)
 *(.rel.dyn)
 *(.init)
 *(.plt)
 *(.text .stub .text.* .gnu.linkonce.t.*)
 .text          0x0000000000004180       0x3c ../l6_pt4_app_bsp//obj/HAL/src/crt0.o
                0x0000000000004180                _start
 .text          0x00000000000041bc      0x39c obj/default/main.o
                0x00000000000041bc                Ram8bTest
                0x0000000000004290                Ram16bTest
                0x0000000000004370                Ram32bTest
                0x000000000000444c                pushbutton_isr
                0x00000000000044b4                main
 .text          0x0000000000004558        0x0 c:/intelfpga/18.1/nios2eds/bin/gnu/h-x86_64-mingw32/bin/../lib/gcc/nios2-elf/5.3.0/../../../../../H-x86_64-mingw32/nios2-elf/lib/mno-hw-mul\libsmallc.a(lib_a-printf.o)
 .text._printf_r
                0x0000000000004558       0x3c c:/intelfpga/18.1/nios2eds/bin/gnu/h-x86_64-mingw32/bin/../lib/gcc/nios2-elf/5.3.0/../../../../../H-x86_64-mingw32/nios2-elf/lib/mno-hw-mul\libsmallc.a(lib_a-printf.o)
                0x0000000000004558                _printf_r
 .text.printf   0x0000000000004594       0x4c c:/intelfpga/18.1/nios2eds/bin/gnu/h-x86_64-mingw32/bin/../lib/gcc/nios2-elf/5.3.0/../../../../../H-x86_64-mingw32/nios2-elf/lib/mno-hw-mul\libsmallc.a(lib_a-printf.o)
                0x0000000000004594                printf
 .text          0x00000000000045e0        0x0 c:/intelfpga/18.1/nios2eds/bin/gnu/h-x86_64-mingw32/bin/../lib/gcc/nios2-elf/5.3.0/../../../../../H-x86_64-mingw32/nios2-elf/lib/mno-hw-mul\libsmallc.a(lib_a-puts.o)
 .text._puts_r  0x00000000000045e0       0x80 c:/intelfpga/18.1/nios2eds/bin/gnu/h-x86_64-mingw32/bin/../lib/gcc/nios2-elf/5.3.0/../../../../../H-x86_64-mingw32/nios2-elf/lib/mno-hw-mul\libsmallc.a(lib_a-puts.o)
                0x00000000000045e0                _puts_r
 .text.puts     0x0000000000004660       0x14 c:/intelfpga/18.1/nios2eds/bin/gnu/h-x86_64-mingw32/bin/../lib/gcc/nios2-elf/5.3.0/../../../../../H-x86_64-mingw32/nios2-elf/lib/mno-hw-mul\libsmallc.a(lib_a-puts.o)
                0x0000000000004660                puts
 .text          0x0000000000004674        0x0 c:/intelfpga/18.1/nios2eds/bin/gnu/h-x86_64-mingw32/bin/../lib/gcc/nios2-elf/5.3.0/../../../../../H-x86_64-mingw32/nios2-elf/lib/mno-hw-mul\libsmallc.a(lib_a-strlen.o)
 .text.strlen   0x0000000000004674       0x1c c:/intelfpga/18.1/nios2eds/bin/gnu/h-x86_64-mingw32/bin/../lib/gcc/nios2-elf/5.3.0/../../../../../H-x86_64-mingw32/nios2-elf/lib/mno-hw-mul\libsmallc.a(lib_a-strlen.o)
                0x0000000000004674                strlen
 .text          0x0000000000004690        0x0 c:/intelfpga/18.1/nios2eds/bin/gnu/h-x86_64-mingw32/bin/../lib/gcc/nios2-elf/5.3.0/../../../../../H-x86_64-mingw32/nios2-elf/lib/mno-hw-mul\libsmallc.a(lib_a-vfprintf.o)
 .text.print_repeat
                0x0000000000004690       0x6c c:/intelfpga/18.1/nios2eds/bin/gnu/h-x86_64-mingw32/bin/../lib/gcc/nios2-elf/5.3.0/../../../../../H-x86_64-mingw32/nios2-elf/lib/mno-hw-mul\libsmallc.a(lib_a-vfprintf.o)
 .text.___vfprintf_internal_r
                0x00000000000046fc      0x52c c:/intelfpga/18.1/nios2eds/bin/gnu/h-x86_64-mingw32/bin/../lib/gcc/nios2-elf/5.3.0/../../../../../H-x86_64-mingw32/nios2-elf/lib/mno-hw-mul\libsmallc.a(lib_a-vfprintf.o)
                0x00000000000046fc                ___vfprintf_internal_r
 .text.__vfprintf_internal
                0x0000000000004c28       0x1c c:/intelfpga/18.1/nios2eds/bin/gnu/h-x86_64-mingw32/bin/../lib/gcc/nios2-elf/5.3.0/../../../../../H-x86_64-mingw32/nios2-elf/lib/mno-hw-mul\libsmallc.a(lib_a-vfprintf.o)
                0x0000000000004c28                __vfprintf_internal
 .text          0x0000000000004c44        0x0 c:/intelfpga/18.1/nios2eds/bin/gnu/h-x86_64-mingw32/bin/../lib/gcc/nios2-elf/5.3.0/../../../../../H-x86_64-mingw32/nios2-elf/lib/mno-hw-mul\libsmallc.a(lib_a-fvwrite_small_dev.o)
 .text.__sfvwrite_small_dev
                0x0000000000004c44       0xb8 c:/intelfpga/18.1/nios2eds/bin/gnu/h-x86_64-mingw32/bin/../lib/gcc/nios2-elf/5.3.0/../../../../../H-x86_64-mingw32/nios2-elf/lib/mno-hw-mul\libsmallc.a(lib_a-fvwrite_small_dev.o)
                0x0000000000004c44                __sfvwrite_small_dev
 .text          0x0000000000004cfc        0x0 c:/intelfpga/18.1/nios2eds/bin/gnu/h-x86_64-mingw32/bin/../lib/gcc/nios2-elf/5.3.0/../../../../../H-x86_64-mingw32/nios2-elf/lib/mno-hw-mul\libsmallc.a(lib_a-impure.o)
 .text          0x0000000000004cfc        0x0 c:/intelfpga/18.1/nios2eds/bin/gnu/h-x86_64-mingw32/bin/../lib/gcc/nios2-elf/5.3.0/../../../../../H-x86_64-mingw32/nios2-elf/lib/mno-hw-mul\libsmallc.a(lib_a-writer.o)
 .text._write_r
                0x0000000000004cfc       0x58 c:/intelfpga/18.1/nios2eds/bin/gnu/h-x86_64-mingw32/bin/../lib/gcc/nios2-elf/5.3.0/../../../../../H-x86_64-mingw32/nios2-elf/lib/mno-hw-mul\libsmallc.a(lib_a-writer.o)
                0x0000000000004cfc                _write_r
 .text          0x0000000000004d54        0x0 c:/intelfpga/18.1/nios2eds/bin/gnu/h-x86_64-mingw32/bin/../lib/gcc/nios2-elf/5.3.0/../../../../../H-x86_64-mingw32/nios2-elf/lib/mno-hw-mul\libsmallc.a(lib_a-int_errno.o)
 .text          0x0000000000004d54      0x1b4 c:/intelfpga/18.1/nios2eds/bin/gnu/h-x86_64-mingw32/bin/../lib/gcc/nios2-elf/5.3.0/mno-hw-mul\libgcc.a(lib2-divmod.o)
                0x0000000000004d54                __divsi3
                0x0000000000004dd8                __modsi3
                0x0000000000004e4c                __udivsi3
                0x0000000000004eb0                __umodsi3
 .text          0x0000000000004f08       0x28 c:/intelfpga/18.1/nios2eds/bin/gnu/h-x86_64-mingw32/bin/../lib/gcc/nios2-elf/5.3.0/mno-hw-mul\libgcc.a(lib2-mul.o)
                0x0000000000004f08                __mulsi3
 .text          0x0000000000004f30       0x8c ../l6_pt4_app_bsp/\libhal_bsp.a(alt_iic.o)
                0x0000000000004f30                alt_ic_isr_register
                0x0000000000004f34                alt_ic_irq_enable
                0x0000000000004f6c                alt_ic_irq_disable
                0x0000000000004fa4                alt_ic_irq_enabled
 .text          0x0000000000004fbc       0x68 ../l6_pt4_app_bsp/\libhal_bsp.a(alt_iic_isr_register.o)
                0x0000000000004fbc                alt_iic_isr_register
 .text          0x0000000000005024        0x0 ../l6_pt4_app_bsp/\libhal_bsp.a(alt_irq_entry.o)
 .text          0x0000000000005024        0x0 ../l6_pt4_app_bsp/\libhal_bsp.a(alt_irq_handler.o)
 .text          0x0000000000005024        0x0 ../l6_pt4_app_bsp/\libhal_bsp.a(alt_irq_vars.o)
 .text          0x0000000000005024       0xe0 ../l6_pt4_app_bsp/\libhal_bsp.a(alt_load.o)
                0x0000000000005024                alt_load
 .text          0x0000000000005104       0x60 ../l6_pt4_app_bsp/\libhal_bsp.a(alt_main.o)
                0x0000000000005104                alt_main
 .text          0x0000000000005164       0xe8 ../l6_pt4_app_bsp/\libhal_bsp.a(alt_write.o)
                0x0000000000005178                write
 .text          0x000000000000524c       0x30 ../l6_pt4_app_bsp/\libhal_bsp.a(alt_sys_init.o)
                0x000000000000524c                alt_irq_init
                0x000000000000526c                alt_sys_init
 .text          0x000000000000527c       0x20 ../l6_pt4_app_bsp/\libhal_bsp.a(altera_avalon_jtag_uart_fd.o)
                0x000000000000527c                altera_avalon_jtag_uart_read_fd
                0x000000000000528c                altera_avalon_jtag_uart_write_fd
 .text          0x000000000000529c       0x5c ../l6_pt4_app_bsp/\libhal_bsp.a(altera_avalon_jtag_uart_read.o)
                0x000000000000529c                altera_avalon_jtag_uart_read
 .text          0x00000000000052f8       0x34 ../l6_pt4_app_bsp/\libhal_bsp.a(altera_avalon_jtag_uart_write.o)
                0x00000000000052f8                altera_avalon_jtag_uart_write
 .text          0x000000000000532c       0xb0 ../l6_pt4_app_bsp/\libhal_bsp.a(alt_close.o)
                0x000000000000532c                close
 .text          0x00000000000053dc        0x4 ../l6_pt4_app_bsp/\libhal_bsp.a(alt_dcache_flush_all.o)
                0x00000000000053dc                alt_dcache_flush_all
 .text          0x00000000000053e0        0x8 ../l6_pt4_app_bsp/\libhal_bsp.a(alt_dev.o)
 .text          0x00000000000053e8       0x6c ../l6_pt4_app_bsp/\libhal_bsp.a(alt_dev_llist_insert.o)
                0x00000000000053e8                alt_dev_llist_insert
 .text          0x0000000000005454       0x48 ../l6_pt4_app_bsp/\libhal_bsp.a(alt_do_ctors.o)
                0x0000000000005454                _do_ctors
 .text          0x000000000000549c       0x48 ../l6_pt4_app_bsp/\libhal_bsp.a(alt_do_dtors.o)
                0x000000000000549c                _do_dtors
 .text          0x00000000000054e4        0x0 ../l6_pt4_app_bsp/\libhal_bsp.a(alt_errno.o)
 .text          0x00000000000054e4        0x0 ../l6_pt4_app_bsp/\libhal_bsp.a(alt_exception_entry.o)
 .text          0x00000000000054e4        0x4 ../l6_pt4_app_bsp/\libhal_bsp.a(alt_icache_flush_all.o)
                0x00000000000054e4                alt_icache_flush_all
 .text          0x00000000000054e8       0x74 ../l6_pt4_app_bsp/\libhal_bsp.a(alt_instruction_exception_entry.o)
                0x00000000000054e8                alt_exception_cause_generated_bad_addr
 .text          0x000000000000555c       0xfc ../l6_pt4_app_bsp/\libhal_bsp.a(alt_io_redirect.o)
                0x00000000000055e4                alt_io_redirect
 .text          0x0000000000005658      0x1a0 ../l6_pt4_app_bsp/\libhal_bsp.a(alt_open.o)
                0x0000000000005658                open
 .text          0x00000000000057f8       0x5c ../l6_pt4_app_bsp/\libhal_bsp.a(alt_release_fd.o)
                0x00000000000057f8                alt_release_fd
 .text          0x0000000000005854        0x8 ../l6_pt4_app_bsp/\libhal_bsp.a(altera_nios2_gen2_irq.o)
                0x0000000000005854                altera_nios2_gen2_irq_init
 .text          0x000000000000585c       0x74 ../l6_pt4_app_bsp/\libhal_bsp.a(alt_find_dev.o)
                0x000000000000585c                alt_find_dev
 .text          0x00000000000058d0       0xa4 ../l6_pt4_app_bsp/\libhal_bsp.a(alt_find_file.o)
                0x00000000000058d0                alt_find_file
 .text          0x0000000000005974       0x84 ../l6_pt4_app_bsp/\libhal_bsp.a(alt_get_fd.o)
                0x0000000000005974                alt_get_fd
 .text          0x00000000000059f8        0x0 c:/intelfpga/18.1/nios2eds/bin/gnu/h-x86_64-mingw32/bin/../lib/gcc/nios2-elf/5.3.0/../../../../../H-x86_64-mingw32/nios2-elf/lib/mno-hw-mul\libsmallc.a(lib_a-atexit.o)
 .text.atexit   0x00000000000059f8       0x14 c:/intelfpga/18.1/nios2eds/bin/gnu/h-x86_64-mingw32/bin/../lib/gcc/nios2-elf/5.3.0/../../../../../H-x86_64-mingw32/nios2-elf/lib/mno-hw-mul\libsmallc.a(lib_a-atexit.o)
                0x00000000000059f8                atexit
 .text          0x0000000000005a0c        0x0 c:/intelfpga/18.1/nios2eds/bin/gnu/h-x86_64-mingw32/bin/../lib/gcc/nios2-elf/5.3.0/../../../../../H-x86_64-mingw32/nios2-elf/lib/mno-hw-mul\libsmallc.a(lib_a-exit.o)
 .text.exit     0x0000000000005a0c       0x20 c:/intelfpga/18.1/nios2eds/bin/gnu/h-x86_64-mingw32/bin/../lib/gcc/nios2-elf/5.3.0/../../../../../H-x86_64-mingw32/nios2-elf/lib/mno-hw-mul\libsmallc.a(lib_a-exit.o)
                0x0000000000005a0c                exit
 .text          0x0000000000005a2c        0x0 c:/intelfpga/18.1/nios2eds/bin/gnu/h-x86_64-mingw32/bin/../lib/gcc/nios2-elf/5.3.0/../../../../../H-x86_64-mingw32/nios2-elf/lib/mno-hw-mul\libsmallc.a(lib_a-memcmp.o)
 .text.memcmp   0x0000000000005a2c       0x30 c:/intelfpga/18.1/nios2eds/bin/gnu/h-x86_64-mingw32/bin/../lib/gcc/nios2-elf/5.3.0/../../../../../H-x86_64-mingw32/nios2-elf/lib/mno-hw-mul\libsmallc.a(lib_a-memcmp.o)
                0x0000000000005a2c                memcmp
 .text          0x0000000000005a5c        0x0 c:/intelfpga/18.1/nios2eds/bin/gnu/h-x86_64-mingw32/bin/../lib/gcc/nios2-elf/5.3.0/../../../../../H-x86_64-mingw32/nios2-elf/lib/mno-hw-mul\libsmallc.a(lib_a-__atexit.o)
 .text.__register_exitproc
                0x0000000000005a5c      0x158 c:/intelfpga/18.1/nios2eds/bin/gnu/h-x86_64-mingw32/bin/../lib/gcc/nios2-elf/5.3.0/../../../../../H-x86_64-mingw32/nios2-elf/lib/mno-hw-mul\libsmallc.a(lib_a-__atexit.o)
                0x0000000000005a5c                __register_exitproc
 .text          0x0000000000005bb4        0x0 c:/intelfpga/18.1/nios2eds/bin/gnu/h-x86_64-mingw32/bin/../lib/gcc/nios2-elf/5.3.0/../../../../../H-x86_64-mingw32/nios2-elf/lib/mno-hw-mul\libsmallc.a(lib_a-__call_atexit.o)
 .text.__call_exitprocs
                0x0000000000005bb4      0x190 c:/intelfpga/18.1/nios2eds/bin/gnu/h-x86_64-mingw32/bin/../lib/gcc/nios2-elf/5.3.0/../../../../../H-x86_64-mingw32/nios2-elf/lib/mno-hw-mul\libsmallc.a(lib_a-__call_atexit.o)
                0x0000000000005bb4                __call_exitprocs
 .text          0x0000000000005d44       0x14 ../l6_pt4_app_bsp/\libhal_bsp.a(alt_exit.o)
                0x0000000000005d44                _exit
 *(.gnu.warning.*)
 *(.fini)
                [!provide]                        PROVIDE (__etext, ABSOLUTE (.))
                [!provide]                        PROVIDE (_etext, ABSOLUTE (.))
                [!provide]                        PROVIDE (etext, ABSOLUTE (.))
 *(.eh_frame_hdr)
                0x0000000000005d58                . = ALIGN (0x4)
                [!provide]                        PROVIDE (__preinit_array_start, ABSOLUTE (.))
 *(.preinit_array)
                [!provide]                        PROVIDE (__preinit_array_end, ABSOLUTE (.))
                [!provide]                        PROVIDE (__init_array_start, ABSOLUTE (.))
 *(.init_array)
                [!provide]                        PROVIDE (__init_array_end, ABSOLUTE (.))
                [!provide]                        PROVIDE (__fini_array_start, ABSOLUTE (.))
 *(.fini_array)
                [!provide]                        PROVIDE (__fini_array_end, ABSOLUTE (.))
 *(.eh_frame)
 *(.gcc_except_table .gcc_except_table.*)
 *(.dynamic)
                0x0000000000005d58                PROVIDE (__CTOR_LIST__, ABSOLUTE (.))
 *(.ctors)
 *(SORT(.ctors.*))
                0x0000000000005d58                PROVIDE (__CTOR_END__, ABSOLUTE (.))
                0x0000000000005d58                PROVIDE (__DTOR_LIST__, ABSOLUTE (.))
 *(.dtors)
 *(SORT(.dtors.*))
                0x0000000000005d58                PROVIDE (__DTOR_END__, ABSOLUTE (.))
 *(.jcr)
                0x0000000000005d58                . = ALIGN (0x4)

.rodata         0x0000000000005d58       0x80
                0x0000000000005d58                PROVIDE (__ram_rodata_start, ABSOLUTE (.))
                0x0000000000005d58                . = ALIGN (0x4)
 *(.rodata .rodata.* .gnu.linkonce.r.*)
 .rodata        0x0000000000005d58       0x5b obj/default/main.o
 *fill*         0x0000000000005db3        0x1 
 .rodata.str1.4
                0x0000000000005db4        0x2 c:/intelfpga/18.1/nios2eds/bin/gnu/h-x86_64-mingw32/bin/../lib/gcc/nios2-elf/5.3.0/../../../../../H-x86_64-mingw32/nios2-elf/lib/mno-hw-mul\libsmallc.a(lib_a-puts.o)
 *fill*         0x0000000000005db6        0x2 
 .rodata.str1.4
                0x0000000000005db8       0x11 ../l6_pt4_app_bsp/\libhal_bsp.a(alt_main.o)
 .rodata.str1.4
                0x0000000000005dc9       0x11 ../l6_pt4_app_bsp/\libhal_bsp.a(alt_sys_init.o)
 *fill*         0x0000000000005dc9        0x3 
 .rodata.str1.4
                0x0000000000005dcc        0xc ../l6_pt4_app_bsp/\libhal_bsp.a(alt_dev.o)
                                          0xa (size before relaxing)
 *(.rodata1)
                0x0000000000005dd8                . = ALIGN (0x4)
                0x0000000000005dd8                PROVIDE (__ram_rodata_end, ABSOLUTE (.))
                0x0000000000005d58                PROVIDE (__flash_rodata_start, LOADADDR (.rodata))

.rwdata         0x0000000000005dd8      0x2e4 load address 0x00000000000060bc
                0x0000000000005dd8                PROVIDE (__ram_rwdata_start, ABSOLUTE (.))
                0x0000000000005dd8                . = ALIGN (0x4)
 *(.got.plt)
 *(.got)
 *(.data1)
 *(.data .data.* .gnu.linkonce.d.*)
 .data          0x0000000000005dd8        0x0 ../l6_pt4_app_bsp//obj/HAL/src/crt0.o
 .data          0x0000000000005dd8        0x0 obj/default/main.o
 .data          0x0000000000005dd8        0x0 c:/intelfpga/18.1/nios2eds/bin/gnu/h-x86_64-mingw32/bin/../lib/gcc/nios2-elf/5.3.0/../../../../../H-x86_64-mingw32/nios2-elf/lib/mno-hw-mul\libsmallc.a(lib_a-printf.o)
 .data          0x0000000000005dd8        0x0 c:/intelfpga/18.1/nios2eds/bin/gnu/h-x86_64-mingw32/bin/../lib/gcc/nios2-elf/5.3.0/../../../../../H-x86_64-mingw32/nios2-elf/lib/mno-hw-mul\libsmallc.a(lib_a-puts.o)
 .data          0x0000000000005dd8        0x0 c:/intelfpga/18.1/nios2eds/bin/gnu/h-x86_64-mingw32/bin/../lib/gcc/nios2-elf/5.3.0/../../../../../H-x86_64-mingw32/nios2-elf/lib/mno-hw-mul\libsmallc.a(lib_a-strlen.o)
 .data          0x0000000000005dd8        0x0 c:/intelfpga/18.1/nios2eds/bin/gnu/h-x86_64-mingw32/bin/../lib/gcc/nios2-elf/5.3.0/../../../../../H-x86_64-mingw32/nios2-elf/lib/mno-hw-mul\libsmallc.a(lib_a-vfprintf.o)
 .data          0x0000000000005dd8        0x0 c:/intelfpga/18.1/nios2eds/bin/gnu/h-x86_64-mingw32/bin/../lib/gcc/nios2-elf/5.3.0/../../../../../H-x86_64-mingw32/nios2-elf/lib/mno-hw-mul\libsmallc.a(lib_a-fvwrite_small_dev.o)
 .data          0x0000000000005dd8        0x0 c:/intelfpga/18.1/nios2eds/bin/gnu/h-x86_64-mingw32/bin/../lib/gcc/nios2-elf/5.3.0/../../../../../H-x86_64-mingw32/nios2-elf/lib/mno-hw-mul\libsmallc.a(lib_a-impure.o)
 .data.impure_data
                0x0000000000005dd8       0xe0 c:/intelfpga/18.1/nios2eds/bin/gnu/h-x86_64-mingw32/bin/../lib/gcc/nios2-elf/5.3.0/../../../../../H-x86_64-mingw32/nios2-elf/lib/mno-hw-mul\libsmallc.a(lib_a-impure.o)
 .data          0x0000000000005eb8        0x0 c:/intelfpga/18.1/nios2eds/bin/gnu/h-x86_64-mingw32/bin/../lib/gcc/nios2-elf/5.3.0/../../../../../H-x86_64-mingw32/nios2-elf/lib/mno-hw-mul\libsmallc.a(lib_a-writer.o)
 .data          0x0000000000005eb8        0x0 c:/intelfpga/18.1/nios2eds/bin/gnu/h-x86_64-mingw32/bin/../lib/gcc/nios2-elf/5.3.0/../../../../../H-x86_64-mingw32/nios2-elf/lib/mno-hw-mul\libsmallc.a(lib_a-int_errno.o)
 .data          0x0000000000005eb8        0x0 c:/intelfpga/18.1/nios2eds/bin/gnu/h-x86_64-mingw32/bin/../lib/gcc/nios2-elf/5.3.0/mno-hw-mul\libgcc.a(lib2-divmod.o)
 .data          0x0000000000005eb8        0x0 c:/intelfpga/18.1/nios2eds/bin/gnu/h-x86_64-mingw32/bin/../lib/gcc/nios2-elf/5.3.0/mno-hw-mul\libgcc.a(lib2-mul.o)
 .data          0x0000000000005eb8        0x0 ../l6_pt4_app_bsp/\libhal_bsp.a(alt_iic.o)
 .data          0x0000000000005eb8        0x0 ../l6_pt4_app_bsp/\libhal_bsp.a(alt_iic_isr_register.o)
 .data          0x0000000000005eb8        0x0 ../l6_pt4_app_bsp/\libhal_bsp.a(alt_irq_entry.o)
 .data          0x0000000000005eb8        0x0 ../l6_pt4_app_bsp/\libhal_bsp.a(alt_irq_handler.o)
 .data          0x0000000000005eb8        0x0 ../l6_pt4_app_bsp/\libhal_bsp.a(alt_irq_vars.o)
 .data          0x0000000000005eb8        0x0 ../l6_pt4_app_bsp/\libhal_bsp.a(alt_load.o)
 .data          0x0000000000005eb8        0x0 ../l6_pt4_app_bsp/\libhal_bsp.a(alt_main.o)
 .data          0x0000000000005eb8        0x0 ../l6_pt4_app_bsp/\libhal_bsp.a(alt_write.o)
 .data          0x0000000000005eb8       0x2c ../l6_pt4_app_bsp/\libhal_bsp.a(alt_sys_init.o)
 .data          0x0000000000005ee4        0x0 ../l6_pt4_app_bsp/\libhal_bsp.a(altera_avalon_jtag_uart_fd.o)
 .data          0x0000000000005ee4        0x0 ../l6_pt4_app_bsp/\libhal_bsp.a(altera_avalon_jtag_uart_read.o)
 .data          0x0000000000005ee4        0x0 ../l6_pt4_app_bsp/\libhal_bsp.a(altera_avalon_jtag_uart_write.o)
 .data          0x0000000000005ee4        0x0 ../l6_pt4_app_bsp/\libhal_bsp.a(alt_close.o)
 .data          0x0000000000005ee4        0x0 ../l6_pt4_app_bsp/\libhal_bsp.a(alt_dcache_flush_all.o)
 .data          0x0000000000005ee4      0x1a8 ../l6_pt4_app_bsp/\libhal_bsp.a(alt_dev.o)
                0x0000000000005ee4                alt_fd_list
                0x0000000000006064                alt_dev_null
 .data          0x000000000000608c        0x0 ../l6_pt4_app_bsp/\libhal_bsp.a(alt_dev_llist_insert.o)
 .data          0x000000000000608c        0x0 ../l6_pt4_app_bsp/\libhal_bsp.a(alt_do_ctors.o)
 .data          0x000000000000608c        0x0 ../l6_pt4_app_bsp/\libhal_bsp.a(alt_do_dtors.o)
 .data          0x000000000000608c        0x0 ../l6_pt4_app_bsp/\libhal_bsp.a(alt_errno.o)
 .data          0x000000000000608c        0x0 ../l6_pt4_app_bsp/\libhal_bsp.a(alt_exception_entry.o)
 .data          0x000000000000608c        0x0 ../l6_pt4_app_bsp/\libhal_bsp.a(alt_icache_flush_all.o)
 .data          0x000000000000608c        0x0 ../l6_pt4_app_bsp/\libhal_bsp.a(alt_instruction_exception_entry.o)
 .data          0x000000000000608c        0x0 ../l6_pt4_app_bsp/\libhal_bsp.a(alt_io_redirect.o)
 .data          0x000000000000608c        0x0 ../l6_pt4_app_bsp/\libhal_bsp.a(alt_open.o)
 .data          0x000000000000608c        0x0 ../l6_pt4_app_bsp/\libhal_bsp.a(alt_release_fd.o)
 .data          0x000000000000608c        0x0 ../l6_pt4_app_bsp/\libhal_bsp.a(altera_nios2_gen2_irq.o)
 .data          0x000000000000608c        0x0 ../l6_pt4_app_bsp/\libhal_bsp.a(alt_find_dev.o)
 .data          0x000000000000608c        0x0 ../l6_pt4_app_bsp/\libhal_bsp.a(alt_find_file.o)
 .data          0x000000000000608c        0x0 ../l6_pt4_app_bsp/\libhal_bsp.a(alt_get_fd.o)
 .data          0x000000000000608c        0x0 c:/intelfpga/18.1/nios2eds/bin/gnu/h-x86_64-mingw32/bin/../lib/gcc/nios2-elf/5.3.0/../../../../../H-x86_64-mingw32/nios2-elf/lib/mno-hw-mul\libsmallc.a(lib_a-atexit.o)
 .data          0x000000000000608c        0x0 c:/intelfpga/18.1/nios2eds/bin/gnu/h-x86_64-mingw32/bin/../lib/gcc/nios2-elf/5.3.0/../../../../../H-x86_64-mingw32/nios2-elf/lib/mno-hw-mul\libsmallc.a(lib_a-exit.o)
 .data          0x000000000000608c        0x0 c:/intelfpga/18.1/nios2eds/bin/gnu/h-x86_64-mingw32/bin/../lib/gcc/nios2-elf/5.3.0/../../../../../H-x86_64-mingw32/nios2-elf/lib/mno-hw-mul\libsmallc.a(lib_a-memcmp.o)
 .data          0x000000000000608c        0x0 c:/intelfpga/18.1/nios2eds/bin/gnu/h-x86_64-mingw32/bin/../lib/gcc/nios2-elf/5.3.0/../../../../../H-x86_64-mingw32/nios2-elf/lib/mno-hw-mul\libsmallc.a(lib_a-__atexit.o)
 .data          0x000000000000608c        0x0 c:/intelfpga/18.1/nios2eds/bin/gnu/h-x86_64-mingw32/bin/../lib/gcc/nios2-elf/5.3.0/../../../../../H-x86_64-mingw32/nios2-elf/lib/mno-hw-mul\libsmallc.a(lib_a-__call_atexit.o)
 .data          0x000000000000608c        0x0 ../l6_pt4_app_bsp/\libhal_bsp.a(alt_exit.o)
                0x000000000000e08c                _gp = ABSOLUTE ((. + 0x8000))
                [!provide]                        PROVIDE (gp, _gp)
 *(.rwdata .rwdata.*)
 *(.sdata .sdata.* .gnu.linkonce.s.*)
 .sdata         0x000000000000608c        0xc obj/default/main.o
                0x000000000000608c                ledsBase_ptr
                0x0000000000006090                uintPushbuttonBase_Ptr
                0x0000000000006094                checkFlag
 .sdata._global_impure_ptr
                0x0000000000006098        0x4 c:/intelfpga/18.1/nios2eds/bin/gnu/h-x86_64-mingw32/bin/../lib/gcc/nios2-elf/5.3.0/../../../../../H-x86_64-mingw32/nios2-elf/lib/mno-hw-mul\libsmallc.a(lib_a-impure.o)
                0x0000000000006098                _global_impure_ptr
 .sdata._impure_ptr
                0x000000000000609c        0x4 c:/intelfpga/18.1/nios2eds/bin/gnu/h-x86_64-mingw32/bin/../lib/gcc/nios2-elf/5.3.0/../../../../../H-x86_64-mingw32/nios2-elf/lib/mno-hw-mul\libsmallc.a(lib_a-impure.o)
                0x000000000000609c                _impure_ptr
 .sdata         0x00000000000060a0        0x4 ../l6_pt4_app_bsp/\libhal_bsp.a(alt_irq_vars.o)
                0x00000000000060a0                alt_priority_mask
 .sdata         0x00000000000060a4       0x14 ../l6_pt4_app_bsp/\libhal_bsp.a(alt_dev.o)
                0x00000000000060a4                alt_max_fd
                0x00000000000060a8                alt_dev_list
                0x00000000000060b0                alt_fs_list
 .sdata         0x00000000000060b8        0x4 ../l6_pt4_app_bsp/\libhal_bsp.a(alt_errno.o)
                0x00000000000060b8                alt_errno
 *(.sdata2 .sdata2.* .gnu.linkonce.s2.*)
                0x00000000000060bc                . = ALIGN (0x4)
                0x00000000000060bc                _edata = ABSOLUTE (.)
                [!provide]                        PROVIDE (edata, ABSOLUTE (.))
                0x00000000000060bc                PROVIDE (__ram_rwdata_end, ABSOLUTE (.))
                0x00000000000060bc                PROVIDE (__flash_rwdata_start, LOADADDR (.rwdata))

.bss            0x00000000000063a0      0x124
                0x00000000000063a0                __bss_start = ABSOLUTE (.)
                [!provide]                        PROVIDE (__sbss_start, ABSOLUTE (.))
                [!provide]                        PROVIDE (___sbss_start, ABSOLUTE (.))
 *(.dynsbss)
 *(.sbss .sbss.* .gnu.linkonce.sb.*)
 .sbss          0x00000000000063a0        0xc obj/default/main.o
                0x00000000000063a0                ramBase8_ptr
                0x00000000000063a4                ramBase16_ptr
                0x00000000000063a8                ramBase32_ptr
 .sbss          0x00000000000063ac        0x4 c:/intelfpga/18.1/nios2eds/bin/gnu/h-x86_64-mingw32/bin/../lib/gcc/nios2-elf/5.3.0/../../../../../H-x86_64-mingw32/nios2-elf/lib/mno-hw-mul\libsmallc.a(lib_a-int_errno.o)
                0x00000000000063ac                errno
 .sbss          0x00000000000063b0        0x4 ../l6_pt4_app_bsp/\libhal_bsp.a(alt_irq_vars.o)
                0x00000000000063b0                alt_irq_active
 .sbss          0x00000000000063b4        0xc ../l6_pt4_app_bsp/\libhal_bsp.a(alt_main.o)
                0x00000000000063b4                alt_envp
                0x00000000000063b8                alt_argv
                0x00000000000063bc                alt_argc
 .sbss          0x00000000000063c0        0x4 ../l6_pt4_app_bsp/\libhal_bsp.a(alt_instruction_exception_entry.o)
                0x00000000000063c0                alt_instruction_exception_handler
 *(.sbss2 .sbss2.* .gnu.linkonce.sb2.*)
 *(.scommon)
                [!provide]                        PROVIDE (__sbss_end, ABSOLUTE (.))
                [!provide]                        PROVIDE (___sbss_end, ABSOLUTE (.))
 *(.dynbss)
 *(.bss .bss.* .gnu.linkonce.b.*)
 .bss           0x00000000000063c4        0x0 ../l6_pt4_app_bsp//obj/HAL/src/crt0.o
 .bss           0x00000000000063c4        0x0 obj/default/main.o
 .bss           0x00000000000063c4        0x0 c:/intelfpga/18.1/nios2eds/bin/gnu/h-x86_64-mingw32/bin/../lib/gcc/nios2-elf/5.3.0/../../../../../H-x86_64-mingw32/nios2-elf/lib/mno-hw-mul\libsmallc.a(lib_a-printf.o)
 .bss           0x00000000000063c4        0x0 c:/intelfpga/18.1/nios2eds/bin/gnu/h-x86_64-mingw32/bin/../lib/gcc/nios2-elf/5.3.0/../../../../../H-x86_64-mingw32/nios2-elf/lib/mno-hw-mul\libsmallc.a(lib_a-puts.o)
 .bss           0x00000000000063c4        0x0 c:/intelfpga/18.1/nios2eds/bin/gnu/h-x86_64-mingw32/bin/../lib/gcc/nios2-elf/5.3.0/../../../../../H-x86_64-mingw32/nios2-elf/lib/mno-hw-mul\libsmallc.a(lib_a-strlen.o)
 .bss           0x00000000000063c4        0x0 c:/intelfpga/18.1/nios2eds/bin/gnu/h-x86_64-mingw32/bin/../lib/gcc/nios2-elf/5.3.0/../../../../../H-x86_64-mingw32/nios2-elf/lib/mno-hw-mul\libsmallc.a(lib_a-vfprintf.o)
 .bss           0x00000000000063c4        0x0 c:/intelfpga/18.1/nios2eds/bin/gnu/h-x86_64-mingw32/bin/../lib/gcc/nios2-elf/5.3.0/../../../../../H-x86_64-mingw32/nios2-elf/lib/mno-hw-mul\libsmallc.a(lib_a-fvwrite_small_dev.o)
 .bss           0x00000000000063c4        0x0 c:/intelfpga/18.1/nios2eds/bin/gnu/h-x86_64-mingw32/bin/../lib/gcc/nios2-elf/5.3.0/../../../../../H-x86_64-mingw32/nios2-elf/lib/mno-hw-mul\libsmallc.a(lib_a-impure.o)
 .bss           0x00000000000063c4        0x0 c:/intelfpga/18.1/nios2eds/bin/gnu/h-x86_64-mingw32/bin/../lib/gcc/nios2-elf/5.3.0/../../../../../H-x86_64-mingw32/nios2-elf/lib/mno-hw-mul\libsmallc.a(lib_a-writer.o)
 .bss           0x00000000000063c4        0x0 c:/intelfpga/18.1/nios2eds/bin/gnu/h-x86_64-mingw32/bin/../lib/gcc/nios2-elf/5.3.0/../../../../../H-x86_64-mingw32/nios2-elf/lib/mno-hw-mul\libsmallc.a(lib_a-int_errno.o)
 .bss           0x00000000000063c4        0x0 c:/intelfpga/18.1/nios2eds/bin/gnu/h-x86_64-mingw32/bin/../lib/gcc/nios2-elf/5.3.0/mno-hw-mul\libgcc.a(lib2-divmod.o)
 .bss           0x00000000000063c4        0x0 c:/intelfpga/18.1/nios2eds/bin/gnu/h-x86_64-mingw32/bin/../lib/gcc/nios2-elf/5.3.0/mno-hw-mul\libgcc.a(lib2-mul.o)
 .bss           0x00000000000063c4        0x0 ../l6_pt4_app_bsp/\libhal_bsp.a(alt_iic.o)
 .bss           0x00000000000063c4        0x0 ../l6_pt4_app_bsp/\libhal_bsp.a(alt_iic_isr_register.o)
 .bss           0x00000000000063c4        0x0 ../l6_pt4_app_bsp/\libhal_bsp.a(alt_irq_entry.o)
 .bss           0x00000000000063c4        0x0 ../l6_pt4_app_bsp/\libhal_bsp.a(alt_irq_handler.o)
 .bss           0x00000000000063c4        0x0 ../l6_pt4_app_bsp/\libhal_bsp.a(alt_irq_vars.o)
 .bss           0x00000000000063c4        0x0 ../l6_pt4_app_bsp/\libhal_bsp.a(alt_load.o)
 .bss           0x00000000000063c4        0x0 ../l6_pt4_app_bsp/\libhal_bsp.a(alt_main.o)
 .bss           0x00000000000063c4        0x0 ../l6_pt4_app_bsp/\libhal_bsp.a(alt_write.o)
 .bss           0x00000000000063c4        0x0 ../l6_pt4_app_bsp/\libhal_bsp.a(alt_sys_init.o)
 .bss           0x00000000000063c4        0x0 ../l6_pt4_app_bsp/\libhal_bsp.a(altera_avalon_jtag_uart_fd.o)
 .bss           0x00000000000063c4        0x0 ../l6_pt4_app_bsp/\libhal_bsp.a(altera_avalon_jtag_uart_read.o)
 .bss           0x00000000000063c4        0x0 ../l6_pt4_app_bsp/\libhal_bsp.a(altera_avalon_jtag_uart_write.o)
 .bss           0x00000000000063c4        0x0 ../l6_pt4_app_bsp/\libhal_bsp.a(alt_close.o)
 .bss           0x00000000000063c4        0x0 ../l6_pt4_app_bsp/\libhal_bsp.a(alt_dcache_flush_all.o)
 .bss           0x00000000000063c4        0x0 ../l6_pt4_app_bsp/\libhal_bsp.a(alt_dev.o)
 .bss           0x00000000000063c4        0x0 ../l6_pt4_app_bsp/\libhal_bsp.a(alt_dev_llist_insert.o)
 .bss           0x00000000000063c4        0x0 ../l6_pt4_app_bsp/\libhal_bsp.a(alt_do_ctors.o)
 .bss           0x00000000000063c4        0x0 ../l6_pt4_app_bsp/\libhal_bsp.a(alt_do_dtors.o)
 .bss           0x00000000000063c4        0x0 ../l6_pt4_app_bsp/\libhal_bsp.a(alt_errno.o)
 .bss           0x00000000000063c4        0x0 ../l6_pt4_app_bsp/\libhal_bsp.a(alt_exception_entry.o)
 .bss           0x00000000000063c4        0x0 ../l6_pt4_app_bsp/\libhal_bsp.a(alt_icache_flush_all.o)
 .bss           0x00000000000063c4        0x0 ../l6_pt4_app_bsp/\libhal_bsp.a(alt_instruction_exception_entry.o)
 .bss           0x00000000000063c4        0x0 ../l6_pt4_app_bsp/\libhal_bsp.a(alt_io_redirect.o)
 .bss           0x00000000000063c4        0x0 ../l6_pt4_app_bsp/\libhal_bsp.a(alt_open.o)
 .bss           0x00000000000063c4        0x0 ../l6_pt4_app_bsp/\libhal_bsp.a(alt_release_fd.o)
 .bss           0x00000000000063c4        0x0 ../l6_pt4_app_bsp/\libhal_bsp.a(altera_nios2_gen2_irq.o)
 .bss           0x00000000000063c4        0x0 ../l6_pt4_app_bsp/\libhal_bsp.a(alt_find_dev.o)
 .bss           0x00000000000063c4        0x0 ../l6_pt4_app_bsp/\libhal_bsp.a(alt_find_file.o)
 .bss           0x00000000000063c4        0x0 ../l6_pt4_app_bsp/\libhal_bsp.a(alt_get_fd.o)
 .bss           0x00000000000063c4        0x0 c:/intelfpga/18.1/nios2eds/bin/gnu/h-x86_64-mingw32/bin/../lib/gcc/nios2-elf/5.3.0/../../../../../H-x86_64-mingw32/nios2-elf/lib/mno-hw-mul\libsmallc.a(lib_a-atexit.o)
 .bss           0x00000000000063c4        0x0 c:/intelfpga/18.1/nios2eds/bin/gnu/h-x86_64-mingw32/bin/../lib/gcc/nios2-elf/5.3.0/../../../../../H-x86_64-mingw32/nios2-elf/lib/mno-hw-mul\libsmallc.a(lib_a-exit.o)
 .bss           0x00000000000063c4        0x0 c:/intelfpga/18.1/nios2eds/bin/gnu/h-x86_64-mingw32/bin/../lib/gcc/nios2-elf/5.3.0/../../../../../H-x86_64-mingw32/nios2-elf/lib/mno-hw-mul\libsmallc.a(lib_a-memcmp.o)
 .bss           0x00000000000063c4        0x0 c:/intelfpga/18.1/nios2eds/bin/gnu/h-x86_64-mingw32/bin/../lib/gcc/nios2-elf/5.3.0/../../../../../H-x86_64-mingw32/nios2-elf/lib/mno-hw-mul\libsmallc.a(lib_a-__atexit.o)
 .bss           0x00000000000063c4        0x0 c:/intelfpga/18.1/nios2eds/bin/gnu/h-x86_64-mingw32/bin/../lib/gcc/nios2-elf/5.3.0/../../../../../H-x86_64-mingw32/nios2-elf/lib/mno-hw-mul\libsmallc.a(lib_a-__call_atexit.o)
 .bss           0x00000000000063c4        0x0 ../l6_pt4_app_bsp/\libhal_bsp.a(alt_exit.o)
 *(COMMON)
 COMMON         0x00000000000063c4      0x100 ../l6_pt4_app_bsp/\libhal_bsp.a(alt_irq_handler.o)
                0x00000000000063c4                alt_irq
                0x00000000000064c4                . = ALIGN (0x4)
                0x00000000000064c4                __bss_end = ABSOLUTE (.)

.onchip_memory2_0
                0x00000000000064c4        0x0
                [!provide]                        PROVIDE (_alt_partition_onchip_memory2_0_start, ABSOLUTE (.))
 *(.onchip_memory2_0 .onchip_memory2_0. onchip_memory2_0.*)
                0x00000000000064c4                . = ALIGN (0x4)
                [!provide]                        PROVIDE (_alt_partition_onchip_memory2_0_end, ABSOLUTE (.))
                0x00000000000064c4                _end = ABSOLUTE (.)
                0x00000000000064c4                end = ABSOLUTE (.)
                0x00000000000064c4                __alt_stack_base = ABSOLUTE (.)
                [!provide]                        PROVIDE (_alt_partition_onchip_memory2_0_load_addr, LOADADDR (.onchip_memory2_0))

.stab
 *(.stab)

.stabstr
 *(.stabstr)

.stab.excl
 *(.stab.excl)

.stab.exclstr
 *(.stab.exclstr)

.stab.index
 *(.stab.index)

.stab.indexstr
 *(.stab.indexstr)

.comment        0x0000000000000000       0x23
 *(.comment)
 .comment       0x0000000000000000       0x23 obj/default/main.o
                                         0x24 (size before relaxing)
 .comment       0x0000000000000023       0x24 c:/intelfpga/18.1/nios2eds/bin/gnu/h-x86_64-mingw32/bin/../lib/gcc/nios2-elf/5.3.0/../../../../../H-x86_64-mingw32/nios2-elf/lib/mno-hw-mul\libsmallc.a(lib_a-printf.o)
 .comment       0x0000000000000023       0x24 c:/intelfpga/18.1/nios2eds/bin/gnu/h-x86_64-mingw32/bin/../lib/gcc/nios2-elf/5.3.0/../../../../../H-x86_64-mingw32/nios2-elf/lib/mno-hw-mul\libsmallc.a(lib_a-puts.o)
 .comment       0x0000000000000023       0x24 c:/intelfpga/18.1/nios2eds/bin/gnu/h-x86_64-mingw32/bin/../lib/gcc/nios2-elf/5.3.0/../../../../../H-x86_64-mingw32/nios2-elf/lib/mno-hw-mul\libsmallc.a(lib_a-strlen.o)
 .comment       0x0000000000000023       0x24 c:/intelfpga/18.1/nios2eds/bin/gnu/h-x86_64-mingw32/bin/../lib/gcc/nios2-elf/5.3.0/../../../../../H-x86_64-mingw32/nios2-elf/lib/mno-hw-mul\libsmallc.a(lib_a-vfprintf.o)
 .comment       0x0000000000000023       0x24 c:/intelfpga/18.1/nios2eds/bin/gnu/h-x86_64-mingw32/bin/../lib/gcc/nios2-elf/5.3.0/../../../../../H-x86_64-mingw32/nios2-elf/lib/mno-hw-mul\libsmallc.a(lib_a-fvwrite_small_dev.o)
 .comment       0x0000000000000023       0x24 c:/intelfpga/18.1/nios2eds/bin/gnu/h-x86_64-mingw32/bin/../lib/gcc/nios2-elf/5.3.0/../../../../../H-x86_64-mingw32/nios2-elf/lib/mno-hw-mul\libsmallc.a(lib_a-impure.o)
 .comment       0x0000000000000023       0x24 c:/intelfpga/18.1/nios2eds/bin/gnu/h-x86_64-mingw32/bin/../lib/gcc/nios2-elf/5.3.0/../../../../../H-x86_64-mingw32/nios2-elf/lib/mno-hw-mul\libsmallc.a(lib_a-writer.o)
 .comment       0x0000000000000023       0x24 c:/intelfpga/18.1/nios2eds/bin/gnu/h-x86_64-mingw32/bin/../lib/gcc/nios2-elf/5.3.0/../../../../../H-x86_64-mingw32/nios2-elf/lib/mno-hw-mul\libsmallc.a(lib_a-int_errno.o)
 .comment       0x0000000000000023       0x24 c:/intelfpga/18.1/nios2eds/bin/gnu/h-x86_64-mingw32/bin/../lib/gcc/nios2-elf/5.3.0/mno-hw-mul\libgcc.a(lib2-divmod.o)
 .comment       0x0000000000000023       0x24 c:/intelfpga/18.1/nios2eds/bin/gnu/h-x86_64-mingw32/bin/../lib/gcc/nios2-elf/5.3.0/mno-hw-mul\libgcc.a(lib2-mul.o)
 .comment       0x0000000000000023       0x24 ../l6_pt4_app_bsp/\libhal_bsp.a(alt_iic.o)
 .comment       0x0000000000000023       0x24 ../l6_pt4_app_bsp/\libhal_bsp.a(alt_iic_isr_register.o)
 .comment       0x0000000000000023       0x24 ../l6_pt4_app_bsp/\libhal_bsp.a(alt_irq_handler.o)
 .comment       0x0000000000000023       0x24 ../l6_pt4_app_bsp/\libhal_bsp.a(alt_irq_vars.o)
 .comment       0x0000000000000023       0x24 ../l6_pt4_app_bsp/\libhal_bsp.a(alt_load.o)
 .comment       0x0000000000000023       0x24 ../l6_pt4_app_bsp/\libhal_bsp.a(alt_main.o)
 .comment       0x0000000000000023       0x24 ../l6_pt4_app_bsp/\libhal_bsp.a(alt_write.o)
 .comment       0x0000000000000023       0x24 ../l6_pt4_app_bsp/\libhal_bsp.a(alt_sys_init.o)
 .comment       0x0000000000000023       0x24 ../l6_pt4_app_bsp/\libhal_bsp.a(altera_avalon_jtag_uart_fd.o)
 .comment       0x0000000000000023       0x24 ../l6_pt4_app_bsp/\libhal_bsp.a(altera_avalon_jtag_uart_read.o)
 .comment       0x0000000000000023       0x24 ../l6_pt4_app_bsp/\libhal_bsp.a(altera_avalon_jtag_uart_write.o)
 .comment       0x0000000000000023       0x24 ../l6_pt4_app_bsp/\libhal_bsp.a(alt_close.o)
 .comment       0x0000000000000023       0x24 ../l6_pt4_app_bsp/\libhal_bsp.a(alt_dcache_flush_all.o)
 .comment       0x0000000000000023       0x24 ../l6_pt4_app_bsp/\libhal_bsp.a(alt_dev.o)
 .comment       0x0000000000000023       0x24 ../l6_pt4_app_bsp/\libhal_bsp.a(alt_dev_llist_insert.o)
 .comment       0x0000000000000023       0x24 ../l6_pt4_app_bsp/\libhal_bsp.a(alt_do_ctors.o)
 .comment       0x0000000000000023       0x24 ../l6_pt4_app_bsp/\libhal_bsp.a(alt_do_dtors.o)
 .comment       0x0000000000000023       0x24 ../l6_pt4_app_bsp/\libhal_bsp.a(alt_errno.o)
 .comment       0x0000000000000023       0x24 ../l6_pt4_app_bsp/\libhal_bsp.a(alt_icache_flush_all.o)
 .comment       0x0000000000000023       0x24 ../l6_pt4_app_bsp/\libhal_bsp.a(alt_instruction_exception_entry.o)
 .comment       0x0000000000000023       0x24 ../l6_pt4_app_bsp/\libhal_bsp.a(alt_io_redirect.o)
 .comment       0x0000000000000023       0x24 ../l6_pt4_app_bsp/\libhal_bsp.a(alt_open.o)
 .comment       0x0000000000000023       0x24 ../l6_pt4_app_bsp/\libhal_bsp.a(alt_release_fd.o)
 .comment       0x0000000000000023       0x24 ../l6_pt4_app_bsp/\libhal_bsp.a(altera_nios2_gen2_irq.o)
 .comment       0x0000000000000023       0x24 ../l6_pt4_app_bsp/\libhal_bsp.a(alt_find_dev.o)
 .comment       0x0000000000000023       0x24 ../l6_pt4_app_bsp/\libhal_bsp.a(alt_find_file.o)
 .comment       0x0000000000000023       0x24 ../l6_pt4_app_bsp/\libhal_bsp.a(alt_get_fd.o)
 .comment       0x0000000000000023       0x24 c:/intelfpga/18.1/nios2eds/bin/gnu/h-x86_64-mingw32/bin/../lib/gcc/nios2-elf/5.3.0/../../../../../H-x86_64-mingw32/nios2-elf/lib/mno-hw-mul\libsmallc.a(lib_a-atexit.o)
 .comment       0x0000000000000023       0x24 c:/intelfpga/18.1/nios2eds/bin/gnu/h-x86_64-mingw32/bin/../lib/gcc/nios2-elf/5.3.0/../../../../../H-x86_64-mingw32/nios2-elf/lib/mno-hw-mul\libsmallc.a(lib_a-exit.o)
 .comment       0x0000000000000023       0x24 c:/intelfpga/18.1/nios2eds/bin/gnu/h-x86_64-mingw32/bin/../lib/gcc/nios2-elf/5.3.0/../../../../../H-x86_64-mingw32/nios2-elf/lib/mno-hw-mul\libsmallc.a(lib_a-memcmp.o)
 .comment       0x0000000000000023       0x24 c:/intelfpga/18.1/nios2eds/bin/gnu/h-x86_64-mingw32/bin/../lib/gcc/nios2-elf/5.3.0/../../../../../H-x86_64-mingw32/nios2-elf/lib/mno-hw-mul\libsmallc.a(lib_a-__atexit.o)
 .comment       0x0000000000000023       0x24 c:/intelfpga/18.1/nios2eds/bin/gnu/h-x86_64-mingw32/bin/../lib/gcc/nios2-elf/5.3.0/../../../../../H-x86_64-mingw32/nios2-elf/lib/mno-hw-mul\libsmallc.a(lib_a-__call_atexit.o)
 .comment       0x0000000000000023       0x24 ../l6_pt4_app_bsp/\libhal_bsp.a(alt_exit.o)

.debug
 *(.debug)

.line
 *(.line)

.debug_srcinfo
 *(.debug_srcinfo)

.debug_sfnames
 *(.debug_sfnames)

.debug_aranges  0x0000000000000000      0x618
 *(.debug_aranges)
 .debug_aranges
                0x0000000000000000       0x28 ../l6_pt4_app_bsp//obj/HAL/src/crt0.o
 .debug_aranges
                0x0000000000000028       0x20 obj/default/main.o
 .debug_aranges
                0x0000000000000048       0x28 c:/intelfpga/18.1/nios2eds/bin/gnu/h-x86_64-mingw32/bin/../lib/gcc/nios2-elf/5.3.0/../../../../../H-x86_64-mingw32/nios2-elf/lib/mno-hw-mul\libsmallc.a(lib_a-printf.o)
 .debug_aranges
                0x0000000000000070       0x28 c:/intelfpga/18.1/nios2eds/bin/gnu/h-x86_64-mingw32/bin/../lib/gcc/nios2-elf/5.3.0/../../../../../H-x86_64-mingw32/nios2-elf/lib/mno-hw-mul\libsmallc.a(lib_a-puts.o)
 .debug_aranges
                0x0000000000000098       0x20 c:/intelfpga/18.1/nios2eds/bin/gnu/h-x86_64-mingw32/bin/../lib/gcc/nios2-elf/5.3.0/../../../../../H-x86_64-mingw32/nios2-elf/lib/mno-hw-mul\libsmallc.a(lib_a-strlen.o)
 .debug_aranges
                0x00000000000000b8       0x30 c:/intelfpga/18.1/nios2eds/bin/gnu/h-x86_64-mingw32/bin/../lib/gcc/nios2-elf/5.3.0/../../../../../H-x86_64-mingw32/nios2-elf/lib/mno-hw-mul\libsmallc.a(lib_a-vfprintf.o)
 .debug_aranges
                0x00000000000000e8       0x20 c:/intelfpga/18.1/nios2eds/bin/gnu/h-x86_64-mingw32/bin/../lib/gcc/nios2-elf/5.3.0/../../../../../H-x86_64-mingw32/nios2-elf/lib/mno-hw-mul\libsmallc.a(lib_a-fvwrite_small_dev.o)
 .debug_aranges
                0x0000000000000108       0x18 c:/intelfpga/18.1/nios2eds/bin/gnu/h-x86_64-mingw32/bin/../lib/gcc/nios2-elf/5.3.0/../../../../../H-x86_64-mingw32/nios2-elf/lib/mno-hw-mul\libsmallc.a(lib_a-impure.o)
 .debug_aranges
                0x0000000000000120       0x20 c:/intelfpga/18.1/nios2eds/bin/gnu/h-x86_64-mingw32/bin/../lib/gcc/nios2-elf/5.3.0/../../../../../H-x86_64-mingw32/nios2-elf/lib/mno-hw-mul\libsmallc.a(lib_a-writer.o)
 .debug_aranges
                0x0000000000000140       0x18 c:/intelfpga/18.1/nios2eds/bin/gnu/h-x86_64-mingw32/bin/../lib/gcc/nios2-elf/5.3.0/../../../../../H-x86_64-mingw32/nios2-elf/lib/mno-hw-mul\libsmallc.a(lib_a-int_errno.o)
 .debug_aranges
                0x0000000000000158       0x20 c:/intelfpga/18.1/nios2eds/bin/gnu/h-x86_64-mingw32/bin/../lib/gcc/nios2-elf/5.3.0/mno-hw-mul\libgcc.a(lib2-divmod.o)
 .debug_aranges
                0x0000000000000178       0x20 c:/intelfpga/18.1/nios2eds/bin/gnu/h-x86_64-mingw32/bin/../lib/gcc/nios2-elf/5.3.0/mno-hw-mul\libgcc.a(lib2-mul.o)
 .debug_aranges
                0x0000000000000198       0x20 ../l6_pt4_app_bsp/\libhal_bsp.a(alt_iic.o)
 .debug_aranges
                0x00000000000001b8       0x20 ../l6_pt4_app_bsp/\libhal_bsp.a(alt_iic_isr_register.o)
 .debug_aranges
                0x00000000000001d8       0x30 ../l6_pt4_app_bsp/\libhal_bsp.a(alt_irq_entry.o)
 .debug_aranges
                0x0000000000000208       0x20 ../l6_pt4_app_bsp/\libhal_bsp.a(alt_irq_handler.o)
 .debug_aranges
                0x0000000000000228       0x18 ../l6_pt4_app_bsp/\libhal_bsp.a(alt_irq_vars.o)
 .debug_aranges
                0x0000000000000240       0x20 ../l6_pt4_app_bsp/\libhal_bsp.a(alt_load.o)
 .debug_aranges
                0x0000000000000260       0x20 ../l6_pt4_app_bsp/\libhal_bsp.a(alt_main.o)
 .debug_aranges
                0x0000000000000280       0x20 ../l6_pt4_app_bsp/\libhal_bsp.a(alt_write.o)
 .debug_aranges
                0x00000000000002a0       0x20 ../l6_pt4_app_bsp/\libhal_bsp.a(alt_sys_init.o)
 .debug_aranges
                0x00000000000002c0       0x20 ../l6_pt4_app_bsp/\libhal_bsp.a(altera_avalon_jtag_uart_fd.o)
 .debug_aranges
                0x00000000000002e0       0x20 ../l6_pt4_app_bsp/\libhal_bsp.a(altera_avalon_jtag_uart_read.o)
 .debug_aranges
                0x0000000000000300       0x20 ../l6_pt4_app_bsp/\libhal_bsp.a(altera_avalon_jtag_uart_write.o)
 .debug_aranges
                0x0000000000000320       0x20 ../l6_pt4_app_bsp/\libhal_bsp.a(alt_close.o)
 .debug_aranges
                0x0000000000000340       0x20 ../l6_pt4_app_bsp/\libhal_bsp.a(alt_dcache_flush_all.o)
 .debug_aranges
                0x0000000000000360       0x20 ../l6_pt4_app_bsp/\libhal_bsp.a(alt_dev.o)
 .debug_aranges
                0x0000000000000380       0x20 ../l6_pt4_app_bsp/\libhal_bsp.a(alt_dev_llist_insert.o)
 .debug_aranges
                0x00000000000003a0       0x20 ../l6_pt4_app_bsp/\libhal_bsp.a(alt_do_ctors.o)
 .debug_aranges
                0x00000000000003c0       0x20 ../l6_pt4_app_bsp/\libhal_bsp.a(alt_do_dtors.o)
 .debug_aranges
                0x00000000000003e0       0x18 ../l6_pt4_app_bsp/\libhal_bsp.a(alt_errno.o)
 .debug_aranges
                0x00000000000003f8       0x38 ../l6_pt4_app_bsp/\libhal_bsp.a(alt_exception_entry.o)
 .debug_aranges
                0x0000000000000430       0x20 ../l6_pt4_app_bsp/\libhal_bsp.a(alt_icache_flush_all.o)
 .debug_aranges
                0x0000000000000450       0x28 ../l6_pt4_app_bsp/\libhal_bsp.a(alt_instruction_exception_entry.o)
 .debug_aranges
                0x0000000000000478       0x20 ../l6_pt4_app_bsp/\libhal_bsp.a(alt_io_redirect.o)
 .debug_aranges
                0x0000000000000498       0x20 ../l6_pt4_app_bsp/\libhal_bsp.a(alt_open.o)
 .debug_aranges
                0x00000000000004b8       0x20 ../l6_pt4_app_bsp/\libhal_bsp.a(alt_release_fd.o)
 .debug_aranges
                0x00000000000004d8       0x20 ../l6_pt4_app_bsp/\libhal_bsp.a(altera_nios2_gen2_irq.o)
 .debug_aranges
                0x00000000000004f8       0x20 ../l6_pt4_app_bsp/\libhal_bsp.a(alt_find_dev.o)
 .debug_aranges
                0x0000000000000518       0x20 ../l6_pt4_app_bsp/\libhal_bsp.a(alt_find_file.o)
 .debug_aranges
                0x0000000000000538       0x20 ../l6_pt4_app_bsp/\libhal_bsp.a(alt_get_fd.o)
 .debug_aranges
                0x0000000000000558       0x20 c:/intelfpga/18.1/nios2eds/bin/gnu/h-x86_64-mingw32/bin/../lib/gcc/nios2-elf/5.3.0/../../../../../H-x86_64-mingw32/nios2-elf/lib/mno-hw-mul\libsmallc.a(lib_a-atexit.o)
 .debug_aranges
                0x0000000000000578       0x20 c:/intelfpga/18.1/nios2eds/bin/gnu/h-x86_64-mingw32/bin/../lib/gcc/nios2-elf/5.3.0/../../../../../H-x86_64-mingw32/nios2-elf/lib/mno-hw-mul\libsmallc.a(lib_a-exit.o)
 .debug_aranges
                0x0000000000000598       0x20 c:/intelfpga/18.1/nios2eds/bin/gnu/h-x86_64-mingw32/bin/../lib/gcc/nios2-elf/5.3.0/../../../../../H-x86_64-mingw32/nios2-elf/lib/mno-hw-mul\libsmallc.a(lib_a-memcmp.o)
 .debug_aranges
                0x00000000000005b8       0x20 c:/intelfpga/18.1/nios2eds/bin/gnu/h-x86_64-mingw32/bin/../lib/gcc/nios2-elf/5.3.0/../../../../../H-x86_64-mingw32/nios2-elf/lib/mno-hw-mul\libsmallc.a(lib_a-__atexit.o)
 .debug_aranges
                0x00000000000005d8       0x20 c:/intelfpga/18.1/nios2eds/bin/gnu/h-x86_64-mingw32/bin/../lib/gcc/nios2-elf/5.3.0/../../../../../H-x86_64-mingw32/nios2-elf/lib/mno-hw-mul\libsmallc.a(lib_a-__call_atexit.o)
 .debug_aranges
                0x00000000000005f8       0x20 ../l6_pt4_app_bsp/\libhal_bsp.a(alt_exit.o)

.debug_pubnames
 *(.debug_pubnames)

.debug_info     0x0000000000000000     0x8435
 *(.debug_info .gnu.linkonce.wi.*)
 .debug_info    0x0000000000000000       0x62 ../l6_pt4_app_bsp//obj/HAL/src/crt0.o
 .debug_info    0x0000000000000062      0x280 obj/default/main.o
 .debug_info    0x00000000000002e2      0x699 c:/intelfpga/18.1/nios2eds/bin/gnu/h-x86_64-mingw32/bin/../lib/gcc/nios2-elf/5.3.0/../../../../../H-x86_64-mingw32/nios2-elf/lib/mno-hw-mul\libsmallc.a(lib_a-printf.o)
 .debug_info    0x000000000000097b      0x66d c:/intelfpga/18.1/nios2eds/bin/gnu/h-x86_64-mingw32/bin/../lib/gcc/nios2-elf/5.3.0/../../../../../H-x86_64-mingw32/nios2-elf/lib/mno-hw-mul\libsmallc.a(lib_a-puts.o)
 .debug_info    0x0000000000000fe8       0xc9 c:/intelfpga/18.1/nios2eds/bin/gnu/h-x86_64-mingw32/bin/../lib/gcc/nios2-elf/5.3.0/../../../../../H-x86_64-mingw32/nios2-elf/lib/mno-hw-mul\libsmallc.a(lib_a-strlen.o)
 .debug_info    0x00000000000010b1      0xb2b c:/intelfpga/18.1/nios2eds/bin/gnu/h-x86_64-mingw32/bin/../lib/gcc/nios2-elf/5.3.0/../../../../../H-x86_64-mingw32/nios2-elf/lib/mno-hw-mul\libsmallc.a(lib_a-vfprintf.o)
 .debug_info    0x0000000000001bdc      0x62b c:/intelfpga/18.1/nios2eds/bin/gnu/h-x86_64-mingw32/bin/../lib/gcc/nios2-elf/5.3.0/../../../../../H-x86_64-mingw32/nios2-elf/lib/mno-hw-mul\libsmallc.a(lib_a-fvwrite_small_dev.o)
 .debug_info    0x0000000000002207      0x5a9 c:/intelfpga/18.1/nios2eds/bin/gnu/h-x86_64-mingw32/bin/../lib/gcc/nios2-elf/5.3.0/../../../../../H-x86_64-mingw32/nios2-elf/lib/mno-hw-mul\libsmallc.a(lib_a-impure.o)
 .debug_info    0x00000000000027b0      0x630 c:/intelfpga/18.1/nios2eds/bin/gnu/h-x86_64-mingw32/bin/../lib/gcc/nios2-elf/5.3.0/../../../../../H-x86_64-mingw32/nios2-elf/lib/mno-hw-mul\libsmallc.a(lib_a-writer.o)
 .debug_info    0x0000000000002de0       0x8a c:/intelfpga/18.1/nios2eds/bin/gnu/h-x86_64-mingw32/bin/../lib/gcc/nios2-elf/5.3.0/../../../../../H-x86_64-mingw32/nios2-elf/lib/mno-hw-mul\libsmallc.a(lib_a-int_errno.o)
 .debug_info    0x0000000000002e6a      0x2c6 c:/intelfpga/18.1/nios2eds/bin/gnu/h-x86_64-mingw32/bin/../lib/gcc/nios2-elf/5.3.0/mno-hw-mul\libgcc.a(lib2-divmod.o)
 .debug_info    0x0000000000003130       0xb4 c:/intelfpga/18.1/nios2eds/bin/gnu/h-x86_64-mingw32/bin/../lib/gcc/nios2-elf/5.3.0/mno-hw-mul\libgcc.a(lib2-mul.o)
 .debug_info    0x00000000000031e4      0x38a ../l6_pt4_app_bsp/\libhal_bsp.a(alt_iic.o)
 .debug_info    0x000000000000356e      0x232 ../l6_pt4_app_bsp/\libhal_bsp.a(alt_iic_isr_register.o)
 .debug_info    0x00000000000037a0       0x6b ../l6_pt4_app_bsp/\libhal_bsp.a(alt_irq_entry.o)
 .debug_info    0x000000000000380b      0x184 ../l6_pt4_app_bsp/\libhal_bsp.a(alt_irq_handler.o)
 .debug_info    0x000000000000398f       0x88 ../l6_pt4_app_bsp/\libhal_bsp.a(alt_irq_vars.o)
 .debug_info    0x0000000000003a17      0x1c9 ../l6_pt4_app_bsp/\libhal_bsp.a(alt_load.o)
 .debug_info    0x0000000000003be0      0x20d ../l6_pt4_app_bsp/\libhal_bsp.a(alt_main.o)
 .debug_info    0x0000000000003ded      0x4f3 ../l6_pt4_app_bsp/\libhal_bsp.a(alt_write.o)
 .debug_info    0x00000000000042e0      0x41c ../l6_pt4_app_bsp/\libhal_bsp.a(alt_sys_init.o)
 .debug_info    0x00000000000046fc      0x3f5 ../l6_pt4_app_bsp/\libhal_bsp.a(altera_avalon_jtag_uart_fd.o)
 .debug_info    0x0000000000004af1      0x1b4 ../l6_pt4_app_bsp/\libhal_bsp.a(altera_avalon_jtag_uart_read.o)
 .debug_info    0x0000000000004ca5      0x197 ../l6_pt4_app_bsp/\libhal_bsp.a(altera_avalon_jtag_uart_write.o)
 .debug_info    0x0000000000004e3c      0x354 ../l6_pt4_app_bsp/\libhal_bsp.a(alt_close.o)
 .debug_info    0x0000000000005190       0x92 ../l6_pt4_app_bsp/\libhal_bsp.a(alt_dcache_flush_all.o)
 .debug_info    0x0000000000005222      0x499 ../l6_pt4_app_bsp/\libhal_bsp.a(alt_dev.o)
 .debug_info    0x00000000000056bb      0x1b3 ../l6_pt4_app_bsp/\libhal_bsp.a(alt_dev_llist_insert.o)
 .debug_info    0x000000000000586e       0x84 ../l6_pt4_app_bsp/\libhal_bsp.a(alt_do_ctors.o)
 .debug_info    0x00000000000058f2       0x84 ../l6_pt4_app_bsp/\libhal_bsp.a(alt_do_dtors.o)
 .debug_info    0x0000000000005976       0xa6 ../l6_pt4_app_bsp/\libhal_bsp.a(alt_errno.o)
 .debug_info    0x0000000000005a1c       0x71 ../l6_pt4_app_bsp/\libhal_bsp.a(alt_exception_entry.o)
 .debug_info    0x0000000000005a8d       0x92 ../l6_pt4_app_bsp/\libhal_bsp.a(alt_icache_flush_all.o)
 .debug_info    0x0000000000005b1f      0x1fd ../l6_pt4_app_bsp/\libhal_bsp.a(alt_instruction_exception_entry.o)
 .debug_info    0x0000000000005d1c      0x567 ../l6_pt4_app_bsp/\libhal_bsp.a(alt_io_redirect.o)
 .debug_info    0x0000000000006283      0x480 ../l6_pt4_app_bsp/\libhal_bsp.a(alt_open.o)
 .debug_info    0x0000000000006703      0x2b1 ../l6_pt4_app_bsp/\libhal_bsp.a(alt_release_fd.o)
 .debug_info    0x00000000000069b4       0x92 ../l6_pt4_app_bsp/\libhal_bsp.a(altera_nios2_gen2_irq.o)
 .debug_info    0x0000000000006a46      0x32d ../l6_pt4_app_bsp/\libhal_bsp.a(alt_find_dev.o)
 .debug_info    0x0000000000006d73      0x329 ../l6_pt4_app_bsp/\libhal_bsp.a(alt_find_file.o)
 .debug_info    0x000000000000709c      0x313 ../l6_pt4_app_bsp/\libhal_bsp.a(alt_get_fd.o)
 .debug_info    0x00000000000073af       0xfe c:/intelfpga/18.1/nios2eds/bin/gnu/h-x86_64-mingw32/bin/../lib/gcc/nios2-elf/5.3.0/../../../../../H-x86_64-mingw32/nios2-elf/lib/mno-hw-mul\libsmallc.a(lib_a-atexit.o)
 .debug_info    0x00000000000074ad       0xe5 c:/intelfpga/18.1/nios2eds/bin/gnu/h-x86_64-mingw32/bin/../lib/gcc/nios2-elf/5.3.0/../../../../../H-x86_64-mingw32/nios2-elf/lib/mno-hw-mul\libsmallc.a(lib_a-exit.o)
 .debug_info    0x0000000000007592       0xf4 c:/intelfpga/18.1/nios2eds/bin/gnu/h-x86_64-mingw32/bin/../lib/gcc/nios2-elf/5.3.0/../../../../../H-x86_64-mingw32/nios2-elf/lib/mno-hw-mul\libsmallc.a(lib_a-memcmp.o)
 .debug_info    0x0000000000007686      0x64a c:/intelfpga/18.1/nios2eds/bin/gnu/h-x86_64-mingw32/bin/../lib/gcc/nios2-elf/5.3.0/../../../../../H-x86_64-mingw32/nios2-elf/lib/mno-hw-mul\libsmallc.a(lib_a-__atexit.o)
 .debug_info    0x0000000000007cd0      0x67b c:/intelfpga/18.1/nios2eds/bin/gnu/h-x86_64-mingw32/bin/../lib/gcc/nios2-elf/5.3.0/../../../../../H-x86_64-mingw32/nios2-elf/lib/mno-hw-mul\libsmallc.a(lib_a-__call_atexit.o)
 .debug_info    0x000000000000834b       0xea ../l6_pt4_app_bsp/\libhal_bsp.a(alt_exit.o)

.debug_abbrev   0x0000000000000000     0x2e98
 *(.debug_abbrev)
 .debug_abbrev  0x0000000000000000       0x12 ../l6_pt4_app_bsp//obj/HAL/src/crt0.o
 .debug_abbrev  0x0000000000000012       0xdc obj/default/main.o
 .debug_abbrev  0x00000000000000ee      0x1ee c:/intelfpga/18.1/nios2eds/bin/gnu/h-x86_64-mingw32/bin/../lib/gcc/nios2-elf/5.3.0/../../../../../H-x86_64-mingw32/nios2-elf/lib/mno-hw-mul\libsmallc.a(lib_a-printf.o)
 .debug_abbrev  0x00000000000002dc      0x1d6 c:/intelfpga/18.1/nios2eds/bin/gnu/h-x86_64-mingw32/bin/../lib/gcc/nios2-elf/5.3.0/../../../../../H-x86_64-mingw32/nios2-elf/lib/mno-hw-mul\libsmallc.a(lib_a-puts.o)
 .debug_abbrev  0x00000000000004b2       0x7f c:/intelfpga/18.1/nios2eds/bin/gnu/h-x86_64-mingw32/bin/../lib/gcc/nios2-elf/5.3.0/../../../../../H-x86_64-mingw32/nios2-elf/lib/mno-hw-mul\libsmallc.a(lib_a-strlen.o)
 .debug_abbrev  0x0000000000000531      0x2a1 c:/intelfpga/18.1/nios2eds/bin/gnu/h-x86_64-mingw32/bin/../lib/gcc/nios2-elf/5.3.0/../../../../../H-x86_64-mingw32/nios2-elf/lib/mno-hw-mul\libsmallc.a(lib_a-vfprintf.o)
 .debug_abbrev  0x00000000000007d2      0x1bc c:/intelfpga/18.1/nios2eds/bin/gnu/h-x86_64-mingw32/bin/../lib/gcc/nios2-elf/5.3.0/../../../../../H-x86_64-mingw32/nios2-elf/lib/mno-hw-mul\libsmallc.a(lib_a-fvwrite_small_dev.o)
 .debug_abbrev  0x000000000000098e      0x14a c:/intelfpga/18.1/nios2eds/bin/gnu/h-x86_64-mingw32/bin/../lib/gcc/nios2-elf/5.3.0/../../../../../H-x86_64-mingw32/nios2-elf/lib/mno-hw-mul\libsmallc.a(lib_a-impure.o)
 .debug_abbrev  0x0000000000000ad8      0x1a6 c:/intelfpga/18.1/nios2eds/bin/gnu/h-x86_64-mingw32/bin/../lib/gcc/nios2-elf/5.3.0/../../../../../H-x86_64-mingw32/nios2-elf/lib/mno-hw-mul\libsmallc.a(lib_a-writer.o)
 .debug_abbrev  0x0000000000000c7e       0x37 c:/intelfpga/18.1/nios2eds/bin/gnu/h-x86_64-mingw32/bin/../lib/gcc/nios2-elf/5.3.0/../../../../../H-x86_64-mingw32/nios2-elf/lib/mno-hw-mul\libsmallc.a(lib_a-int_errno.o)
 .debug_abbrev  0x0000000000000cb5      0x10e c:/intelfpga/18.1/nios2eds/bin/gnu/h-x86_64-mingw32/bin/../lib/gcc/nios2-elf/5.3.0/mno-hw-mul\libgcc.a(lib2-divmod.o)
 .debug_abbrev  0x0000000000000dc3       0x6f c:/intelfpga/18.1/nios2eds/bin/gnu/h-x86_64-mingw32/bin/../lib/gcc/nios2-elf/5.3.0/mno-hw-mul\libgcc.a(lib2-mul.o)
 .debug_abbrev  0x0000000000000e32      0x1a0 ../l6_pt4_app_bsp/\libhal_bsp.a(alt_iic.o)
 .debug_abbrev  0x0000000000000fd2      0x19c ../l6_pt4_app_bsp/\libhal_bsp.a(alt_iic_isr_register.o)
 .debug_abbrev  0x000000000000116e       0x12 ../l6_pt4_app_bsp/\libhal_bsp.a(alt_irq_entry.o)
 .debug_abbrev  0x0000000000001180      0x120 ../l6_pt4_app_bsp/\libhal_bsp.a(alt_irq_handler.o)
 .debug_abbrev  0x00000000000012a0       0x40 ../l6_pt4_app_bsp/\libhal_bsp.a(alt_irq_vars.o)
 .debug_abbrev  0x00000000000012e0       0xd8 ../l6_pt4_app_bsp/\libhal_bsp.a(alt_load.o)
 .debug_abbrev  0x00000000000013b8       0xfd ../l6_pt4_app_bsp/\libhal_bsp.a(alt_main.o)
 .debug_abbrev  0x00000000000014b5      0x152 ../l6_pt4_app_bsp/\libhal_bsp.a(alt_write.o)
 .debug_abbrev  0x0000000000001607      0x194 ../l6_pt4_app_bsp/\libhal_bsp.a(alt_sys_init.o)
 .debug_abbrev  0x000000000000179b      0x122 ../l6_pt4_app_bsp/\libhal_bsp.a(altera_avalon_jtag_uart_fd.o)
 .debug_abbrev  0x00000000000018bd      0x102 ../l6_pt4_app_bsp/\libhal_bsp.a(altera_avalon_jtag_uart_read.o)
 .debug_abbrev  0x00000000000019bf       0xd5 ../l6_pt4_app_bsp/\libhal_bsp.a(altera_avalon_jtag_uart_write.o)
 .debug_abbrev  0x0000000000001a94      0x14f ../l6_pt4_app_bsp/\libhal_bsp.a(alt_close.o)
 .debug_abbrev  0x0000000000001be3       0x42 ../l6_pt4_app_bsp/\libhal_bsp.a(alt_dcache_flush_all.o)
 .debug_abbrev  0x0000000000001c25       0xd9 ../l6_pt4_app_bsp/\libhal_bsp.a(alt_dev.o)
 .debug_abbrev  0x0000000000001cfe      0x11c ../l6_pt4_app_bsp/\libhal_bsp.a(alt_dev_llist_insert.o)
 .debug_abbrev  0x0000000000001e1a       0x79 ../l6_pt4_app_bsp/\libhal_bsp.a(alt_do_ctors.o)
 .debug_abbrev  0x0000000000001e93       0x79 ../l6_pt4_app_bsp/\libhal_bsp.a(alt_do_dtors.o)
 .debug_abbrev  0x0000000000001f0c       0x5a ../l6_pt4_app_bsp/\libhal_bsp.a(alt_errno.o)
 .debug_abbrev  0x0000000000001f66       0x12 ../l6_pt4_app_bsp/\libhal_bsp.a(alt_exception_entry.o)
 .debug_abbrev  0x0000000000001f78       0x42 ../l6_pt4_app_bsp/\libhal_bsp.a(alt_icache_flush_all.o)
 .debug_abbrev  0x0000000000001fba       0xe7 ../l6_pt4_app_bsp/\libhal_bsp.a(alt_instruction_exception_entry.o)
 .debug_abbrev  0x00000000000020a1      0x189 ../l6_pt4_app_bsp/\libhal_bsp.a(alt_io_redirect.o)
 .debug_abbrev  0x000000000000222a      0x1be ../l6_pt4_app_bsp/\libhal_bsp.a(alt_open.o)
 .debug_abbrev  0x00000000000023e8       0xde ../l6_pt4_app_bsp/\libhal_bsp.a(alt_release_fd.o)
 .debug_abbrev  0x00000000000024c6       0x42 ../l6_pt4_app_bsp/\libhal_bsp.a(altera_nios2_gen2_irq.o)
 .debug_abbrev  0x0000000000002508      0x125 ../l6_pt4_app_bsp/\libhal_bsp.a(alt_find_dev.o)
 .debug_abbrev  0x000000000000262d      0x125 ../l6_pt4_app_bsp/\libhal_bsp.a(alt_find_file.o)
 .debug_abbrev  0x0000000000002752      0x10d ../l6_pt4_app_bsp/\libhal_bsp.a(alt_get_fd.o)
 .debug_abbrev  0x000000000000285f       0xaa c:/intelfpga/18.1/nios2eds/bin/gnu/h-x86_64-mingw32/bin/../lib/gcc/nios2-elf/5.3.0/../../../../../H-x86_64-mingw32/nios2-elf/lib/mno-hw-mul\libsmallc.a(lib_a-atexit.o)
 .debug_abbrev  0x0000000000002909       0x8b c:/intelfpga/18.1/nios2eds/bin/gnu/h-x86_64-mingw32/bin/../lib/gcc/nios2-elf/5.3.0/../../../../../H-x86_64-mingw32/nios2-elf/lib/mno-hw-mul\libsmallc.a(lib_a-exit.o)
 .debug_abbrev  0x0000000000002994       0x7f c:/intelfpga/18.1/nios2eds/bin/gnu/h-x86_64-mingw32/bin/../lib/gcc/nios2-elf/5.3.0/../../../../../H-x86_64-mingw32/nios2-elf/lib/mno-hw-mul\libsmallc.a(lib_a-memcmp.o)
 .debug_abbrev  0x0000000000002a13      0x1e6 c:/intelfpga/18.1/nios2eds/bin/gnu/h-x86_64-mingw32/bin/../lib/gcc/nios2-elf/5.3.0/../../../../../H-x86_64-mingw32/nios2-elf/lib/mno-hw-mul\libsmallc.a(lib_a-__atexit.o)
 .debug_abbrev  0x0000000000002bf9      0x1f6 c:/intelfpga/18.1/nios2eds/bin/gnu/h-x86_64-mingw32/bin/../lib/gcc/nios2-elf/5.3.0/../../../../../H-x86_64-mingw32/nios2-elf/lib/mno-hw-mul\libsmallc.a(lib_a-__call_atexit.o)
 .debug_abbrev  0x0000000000002def       0xa9 ../l6_pt4_app_bsp/\libhal_bsp.a(alt_exit.o)

.debug_line     0x0000000000000000     0x30c7
 *(.debug_line)
 .debug_line    0x0000000000000000       0x66 ../l6_pt4_app_bsp//obj/HAL/src/crt0.o
 .debug_line    0x0000000000000066       0xb0 obj/default/main.o
 .debug_line    0x0000000000000116      0x203 c:/intelfpga/18.1/nios2eds/bin/gnu/h-x86_64-mingw32/bin/../lib/gcc/nios2-elf/5.3.0/../../../../../H-x86_64-mingw32/nios2-elf/lib/mno-hw-mul\libsmallc.a(lib_a-printf.o)
 .debug_line    0x0000000000000319      0x206 c:/intelfpga/18.1/nios2eds/bin/gnu/h-x86_64-mingw32/bin/../lib/gcc/nios2-elf/5.3.0/../../../../../H-x86_64-mingw32/nios2-elf/lib/mno-hw-mul\libsmallc.a(lib_a-puts.o)
 .debug_line    0x000000000000051f      0x15c c:/intelfpga/18.1/nios2eds/bin/gnu/h-x86_64-mingw32/bin/../lib/gcc/nios2-elf/5.3.0/../../../../../H-x86_64-mingw32/nios2-elf/lib/mno-hw-mul\libsmallc.a(lib_a-strlen.o)
 .debug_line    0x000000000000067b      0x351 c:/intelfpga/18.1/nios2eds/bin/gnu/h-x86_64-mingw32/bin/../lib/gcc/nios2-elf/5.3.0/../../../../../H-x86_64-mingw32/nios2-elf/lib/mno-hw-mul\libsmallc.a(lib_a-vfprintf.o)
 .debug_line    0x00000000000009cc      0x1f0 c:/intelfpga/18.1/nios2eds/bin/gnu/h-x86_64-mingw32/bin/../lib/gcc/nios2-elf/5.3.0/../../../../../H-x86_64-mingw32/nios2-elf/lib/mno-hw-mul\libsmallc.a(lib_a-fvwrite_small_dev.o)
 .debug_line    0x0000000000000bbc      0x156 c:/intelfpga/18.1/nios2eds/bin/gnu/h-x86_64-mingw32/bin/../lib/gcc/nios2-elf/5.3.0/../../../../../H-x86_64-mingw32/nios2-elf/lib/mno-hw-mul\libsmallc.a(lib_a-impure.o)
 .debug_line    0x0000000000000d12      0x1ed c:/intelfpga/18.1/nios2eds/bin/gnu/h-x86_64-mingw32/bin/../lib/gcc/nios2-elf/5.3.0/../../../../../H-x86_64-mingw32/nios2-elf/lib/mno-hw-mul\libsmallc.a(lib_a-writer.o)
 .debug_line    0x0000000000000eff       0x5f c:/intelfpga/18.1/nios2eds/bin/gnu/h-x86_64-mingw32/bin/../lib/gcc/nios2-elf/5.3.0/../../../../../H-x86_64-mingw32/nios2-elf/lib/mno-hw-mul\libsmallc.a(lib_a-int_errno.o)
 .debug_line    0x0000000000000f5e      0x105 c:/intelfpga/18.1/nios2eds/bin/gnu/h-x86_64-mingw32/bin/../lib/gcc/nios2-elf/5.3.0/mno-hw-mul\libgcc.a(lib2-divmod.o)
 .debug_line    0x0000000000001063       0x80 c:/intelfpga/18.1/nios2eds/bin/gnu/h-x86_64-mingw32/bin/../lib/gcc/nios2-elf/5.3.0/mno-hw-mul\libgcc.a(lib2-mul.o)
 .debug_line    0x00000000000010e3       0xf1 ../l6_pt4_app_bsp/\libhal_bsp.a(alt_iic.o)
 .debug_line    0x00000000000011d4       0xd6 ../l6_pt4_app_bsp/\libhal_bsp.a(alt_iic_isr_register.o)
 .debug_line    0x00000000000012aa       0x6b ../l6_pt4_app_bsp/\libhal_bsp.a(alt_irq_entry.o)
 .debug_line    0x0000000000001315       0xa5 ../l6_pt4_app_bsp/\libhal_bsp.a(alt_irq_handler.o)
 .debug_line    0x00000000000013ba       0x50 ../l6_pt4_app_bsp/\libhal_bsp.a(alt_irq_vars.o)
 .debug_line    0x000000000000140a       0xa4 ../l6_pt4_app_bsp/\libhal_bsp.a(alt_load.o)
 .debug_line    0x00000000000014ae      0x16f ../l6_pt4_app_bsp/\libhal_bsp.a(alt_main.o)
 .debug_line    0x000000000000161d      0x1c0 ../l6_pt4_app_bsp/\libhal_bsp.a(alt_write.o)
 .debug_line    0x00000000000017dd      0x143 ../l6_pt4_app_bsp/\libhal_bsp.a(alt_sys_init.o)
 .debug_line    0x0000000000001920      0x10b ../l6_pt4_app_bsp/\libhal_bsp.a(altera_avalon_jtag_uart_fd.o)
 .debug_line    0x0000000000001a2b       0xfb ../l6_pt4_app_bsp/\libhal_bsp.a(altera_avalon_jtag_uart_read.o)
 .debug_line    0x0000000000001b26       0xf0 ../l6_pt4_app_bsp/\libhal_bsp.a(altera_avalon_jtag_uart_write.o)
 .debug_line    0x0000000000001c16      0x149 ../l6_pt4_app_bsp/\libhal_bsp.a(alt_close.o)
 .debug_line    0x0000000000001d5f       0x4e ../l6_pt4_app_bsp/\libhal_bsp.a(alt_dcache_flush_all.o)
 .debug_line    0x0000000000001dad       0xf1 ../l6_pt4_app_bsp/\libhal_bsp.a(alt_dev.o)
 .debug_line    0x0000000000001e9e       0xd8 ../l6_pt4_app_bsp/\libhal_bsp.a(alt_dev_llist_insert.o)
 .debug_line    0x0000000000001f76       0x60 ../l6_pt4_app_bsp/\libhal_bsp.a(alt_do_ctors.o)
 .debug_line    0x0000000000001fd6       0x60 ../l6_pt4_app_bsp/\libhal_bsp.a(alt_do_dtors.o)
 .debug_line    0x0000000000002036       0x51 ../l6_pt4_app_bsp/\libhal_bsp.a(alt_errno.o)
 .debug_line    0x0000000000002087       0xb3 ../l6_pt4_app_bsp/\libhal_bsp.a(alt_exception_entry.o)
 .debug_line    0x000000000000213a       0x4e ../l6_pt4_app_bsp/\libhal_bsp.a(alt_icache_flush_all.o)
 .debug_line    0x0000000000002188       0xbf ../l6_pt4_app_bsp/\libhal_bsp.a(alt_instruction_exception_entry.o)
 .debug_line    0x0000000000002247      0x148 ../l6_pt4_app_bsp/\libhal_bsp.a(alt_io_redirect.o)
 .debug_line    0x000000000000238f      0x104 ../l6_pt4_app_bsp/\libhal_bsp.a(alt_open.o)
 .debug_line    0x0000000000002493       0xb1 ../l6_pt4_app_bsp/\libhal_bsp.a(alt_release_fd.o)
 .debug_line    0x0000000000002544       0x50 ../l6_pt4_app_bsp/\libhal_bsp.a(altera_nios2_gen2_irq.o)
 .debug_line    0x0000000000002594      0x102 ../l6_pt4_app_bsp/\libhal_bsp.a(alt_find_dev.o)
 .debug_line    0x0000000000002696      0x11a ../l6_pt4_app_bsp/\libhal_bsp.a(alt_find_file.o)
 .debug_line    0x00000000000027b0       0xd4 ../l6_pt4_app_bsp/\libhal_bsp.a(alt_get_fd.o)
 .debug_line    0x0000000000002884       0xe7 c:/intelfpga/18.1/nios2eds/bin/gnu/h-x86_64-mingw32/bin/../lib/gcc/nios2-elf/5.3.0/../../../../../H-x86_64-mingw32/nios2-elf/lib/mno-hw-mul\libsmallc.a(lib_a-atexit.o)
 .debug_line    0x000000000000296b      0x159 c:/intelfpga/18.1/nios2eds/bin/gnu/h-x86_64-mingw32/bin/../lib/gcc/nios2-elf/5.3.0/../../../../../H-x86_64-mingw32/nios2-elf/lib/mno-hw-mul\libsmallc.a(lib_a-exit.o)
 .debug_line    0x0000000000002ac4      0x160 c:/intelfpga/18.1/nios2eds/bin/gnu/h-x86_64-mingw32/bin/../lib/gcc/nios2-elf/5.3.0/../../../../../H-x86_64-mingw32/nios2-elf/lib/mno-hw-mul\libsmallc.a(lib_a-memcmp.o)
 .debug_line    0x0000000000002c24      0x20d c:/intelfpga/18.1/nios2eds/bin/gnu/h-x86_64-mingw32/bin/../lib/gcc/nios2-elf/5.3.0/../../../../../H-x86_64-mingw32/nios2-elf/lib/mno-hw-mul\libsmallc.a(lib_a-__atexit.o)
 .debug_line    0x0000000000002e31      0x232 c:/intelfpga/18.1/nios2eds/bin/gnu/h-x86_64-mingw32/bin/../lib/gcc/nios2-elf/5.3.0/../../../../../H-x86_64-mingw32/nios2-elf/lib/mno-hw-mul\libsmallc.a(lib_a-__call_atexit.o)
 .debug_line    0x0000000000003063       0x64 ../l6_pt4_app_bsp/\libhal_bsp.a(alt_exit.o)

.debug_frame    0x0000000000000000      0x968
 *(.debug_frame)
 .debug_frame   0x0000000000000000       0xcc obj/default/main.o
 .debug_frame   0x00000000000000cc       0x48 c:/intelfpga/18.1/nios2eds/bin/gnu/h-x86_64-mingw32/bin/../lib/gcc/nios2-elf/5.3.0/../../../../../H-x86_64-mingw32/nios2-elf/lib/mno-hw-mul\libsmallc.a(lib_a-printf.o)
 .debug_frame   0x0000000000000114       0x48 c:/intelfpga/18.1/nios2eds/bin/gnu/h-x86_64-mingw32/bin/../lib/gcc/nios2-elf/5.3.0/../../../../../H-x86_64-mingw32/nios2-elf/lib/mno-hw-mul\libsmallc.a(lib_a-puts.o)
 .debug_frame   0x000000000000015c       0x20 c:/intelfpga/18.1/nios2eds/bin/gnu/h-x86_64-mingw32/bin/../lib/gcc/nios2-elf/5.3.0/../../../../../H-x86_64-mingw32/nios2-elf/lib/mno-hw-mul\libsmallc.a(lib_a-strlen.o)
 .debug_frame   0x000000000000017c       0x8c c:/intelfpga/18.1/nios2eds/bin/gnu/h-x86_64-mingw32/bin/../lib/gcc/nios2-elf/5.3.0/../../../../../H-x86_64-mingw32/nios2-elf/lib/mno-hw-mul\libsmallc.a(lib_a-vfprintf.o)
 .debug_frame   0x0000000000000208       0x58 c:/intelfpga/18.1/nios2eds/bin/gnu/h-x86_64-mingw32/bin/../lib/gcc/nios2-elf/5.3.0/../../../../../H-x86_64-mingw32/nios2-elf/lib/mno-hw-mul\libsmallc.a(lib_a-fvwrite_small_dev.o)
 .debug_frame   0x0000000000000260       0x38 c:/intelfpga/18.1/nios2eds/bin/gnu/h-x86_64-mingw32/bin/../lib/gcc/nios2-elf/5.3.0/../../../../../H-x86_64-mingw32/nios2-elf/lib/mno-hw-mul\libsmallc.a(lib_a-writer.o)
 .debug_frame   0x0000000000000298       0x50 c:/intelfpga/18.1/nios2eds/bin/gnu/h-x86_64-mingw32/bin/../lib/gcc/nios2-elf/5.3.0/mno-hw-mul\libgcc.a(lib2-divmod.o)
 .debug_frame   0x00000000000002e8       0x20 c:/intelfpga/18.1/nios2eds/bin/gnu/h-x86_64-mingw32/bin/../lib/gcc/nios2-elf/5.3.0/mno-hw-mul\libgcc.a(lib2-mul.o)
 .debug_frame   0x0000000000000308       0x50 ../l6_pt4_app_bsp/\libhal_bsp.a(alt_iic.o)
 .debug_frame   0x0000000000000358       0x30 ../l6_pt4_app_bsp/\libhal_bsp.a(alt_iic_isr_register.o)
 .debug_frame   0x0000000000000388       0x34 ../l6_pt4_app_bsp/\libhal_bsp.a(alt_irq_handler.o)
 .debug_frame   0x00000000000003bc       0x30 ../l6_pt4_app_bsp/\libhal_bsp.a(alt_load.o)
 .debug_frame   0x00000000000003ec       0x28 ../l6_pt4_app_bsp/\libhal_bsp.a(alt_main.o)
 .debug_frame   0x0000000000000414       0x50 ../l6_pt4_app_bsp/\libhal_bsp.a(alt_write.o)
 .debug_frame   0x0000000000000464       0x3c ../l6_pt4_app_bsp/\libhal_bsp.a(alt_sys_init.o)
 .debug_frame   0x00000000000004a0       0x30 ../l6_pt4_app_bsp/\libhal_bsp.a(altera_avalon_jtag_uart_fd.o)
 .debug_frame   0x00000000000004d0       0x20 ../l6_pt4_app_bsp/\libhal_bsp.a(altera_avalon_jtag_uart_read.o)
 .debug_frame   0x00000000000004f0       0x20 ../l6_pt4_app_bsp/\libhal_bsp.a(altera_avalon_jtag_uart_write.o)
 .debug_frame   0x0000000000000510       0x34 ../l6_pt4_app_bsp/\libhal_bsp.a(alt_close.o)
 .debug_frame   0x0000000000000544       0x20 ../l6_pt4_app_bsp/\libhal_bsp.a(alt_dcache_flush_all.o)
 .debug_frame   0x0000000000000564       0x20 ../l6_pt4_app_bsp/\libhal_bsp.a(alt_dev.o)
 .debug_frame   0x0000000000000584       0x2c ../l6_pt4_app_bsp/\libhal_bsp.a(alt_dev_llist_insert.o)
 .debug_frame   0x00000000000005b0       0x34 ../l6_pt4_app_bsp/\libhal_bsp.a(alt_do_ctors.o)
 .debug_frame   0x00000000000005e4       0x34 ../l6_pt4_app_bsp/\libhal_bsp.a(alt_do_dtors.o)
 .debug_frame   0x0000000000000618       0x20 ../l6_pt4_app_bsp/\libhal_bsp.a(alt_icache_flush_all.o)
 .debug_frame   0x0000000000000638       0x30 ../l6_pt4_app_bsp/\libhal_bsp.a(alt_instruction_exception_entry.o)
 .debug_frame   0x0000000000000668       0x74 ../l6_pt4_app_bsp/\libhal_bsp.a(alt_io_redirect.o)
 .debug_frame   0x00000000000006dc       0x54 ../l6_pt4_app_bsp/\libhal_bsp.a(alt_open.o)
 .debug_frame   0x0000000000000730       0x34 ../l6_pt4_app_bsp/\libhal_bsp.a(alt_release_fd.o)
 .debug_frame   0x0000000000000764       0x20 ../l6_pt4_app_bsp/\libhal_bsp.a(altera_nios2_gen2_irq.o)
 .debug_frame   0x0000000000000784       0x3c ../l6_pt4_app_bsp/\libhal_bsp.a(alt_find_dev.o)
 .debug_frame   0x00000000000007c0       0x44 ../l6_pt4_app_bsp/\libhal_bsp.a(alt_find_file.o)
 .debug_frame   0x0000000000000804       0x40 ../l6_pt4_app_bsp/\libhal_bsp.a(alt_get_fd.o)
 .debug_frame   0x0000000000000844       0x20 c:/intelfpga/18.1/nios2eds/bin/gnu/h-x86_64-mingw32/bin/../lib/gcc/nios2-elf/5.3.0/../../../../../H-x86_64-mingw32/nios2-elf/lib/mno-hw-mul\libsmallc.a(lib_a-atexit.o)
 .debug_frame   0x0000000000000864       0x28 c:/intelfpga/18.1/nios2eds/bin/gnu/h-x86_64-mingw32/bin/../lib/gcc/nios2-elf/5.3.0/../../../../../H-x86_64-mingw32/nios2-elf/lib/mno-hw-mul\libsmallc.a(lib_a-exit.o)
 .debug_frame   0x000000000000088c       0x20 c:/intelfpga/18.1/nios2eds/bin/gnu/h-x86_64-mingw32/bin/../lib/gcc/nios2-elf/5.3.0/../../../../../H-x86_64-mingw32/nios2-elf/lib/mno-hw-mul\libsmallc.a(lib_a-memcmp.o)
 .debug_frame   0x00000000000008ac       0x48 c:/intelfpga/18.1/nios2eds/bin/gnu/h-x86_64-mingw32/bin/../lib/gcc/nios2-elf/5.3.0/../../../../../H-x86_64-mingw32/nios2-elf/lib/mno-hw-mul\libsmallc.a(lib_a-__atexit.o)
 .debug_frame   0x00000000000008f4       0x54 c:/intelfpga/18.1/nios2eds/bin/gnu/h-x86_64-mingw32/bin/../lib/gcc/nios2-elf/5.3.0/../../../../../H-x86_64-mingw32/nios2-elf/lib/mno-hw-mul\libsmallc.a(lib_a-__call_atexit.o)
 .debug_frame   0x0000000000000948       0x20 ../l6_pt4_app_bsp/\libhal_bsp.a(alt_exit.o)

.debug_str      0x0000000000000000     0x1d8d
 *(.debug_str)
 .debug_str     0x0000000000000000      0x19c obj/default/main.o
                                        0x1e9 (size before relaxing)
 .debug_str     0x000000000000019c      0x421 c:/intelfpga/18.1/nios2eds/bin/gnu/h-x86_64-mingw32/bin/../lib/gcc/nios2-elf/5.3.0/../../../../../H-x86_64-mingw32/nios2-elf/lib/mno-hw-mul\libsmallc.a(lib_a-printf.o)
                                        0x504 (size before relaxing)
 .debug_str     0x00000000000005bd       0x63 c:/intelfpga/18.1/nios2eds/bin/gnu/h-x86_64-mingw32/bin/../lib/gcc/nios2-elf/5.3.0/../../../../../H-x86_64-mingw32/nios2-elf/lib/mno-hw-mul\libsmallc.a(lib_a-puts.o)
                                        0x4cd (size before relaxing)
 .debug_str     0x0000000000000620       0xd2 c:/intelfpga/18.1/nios2eds/bin/gnu/h-x86_64-mingw32/bin/../lib/gcc/nios2-elf/5.3.0/../../../../../H-x86_64-mingw32/nios2-elf/lib/mno-hw-mul\libsmallc.a(lib_a-strlen.o)
                                        0x1e5 (size before relaxing)
 .debug_str     0x00000000000006f2      0x1f2 c:/intelfpga/18.1/nios2eds/bin/gnu/h-x86_64-mingw32/bin/../lib/gcc/nios2-elf/5.3.0/../../../../../H-x86_64-mingw32/nios2-elf/lib/mno-hw-mul\libsmallc.a(lib_a-vfprintf.o)
                                        0x67f (size before relaxing)
 .debug_str     0x00000000000008e4       0x63 c:/intelfpga/18.1/nios2eds/bin/gnu/h-x86_64-mingw32/bin/../lib/gcc/nios2-elf/5.3.0/../../../../../H-x86_64-mingw32/nios2-elf/lib/mno-hw-mul\libsmallc.a(lib_a-fvwrite_small_dev.o)
                                        0x4d4 (size before relaxing)
 .debug_str     0x0000000000000947       0xef c:/intelfpga/18.1/nios2eds/bin/gnu/h-x86_64-mingw32/bin/../lib/gcc/nios2-elf/5.3.0/../../../../../H-x86_64-mingw32/nios2-elf/lib/mno-hw-mul\libsmallc.a(lib_a-impure.o)
                                        0x4be (size before relaxing)
 .debug_str     0x0000000000000a36       0x45 c:/intelfpga/18.1/nios2eds/bin/gnu/h-x86_64-mingw32/bin/../lib/gcc/nios2-elf/5.3.0/../../../../../H-x86_64-mingw32/nios2-elf/lib/mno-hw-mul\libsmallc.a(lib_a-writer.o)
                                        0x4b8 (size before relaxing)
 .debug_str     0x0000000000000a7b       0x3f c:/intelfpga/18.1/nios2eds/bin/gnu/h-x86_64-mingw32/bin/../lib/gcc/nios2-elf/5.3.0/../../../../../H-x86_64-mingw32/nios2-elf/lib/mno-hw-mul\libsmallc.a(lib_a-int_errno.o)
                                        0x1d8 (size before relaxing)
 .debug_str     0x0000000000000aba      0x187 c:/intelfpga/18.1/nios2eds/bin/gnu/h-x86_64-mingw32/bin/../lib/gcc/nios2-elf/5.3.0/mno-hw-mul\libgcc.a(lib2-divmod.o)
                                        0x1d2 (size before relaxing)
 .debug_str     0x0000000000000c41       0x40 c:/intelfpga/18.1/nios2eds/bin/gnu/h-x86_64-mingw32/bin/../lib/gcc/nios2-elf/5.3.0/mno-hw-mul\libgcc.a(lib2-mul.o)
                                        0x193 (size before relaxing)
 .debug_str     0x0000000000000c81      0x18f ../l6_pt4_app_bsp/\libhal_bsp.a(alt_iic.o)
                                        0x247 (size before relaxing)
 .debug_str     0x0000000000000e10       0x37 ../l6_pt4_app_bsp/\libhal_bsp.a(alt_iic_isr_register.o)
                                        0x201 (size before relaxing)
 .debug_str     0x0000000000000e47       0x3a ../l6_pt4_app_bsp/\libhal_bsp.a(alt_irq_handler.o)
                                        0x18b (size before relaxing)
 .debug_str     0x0000000000000e81       0x17 ../l6_pt4_app_bsp/\libhal_bsp.a(alt_irq_vars.o)
                                        0x12e (size before relaxing)
 .debug_str     0x0000000000000e98      0x113 ../l6_pt4_app_bsp/\libhal_bsp.a(alt_load.o)
                                        0x230 (size before relaxing)
 .debug_str     0x0000000000000fab       0xaa ../l6_pt4_app_bsp/\libhal_bsp.a(alt_main.o)
                                        0x1dc (size before relaxing)
 .debug_str     0x0000000000001055      0x160 ../l6_pt4_app_bsp/\libhal_bsp.a(alt_write.o)
                                        0x2ec (size before relaxing)
 .debug_str     0x00000000000011b5      0x11b ../l6_pt4_app_bsp/\libhal_bsp.a(alt_sys_init.o)
                                        0x2f8 (size before relaxing)
 .debug_str     0x00000000000012d0       0xb2 ../l6_pt4_app_bsp/\libhal_bsp.a(altera_avalon_jtag_uart_fd.o)
                                        0x304 (size before relaxing)
 .debug_str     0x0000000000001382       0x2b ../l6_pt4_app_bsp/\libhal_bsp.a(altera_avalon_jtag_uart_read.o)
                                        0x213 (size before relaxing)
 .debug_str     0x00000000000013ad       0x2c ../l6_pt4_app_bsp/\libhal_bsp.a(altera_avalon_jtag_uart_write.o)
                                        0x209 (size before relaxing)
 .debug_str     0x00000000000013d9       0x2a ../l6_pt4_app_bsp/\libhal_bsp.a(alt_close.o)
                                        0x20e (size before relaxing)
 .debug_str     0x0000000000001403       0x1f ../l6_pt4_app_bsp/\libhal_bsp.a(alt_dcache_flush_all.o)
                                        0x149 (size before relaxing)
 .debug_str     0x0000000000001422       0x50 ../l6_pt4_app_bsp/\libhal_bsp.a(alt_dev.o)
                                        0x2f9 (size before relaxing)
 .debug_str     0x0000000000001472       0x30 ../l6_pt4_app_bsp/\libhal_bsp.a(alt_dev_llist_insert.o)
                                        0x1c0 (size before relaxing)
 .debug_str     0x00000000000014a2       0x3e ../l6_pt4_app_bsp/\libhal_bsp.a(alt_do_ctors.o)
                                         0xc4 (size before relaxing)
 .debug_str     0x00000000000014e0       0x4c ../l6_pt4_app_bsp/\libhal_bsp.a(alt_do_dtors.o)
                                         0xc3 (size before relaxing)
 .debug_str     0x000000000000152c       0x14 ../l6_pt4_app_bsp/\libhal_bsp.a(alt_errno.o)
                                        0x139 (size before relaxing)
 .debug_str     0x0000000000001540       0x1f ../l6_pt4_app_bsp/\libhal_bsp.a(alt_icache_flush_all.o)
                                        0x149 (size before relaxing)
 .debug_str     0x000000000000155f      0x48b ../l6_pt4_app_bsp/\libhal_bsp.a(alt_instruction_exception_entry.o)
                                        0x594 (size before relaxing)
 .debug_str     0x00000000000019ea       0x46 ../l6_pt4_app_bsp/\libhal_bsp.a(alt_io_redirect.o)
                                        0x319 (size before relaxing)
 .debug_str     0x0000000000001a30       0x55 ../l6_pt4_app_bsp/\libhal_bsp.a(alt_open.o)
                                        0x274 (size before relaxing)
 .debug_str     0x0000000000001a85       0x19 ../l6_pt4_app_bsp/\libhal_bsp.a(alt_release_fd.o)
                                        0x1c7 (size before relaxing)
 .debug_str     0x0000000000001a9e       0x20 ../l6_pt4_app_bsp/\libhal_bsp.a(altera_nios2_gen2_irq.o)
                                        0x150 (size before relaxing)
 .debug_str     0x0000000000001abe       0x1e ../l6_pt4_app_bsp/\libhal_bsp.a(alt_find_dev.o)
                                        0x1ee (size before relaxing)
 .debug_str     0x0000000000001adc       0x18 ../l6_pt4_app_bsp/\libhal_bsp.a(alt_find_file.o)
                                        0x1fc (size before relaxing)
 .debug_str     0x0000000000001af4       0x25 ../l6_pt4_app_bsp/\libhal_bsp.a(alt_get_fd.o)
                                        0x210 (size before relaxing)
 .debug_str     0x0000000000001b19      0x116 c:/intelfpga/18.1/nios2eds/bin/gnu/h-x86_64-mingw32/bin/../lib/gcc/nios2-elf/5.3.0/../../../../../H-x86_64-mingw32/nios2-elf/lib/mno-hw-mul\libsmallc.a(lib_a-atexit.o)
                                        0x21c (size before relaxing)
 .debug_str     0x0000000000001c2f       0x4c c:/intelfpga/18.1/nios2eds/bin/gnu/h-x86_64-mingw32/bin/../lib/gcc/nios2-elf/5.3.0/../../../../../H-x86_64-mingw32/nios2-elf/lib/mno-hw-mul\libsmallc.a(lib_a-exit.o)
                                        0x1f0 (size before relaxing)
 .debug_str     0x0000000000001c7b       0x3d c:/intelfpga/18.1/nios2eds/bin/gnu/h-x86_64-mingw32/bin/../lib/gcc/nios2-elf/5.3.0/../../../../../H-x86_64-mingw32/nios2-elf/lib/mno-hw-mul\libsmallc.a(lib_a-memcmp.o)
                                        0x1df (size before relaxing)
 .debug_str     0x0000000000001cb8       0x46 c:/intelfpga/18.1/nios2eds/bin/gnu/h-x86_64-mingw32/bin/../lib/gcc/nios2-elf/5.3.0/../../../../../H-x86_64-mingw32/nios2-elf/lib/mno-hw-mul\libsmallc.a(lib_a-__atexit.o)
                                        0x4ff (size before relaxing)
 .debug_str     0x0000000000001cfe       0x65 c:/intelfpga/18.1/nios2eds/bin/gnu/h-x86_64-mingw32/bin/../lib/gcc/nios2-elf/5.3.0/../../../../../H-x86_64-mingw32/nios2-elf/lib/mno-hw-mul\libsmallc.a(lib_a-__call_atexit.o)
                                        0x4eb (size before relaxing)
 .debug_str     0x0000000000001d63       0x2a ../l6_pt4_app_bsp/\libhal_bsp.a(alt_exit.o)
                                        0x145 (size before relaxing)

.debug_loc      0x0000000000000000     0x2346
 *(.debug_loc)
 .debug_loc     0x0000000000000000       0xc6 c:/intelfpga/18.1/nios2eds/bin/gnu/h-x86_64-mingw32/bin/../lib/gcc/nios2-elf/5.3.0/../../../../../H-x86_64-mingw32/nios2-elf/lib/mno-hw-mul\libsmallc.a(lib_a-printf.o)
 .debug_loc     0x00000000000000c6       0x97 c:/intelfpga/18.1/nios2eds/bin/gnu/h-x86_64-mingw32/bin/../lib/gcc/nios2-elf/5.3.0/../../../../../H-x86_64-mingw32/nios2-elf/lib/mno-hw-mul\libsmallc.a(lib_a-puts.o)
 .debug_loc     0x000000000000015d       0x1e c:/intelfpga/18.1/nios2eds/bin/gnu/h-x86_64-mingw32/bin/../lib/gcc/nios2-elf/5.3.0/../../../../../H-x86_64-mingw32/nios2-elf/lib/mno-hw-mul\libsmallc.a(lib_a-strlen.o)
 .debug_loc     0x000000000000017b      0x954 c:/intelfpga/18.1/nios2eds/bin/gnu/h-x86_64-mingw32/bin/../lib/gcc/nios2-elf/5.3.0/../../../../../H-x86_64-mingw32/nios2-elf/lib/mno-hw-mul\libsmallc.a(lib_a-vfprintf.o)
 .debug_loc     0x0000000000000acf      0x110 c:/intelfpga/18.1/nios2eds/bin/gnu/h-x86_64-mingw32/bin/../lib/gcc/nios2-elf/5.3.0/../../../../../H-x86_64-mingw32/nios2-elf/lib/mno-hw-mul\libsmallc.a(lib_a-fvwrite_small_dev.o)
 .debug_loc     0x0000000000000bdf       0xa5 c:/intelfpga/18.1/nios2eds/bin/gnu/h-x86_64-mingw32/bin/../lib/gcc/nios2-elf/5.3.0/../../../../../H-x86_64-mingw32/nios2-elf/lib/mno-hw-mul\libsmallc.a(lib_a-writer.o)
 .debug_loc     0x0000000000000c84      0x4ce c:/intelfpga/18.1/nios2eds/bin/gnu/h-x86_64-mingw32/bin/../lib/gcc/nios2-elf/5.3.0/mno-hw-mul\libgcc.a(lib2-divmod.o)
 .debug_loc     0x0000000000001152       0x93 c:/intelfpga/18.1/nios2eds/bin/gnu/h-x86_64-mingw32/bin/../lib/gcc/nios2-elf/5.3.0/mno-hw-mul\libgcc.a(lib2-mul.o)
 .debug_loc     0x00000000000011e5      0x170 ../l6_pt4_app_bsp/\libhal_bsp.a(alt_iic.o)
 .debug_loc     0x0000000000001355      0x193 ../l6_pt4_app_bsp/\libhal_bsp.a(alt_iic_isr_register.o)
 .debug_loc     0x00000000000014e8       0x72 ../l6_pt4_app_bsp/\libhal_bsp.a(alt_irq_handler.o)
 .debug_loc     0x000000000000155a       0x1e ../l6_pt4_app_bsp/\libhal_bsp.a(alt_main.o)
 .debug_loc     0x0000000000001578       0xc3 ../l6_pt4_app_bsp/\libhal_bsp.a(alt_write.o)
 .debug_loc     0x000000000000163b       0x21 ../l6_pt4_app_bsp/\libhal_bsp.a(alt_sys_init.o)
 .debug_loc     0x000000000000165c      0x104 ../l6_pt4_app_bsp/\libhal_bsp.a(altera_avalon_jtag_uart_fd.o)
 .debug_loc     0x0000000000001760       0xcd ../l6_pt4_app_bsp/\libhal_bsp.a(altera_avalon_jtag_uart_read.o)
 .debug_loc     0x000000000000182d       0x8b ../l6_pt4_app_bsp/\libhal_bsp.a(altera_avalon_jtag_uart_write.o)
 .debug_loc     0x00000000000018b8       0x6b ../l6_pt4_app_bsp/\libhal_bsp.a(alt_close.o)
 .debug_loc     0x0000000000001923       0x7e ../l6_pt4_app_bsp/\libhal_bsp.a(alt_dev_llist_insert.o)
 .debug_loc     0x00000000000019a1       0x2b ../l6_pt4_app_bsp/\libhal_bsp.a(alt_do_ctors.o)
 .debug_loc     0x00000000000019cc       0x2b ../l6_pt4_app_bsp/\libhal_bsp.a(alt_do_dtors.o)
 .debug_loc     0x00000000000019f7       0x65 ../l6_pt4_app_bsp/\libhal_bsp.a(alt_instruction_exception_entry.o)
 .debug_loc     0x0000000000001a5c      0x14a ../l6_pt4_app_bsp/\libhal_bsp.a(alt_io_redirect.o)
 .debug_loc     0x0000000000001ba6      0x239 ../l6_pt4_app_bsp/\libhal_bsp.a(alt_open.o)
 .debug_loc     0x0000000000001ddf       0x2c ../l6_pt4_app_bsp/\libhal_bsp.a(alt_release_fd.o)
 .debug_loc     0x0000000000001e0b       0x7e ../l6_pt4_app_bsp/\libhal_bsp.a(alt_find_dev.o)
 .debug_loc     0x0000000000001e89       0x52 ../l6_pt4_app_bsp/\libhal_bsp.a(alt_find_file.o)
 .debug_loc     0x0000000000001edb       0x76 ../l6_pt4_app_bsp/\libhal_bsp.a(alt_get_fd.o)
 .debug_loc     0x0000000000001f51       0x2c c:/intelfpga/18.1/nios2eds/bin/gnu/h-x86_64-mingw32/bin/../lib/gcc/nios2-elf/5.3.0/../../../../../H-x86_64-mingw32/nios2-elf/lib/mno-hw-mul\libsmallc.a(lib_a-atexit.o)
 .debug_loc     0x0000000000001f7d       0x1e c:/intelfpga/18.1/nios2eds/bin/gnu/h-x86_64-mingw32/bin/../lib/gcc/nios2-elf/5.3.0/../../../../../H-x86_64-mingw32/nios2-elf/lib/mno-hw-mul\libsmallc.a(lib_a-exit.o)
 .debug_loc     0x0000000000001f9b       0x94 c:/intelfpga/18.1/nios2eds/bin/gnu/h-x86_64-mingw32/bin/../lib/gcc/nios2-elf/5.3.0/../../../../../H-x86_64-mingw32/nios2-elf/lib/mno-hw-mul\libsmallc.a(lib_a-memcmp.o)
 .debug_loc     0x000000000000202f      0x1c0 c:/intelfpga/18.1/nios2eds/bin/gnu/h-x86_64-mingw32/bin/../lib/gcc/nios2-elf/5.3.0/../../../../../H-x86_64-mingw32/nios2-elf/lib/mno-hw-mul\libsmallc.a(lib_a-__atexit.o)
 .debug_loc     0x00000000000021ef      0x157 c:/intelfpga/18.1/nios2eds/bin/gnu/h-x86_64-mingw32/bin/../lib/gcc/nios2-elf/5.3.0/../../../../../H-x86_64-mingw32/nios2-elf/lib/mno-hw-mul\libsmallc.a(lib_a-__call_atexit.o)

.debug_macinfo
 *(.debug_macinfo)

.debug_weaknames
 *(.debug_weaknames)

.debug_funcnames
 *(.debug_funcnames)

.debug_typenames
 *(.debug_typenames)

.debug_varnames
 *(.debug_varnames)

.debug_alt_sim_info
                0x0000000000000000       0x10
 *(.debug_alt_sim_info)
 .debug_alt_sim_info
                0x0000000000000000       0x10 ../l6_pt4_app_bsp//obj/HAL/src/crt0.o
                0x0000000000008000                __alt_data_end = 0x8000
                0x0000000000008000                PROVIDE (__alt_stack_pointer, __alt_data_end)
                [!provide]                        PROVIDE (__alt_stack_limit, __alt_stack_base)
                [!provide]                        PROVIDE (__alt_heap_start, end)
                [!provide]                        PROVIDE (__alt_heap_limit, 0x8000)
OUTPUT(l6_pt4_app.elf elf32-littlenios2)

.debug_ranges   0x0000000000000000      0x360
 .debug_ranges  0x0000000000000000       0x20 ../l6_pt4_app_bsp//obj/HAL/src/crt0.o
 .debug_ranges  0x0000000000000020       0x18 c:/intelfpga/18.1/nios2eds/bin/gnu/h-x86_64-mingw32/bin/../lib/gcc/nios2-elf/5.3.0/../../../../../H-x86_64-mingw32/nios2-elf/lib/mno-hw-mul\libsmallc.a(lib_a-printf.o)
 .debug_ranges  0x0000000000000038       0x18 c:/intelfpga/18.1/nios2eds/bin/gnu/h-x86_64-mingw32/bin/../lib/gcc/nios2-elf/5.3.0/../../../../../H-x86_64-mingw32/nios2-elf/lib/mno-hw-mul\libsmallc.a(lib_a-puts.o)
 .debug_ranges  0x0000000000000050       0x10 c:/intelfpga/18.1/nios2eds/bin/gnu/h-x86_64-mingw32/bin/../lib/gcc/nios2-elf/5.3.0/../../../../../H-x86_64-mingw32/nios2-elf/lib/mno-hw-mul\libsmallc.a(lib_a-strlen.o)
 .debug_ranges  0x0000000000000060       0xc8 c:/intelfpga/18.1/nios2eds/bin/gnu/h-x86_64-mingw32/bin/../lib/gcc/nios2-elf/5.3.0/../../../../../H-x86_64-mingw32/nios2-elf/lib/mno-hw-mul\libsmallc.a(lib_a-vfprintf.o)
 .debug_ranges  0x0000000000000128       0x28 c:/intelfpga/18.1/nios2eds/bin/gnu/h-x86_64-mingw32/bin/../lib/gcc/nios2-elf/5.3.0/../../../../../H-x86_64-mingw32/nios2-elf/lib/mno-hw-mul\libsmallc.a(lib_a-fvwrite_small_dev.o)
 .debug_ranges  0x0000000000000150       0x10 c:/intelfpga/18.1/nios2eds/bin/gnu/h-x86_64-mingw32/bin/../lib/gcc/nios2-elf/5.3.0/../../../../../H-x86_64-mingw32/nios2-elf/lib/mno-hw-mul\libsmallc.a(lib_a-writer.o)
 .debug_ranges  0x0000000000000160       0x60 c:/intelfpga/18.1/nios2eds/bin/gnu/h-x86_64-mingw32/bin/../lib/gcc/nios2-elf/5.3.0/mno-hw-mul\libgcc.a(lib2-divmod.o)
 .debug_ranges  0x00000000000001c0       0x28 ../l6_pt4_app_bsp/\libhal_bsp.a(alt_irq_entry.o)
 .debug_ranges  0x00000000000001e8       0x10 ../l6_pt4_app_bsp/\libhal_bsp.a(alt_irq_handler.o)
 .debug_ranges  0x00000000000001f8       0x48 ../l6_pt4_app_bsp/\libhal_bsp.a(alt_load.o)
 .debug_ranges  0x0000000000000240       0x18 ../l6_pt4_app_bsp/\libhal_bsp.a(alt_sys_init.o)
 .debug_ranges  0x0000000000000258       0x20 ../l6_pt4_app_bsp/\libhal_bsp.a(altera_avalon_jtag_uart_read.o)
 .debug_ranges  0x0000000000000278       0x20 ../l6_pt4_app_bsp/\libhal_bsp.a(alt_dev_llist_insert.o)
 .debug_ranges  0x0000000000000298       0x30 ../l6_pt4_app_bsp/\libhal_bsp.a(alt_exception_entry.o)
 .debug_ranges  0x00000000000002c8       0x18 ../l6_pt4_app_bsp/\libhal_bsp.a(alt_instruction_exception_entry.o)
 .debug_ranges  0x00000000000002e0       0x18 ../l6_pt4_app_bsp/\libhal_bsp.a(alt_open.o)
 .debug_ranges  0x00000000000002f8       0x10 c:/intelfpga/18.1/nios2eds/bin/gnu/h-x86_64-mingw32/bin/../lib/gcc/nios2-elf/5.3.0/../../../../../H-x86_64-mingw32/nios2-elf/lib/mno-hw-mul\libsmallc.a(lib_a-atexit.o)
 .debug_ranges  0x0000000000000308       0x10 c:/intelfpga/18.1/nios2eds/bin/gnu/h-x86_64-mingw32/bin/../lib/gcc/nios2-elf/5.3.0/../../../../../H-x86_64-mingw32/nios2-elf/lib/mno-hw-mul\libsmallc.a(lib_a-exit.o)