------------------------------------------------------------
Timing Analyzer Summary
------------------------------------------------------------

Type  : Slow 1100mV 85C Model Setup 'clk'
Slack : -0.574
TNS   : -10.241

Type  : Slow 1100mV 85C Model Hold 'clk'
Slack : 0.308
TNS   : 0.000

Type  : Slow 1100mV 85C Model Minimum Pulse Width 'clk'
Slack : -2.225
TNS   : -172.462

Type  : Slow 1100mV 0C Model Setup 'clk'
Slack : -0.540
TNS   : -9.172

Type  : Slow 1100mV 0C Model Hold 'clk'
Slack : 0.290
TNS   : 0.000

Type  : Slow 1100mV 0C Model Minimum Pulse Width 'clk'
Slack : -2.225
TNS   : -182.430

Type  : Fast 1100mV 85C Model Setup 'clk'
Slack : 0.010
TNS   : 0.000

Type  : Fast 1100mV 85C Model Hold 'clk'
Slack : 0.182
TNS   : 0.000

Type  : Fast 1100mV 85C Model Minimum Pulse Width 'clk'
Slack : -1.702
TNS   : -52.889

Type  : Fast 1100mV 0C Model Setup 'clk'
Slack : 0.082
TNS   : 0.000

Type  : Fast 1100mV 0C Model Hold 'clk'
Slack : 0.166
TNS   : 0.000

Type  : Fast 1100mV 0C Model Minimum Pulse Width 'clk'
Slack : -1.702
TNS   : -53.241

------------------------------------------------------------
